procs -----------memory---------- ---swap-- -----io---- -system-- -------cpu------- -----timestamp-----
 r  b   swpd   free   buff  cache   si   so    bi    bo   in   cs us sy id wa st gu                 UTC
 0  1      0 7400236  15160 293812    0    0 14136   293 1926   16 11 14 69  5  0  0 2026-10-04 14:15:21
 0  0      0 7173024  15196 330180    0    0  3541     0 1936 2401  4  1 93  2  0  0 2026-10-04 14:15:31
 0  0      0 7160400  15196 330304    0    0     0   379 2242 3193  2  1 97  0  0  0 2026-10-04 14:15:41
 0  0      0 7151460  15208 330580    0    0    12    72 2989 4351  1  1 98  0  0  0 2026-10-04 14:15:51
 0  0      0 7118260  15208 330724    0    0     0     2 3669 5383  2  1 98  0  0  0 2026-10-04 14:16:01
 0  0      0 7090064  15208 330892    0    0     0   116 4372 6368  3  1 96  0  0  0 2026-10-04 14:16:11
 0  0      0 7080308  15220 331036    0    0     0    30 4975 7346  2  1 96  0  0  0 2026-10-04 14:16:21
 0  0      0 7041752  15220 331080    0    0     0     0 4877 7197  3  1 96  0  0  0 2026-10-04 14:16:31
 0  0      0 7041752  15220 331080    0    0     0     0 4890 7268  2  1 97  0  0  0 2026-10-04 14:16:41
 0  0      0 7035452  15228 331080    0    0     0    80 4886 7251  2  1 97  0  0  0 2026-10-04 14:16:51
 3  0      0 7019072  15228 331080    0    0     0     0 4725 6934  3  1 96  0  0  0 2026-10-04 14:17:01
 2  0      0 7018072  15232 331128    0    0     5     0 4819 7144  2  1 97  0  0  0 2026-10-04 14:17:11
 0  0      0 7018072  15232 331128    0    0     0     0 4792 7050  3  1 96  0  0  0 2026-10-04 14:17:21
 0  0      0 7018072  15240 331128    0    0     0     4 4760 7081  2  1 97  0  0  0 2026-10-04 14:17:31
 0  0      0 7018072  15240 331128    0    0     0   245 4886 7265  2  1 97  0  0  0 2026-10-04 14:17:41
 0  0      0 6993124  15240 331128    0    0     0     0 4931 7337  2  1 97  0  0  0 2026-10-04 14:17:51
 0  0      0 6968680  15248 331128    0    0     0     5 4784 7028  3  1 96  0  0  0 2026-10-04 14:18:01
 0  0      0 6968680  15248 331128    0    0     0     0 4784 7099  2  1 97  0  0  0 2026-10-04 14:18:11
 0  0      0 6968176  15248 331128    0    0     0     0 4849 7199  2  1 97  0  0  0 2026-10-04 14:18:21
 0  0      0 6968176  15248 331128    0    0     0     0 4893 7290  2  1 97  0  0  0 2026-10-04 14:18:31
 3  0      0 6962156  15256 331128    0    0     0     3 4875 7187  4  1 95  0  0  0 2026-10-04 14:18:41
procs -----------memory---------- ---swap-- -----io---- -system-- -------cpu------- -----timestamp-----
 r  b   swpd   free   buff  cache   si   so    bi    bo   in   cs us sy id wa st gu                 UTC
 0  0      0 6962156  15256 331128    0    0     0    78 4851 7217  2  1 97  0  0  0 2026-10-04 14:18:51
 0  0      0 6962156  15256 331128    0    0     0     0 4912 7288  2  1 97  0  0  0 2026-10-04 14:19:01
 0  0      0 6962156  15264 331128    0    0     0     3 4781 7037  4  1 95  0  0  0 2026-10-04 14:19:11
 0  0      0 6961160  15264 331128    0    0     0     0 4980 7431  2  1 97  0  0  0 2026-10-04 14:19:21
 0  0      0 6961160  15264 331128    0    0     0     0 4889 7350  2  1 98  0  0  0 2026-10-04 14:19:31
 0  0      0 6961160  15264 331128    0    0     0     0 3167 4656  1  1 98  0  0  0 2026-10-04 14:19:41
 0  0      0 6961160  15272 331128    0    0     0    81 1022 1215  0  0 99  0  0  0 2026-10-04 14:19:51
 0  0      0 7386344  15272 330992    0    0    32     0  153  119  0  0 100  0  0  0 2026-10-04 14:20:01
 0  0      0 7386444  15288 330996    0    0     0   160   60   64  0  0 100  0  0  0 2026-10-04 14:20:11
 0  0      0 7385932  15472 331412    0    0    53     5  102  108  0  0 99  0  0  0 2026-10-04 14:20:21
 0  0      0 6465460  15472 331540    0    0     0     2 5007 5340 18  3 79  0  0  0 2026-10-04 14:20:31
 0  0      0 6352552  15472 332356    0    0     0   208 6995 10187  3  2 95  0  0  0 2026-10-04 14:20:41
 0  0      0 6218764  15480 333192    0    0     0    10 9049 12839 10  2 88  0  0  0 2026-10-04 14:20:51
 0  0      0 6173692  15480 334044    0    0     0     0 11054 16090  6  2 92  0  0  0 2026-10-04 14:21:01
 3  0      0 5995316  15480 334928    0    0     0     0 12895 18885  7  3 91  0  0  0 2026-10-04 14:21:11
 0  0      0 5846624  15492 335792    0    0     0   100 13515 19025 14  3 83  0  0  0 2026-10-04 14:21:21
 0  0      0 5843460  15492 336028    0    0     0     0 14066 20625  8  3 90  0  0  0 2026-10-04 14:21:31
 0  0      0 5651676  15492 336028    0    0     0     0 13834 20320  7  3 91  0  0  0 2026-10-04 14:21:41
 0  0      0 5610600  15500 336028    0    0     0     4 13052 18589 15  2 83  0  0  0 2026-10-04 14:21:51
 0  0      0 5610600  15500 336028    0    0     0     0 13650 20020  7  2 91  0  0  0 2026-10-04 14:22:01
 0  0      0 5543572  15500 336028    0    0     0     0 13109 18566 15  2 83  0  0  0 2026-10-04 14:22:11
procs -----------memory---------- ---swap-- -----io---- -system-- -------cpu------- -----timestamp-----
 r  b   swpd   free   buff  cache   si   so    bi    bo   in   cs us sy id wa st gu                 UTC
 4  0      0 5542064  15500 336028    0    0     0     1 14031 20796  7  2 90  0  0  0 2026-10-04 14:22:21
 1  0      0 5542064  15508 336028    0    0     0     3 13786 20293  7  2 91  0  0  0 2026-10-04 14:22:31
 0  0      0 5542064  15508 336028    0    0     0     0 12648 17897 15  2 83  0  0  0 2026-10-04 14:22:41
 0  0      0 5542064  15508 336028    0    0     0    78 13656 20046  7  2 91  0  0  0 2026-10-04 14:22:51
 0  0      0 5542064  15508 336028    0    0     0     2 13478 19629  7  2 91  0  0  0 2026-10-04 14:23:01
 0  0      0 5423372  15516 336028    0    0     0     1 13846 20346  7  2 90  0  0  0 2026-10-04 14:23:11
 0  0      0 5332664  15516 336032    0    0     0     0 12881 18155 15  2 83  0  0  0 2026-10-04 14:23:21
 0  0      0 5330900  15516 336032    0    0     0     0 13366 19488  7  2 91  0  0  0 2026-10-04 14:23:31
 0  0      0 5330900  15516 336032    0    0     0     0 13220 19180  7  2 90  0  0  0 2026-10-04 14:23:41
 2  0      0 5330900  15524 336040    0    0     0    81 12934 18470 11  2 87  0  0  0 2026-10-04 14:23:51
 0  0      0 5327120  15524 336040    0    0     0     0 12773 18070 12  2 86  0  0  0 2026-10-04 14:24:01
 0  0      0 5327120  15524 336040    0    0     0     0 13259 19154  7  2 90  0  0  0 2026-10-04 14:24:11
 0  0      0 5284664  17928 365276    0    0  3149    12 13498 19879  8  3 87  2  0  0 2026-10-04 14:24:21
 0  0      0 5282900  17928 365276    0    0     0     0 11896 16542 15  2 83  0  0  0 2026-10-04 14:24:31
 0  0      0 5282900  17928 365276    0    0     0     0 8738 12242  5  1 94  0  0  0 2026-10-04 14:24:41
 0  0      0 5282900  17928 365276    0    0     0   309 3523 4296  1  0 98  0  0  0 2026-10-04 14:24:51
 0  0      0 7333724  17936 360824    0    0     0     2  813  687  1  1 99  0  0  0 2026-10-04 14:25:01
 0  0      0 7333744  17936 360828    0    0     0     0   66   58  0  0 100  0  0  0 2026-10-04 14:25:11
 0  0      0 7333744  17972 360852    0    0     1   150   74   70  0  0 100  0  0  0 2026-10-04 14:25:21
 3  0      0 5973516  17972 360912    0    0     4     4 4522 3829 25  3 71  0  0  0 2026-10-04 14:25:31
 0  0      0 5812880  17972 362016    0    0     0    72 8589 12547  4  2 94  0  0  0 2026-10-04 14:25:41
procs -----------memory---------- ---swap-- -----io---- -system-- -------cpu------- -----timestamp-----
 r  b   swpd   free   buff  cache   si   so    bi    bo   in   cs us sy id wa st gu                 UTC
 0  0      0 5726164  17984 363300    0    0     0     7 10898 15330 13  2 84  0  0  0 2026-10-04 14:25:51
 0  0      0 5565088  17984 364580    0    0     0     0 13496 19378  8  3 89  0  0  0 2026-10-04 14:26:01
 0  0      0 5253580  17984 365880    0    0     0     0 15739 22629  9  4 87  0  0  0 2026-10-04 14:26:11
 0  0      0 5139652  17984 367176    0    0     0     4 16083 21766 21  3 76  0  0  0 2026-10-04 14:26:21
 0  0      0 5032696  17992 367920    0    0     0     3 17803 25347 11  4 86  0  0  0 2026-10-04 14:26:31
 0  0      0 4719724  17992 367920    0    0     0     0 15427 20524 23  4 74  0  0  0 2026-10-04 14:26:41
 1  0      0 4719724  17992 367920    0    0     0    78 16874 24180 10  3 87  0  0  0 2026-10-04 14:26:51
 0  0      0 4719724  17992 367924    0    0     0     2 17123 24469 10  3 87  0  0  0 2026-10-04 14:27:01
 0  0      0 4544340  18000 367924    0    0     0     1 15599 20951 22  3 75  0  0  0 2026-10-04 14:27:11
 0  0      0 4544340  18000 367924    0    0     0     1 16941 24235 10  3 87  0  0  0 2026-10-04 14:27:21
 0  0      0 4543836  18000 367924    0    0     0     0 17087 24499 10  3 87  0  0  0 2026-10-04 14:27:31
 0  0      0 4542828  18000 367924    0    0     0     0 15397 20905 23  3 75  0  0  0 2026-10-04 14:27:41
 1  0      0 4542828  18008 367924    0    0     0    82 16954 24286 10  3 87  0  0  0 2026-10-04 14:27:51
 2  0      0 4542828  18008 367924    0    0     0     0 16796 23732 10  3 87  0  0  0 2026-10-04 14:28:01
 2  0      0 4345264  18008 367924    0    0     0     0 16865 23838 11  4 86  0  0  0 2026-10-04 14:28:11
 1  0      0 4241692  18008 367924    0    0     0     2 15276 20402 24  3 73  0  0  0 2026-10-04 14:28:21
 1  0      0 4240936  18016 367924    0    0     0     3 17160 24671 11  3 86  0  0  0 2026-10-04 14:28:31
 0  0      0 4240936  18016 367936    0    0     0     0 17095 24548 10  3 87  0  0  0 2026-10-04 14:28:41
 0  0      0 4231612  18016 367936    0    0     0    78 15310 20668 23  3 74  0  0  0 2026-10-04 14:28:51
 0  0      0 4231612  18016 367936    0    0     0     1 16992 24305 10  3 87  0  0  0 2026-10-04 14:29:01
 1  0      0 4231612  18024 367936    0    0     0     2 16900 24019 10  3 87  0  0  0 2026-10-04 14:29:11
procs -----------memory---------- ---swap-- -----io---- -system-- -------cpu------- -----timestamp-----
 r  b   swpd   free   buff  cache   si   so    bi    bo   in   cs us sy id wa st gu                 UTC
 1  0      0 4231848  18024 367944    0    0     1     0 16947 24269 10  3 87  0  0  0 2026-10-04 14:29:21
 0  0      0 4231848  18024 367944    0    0     0     0 14505 19230 23  2 74  0  0  0 2026-10-04 14:29:31
 0  0      0 4231848  18024 367944    0    0     0     0 11914 16412  7  2 91  0  0  0 2026-10-04 14:29:41
 2  0      0 4231848  18036 367944    0    0     0   111 5896 7682  3  1 96  0  0  0 2026-10-04 14:29:51
 0  0      0 7336276  18036 361080    0    0     0     0 2058 1951  1  1 98  0  0  0 2026-10-04 14:30:01
 0  0      0 7336276  18036 361076    0    0     0     0   56   55  0  0 100  0  0  0 2026-10-04 14:30:11
 0  0      0 7336276  18068 361076    0    0     2   208   73   70  0  0 100  0  0  0 2026-10-04 14:30:21
 2  0      0 5519608  18068 361388    0    0    31     2 2789  426 34  4 62  0  0  0 2026-10-04 14:30:31
 0  0      0 5439448  18068 362284    0    0     0     2 9104 12984  8  2 90  0  0  0 2026-10-04 14:30:41
 0  0      0 5288576  18076 364016    0    0     0     6 12686 18412  6  3 91  0  0  0 2026-10-04 14:30:51
 0  0      0 5004536  18076 365728    0    0     0     0 15282 21918  8  3 88  0  0  0 2026-10-04 14:31:01
 0  0      0 4653040  18076 367460    0    0     0     0 15953 20963 25  4 71  0  0  0 2026-10-04 14:31:11
 1  0      0 4613996  18084 369172    0    0     0     6 19574 27472 13  4 82  0  0  0 2026-10-04 14:31:21
 1  0      0 4138028  18084 370800    0    0     0     0 20856 28582 15  5 80  0  0  0 2026-10-04 14:31:31
 0  0      0 3921064  18084 370816    0    0     0     0 16922 20880 30  4 66  0  0  0 2026-10-04 14:31:41
 0  0      0 3916276  18092 370816    0    0     0    80 18451 24771 13  4 83  0  0  0 2026-10-04 14:31:51
 0  0      0 3726788  18092 370816    0    0     0     0 18137 24111 13  4 83  0  0  0 2026-10-04 14:32:01
 3  0      0 3526956  18092 370816    0    0     0     0 16348 19891 31  3 65  0  0  0 2026-10-04 14:32:11
 2  0      0 3526956  18092 370816    0    0     0     0 18387 24962 13  3 83  0  0  0 2026-10-04 14:32:21
 0  0      0 3525192  18100 370816    0    0     0     3 18321 24865 13  3 83  0  0  0 2026-10-04 14:32:31
 1  0      0 3508812  18100 370816    0    0     0     0 16152 20057 32  3 65  0  0  0 2026-10-04 14:32:41
procs -----------memory---------- ---swap-- -----io---- -system-- -------cpu------- -----timestamp-----
 r  b   swpd   free   buff  cache   si   so    bi    bo   in   cs us sy id wa st gu                 UTC
 0  0      0 3508588  18100 370816    0    0     0    78 18796 25384 13  4 83  0  0  0 2026-10-04 14:32:51
 0  0      0 3508588  18100 370820    0    0     0     2 18774 25366 13  3 83  0  0  0 2026-10-04 14:33:01
 0  0      0 3403252  18108 370820    0    0     0     1 17187 21698 31  4 66  0  0  0 2026-10-04 14:33:11
 3  0      0 3403252  18108 370820    0    0     0     1 19365 26864 14  3 83  0  0  0 2026-10-04 14:33:21
 0  0      0 3403252  18108 370820    0    0     0     0 17768 23675 13  3 84  0  0  0 2026-10-04 14:33:31
 2  0      0 3294720  18108 370820    0    0     0     0 18216 24522 14  4 82  0  0  0 2026-10-04 14:33:41
 0  0      0 3187308  18116 370820    0    0     0    82 16538 20353 31  3 65  0  0  0 2026-10-04 14:33:51
 0  0      0 3187308  18116 370820    0    0     0     0 18521 25045 13  3 83  0  0  0 2026-10-04 14:34:01
 0  0      0 3187308  18116 370820    0    0     0     0 19843 27622 13  4 83  0  0  0 2026-10-04 14:34:11
 1  0      0 3186804  18116 370820    0    0     0     2 17094 21903 31  3 66  0  0  0 2026-10-04 14:34:21
 0  0      0 3186804  18124 370820    0    0     0     3 19517 27159 14  4 83  0  0  0 2026-10-04 14:34:31
 0  0      0 3185544  18124 370832    0    0     0     0 16057 21550 11  3 86  0  0  0 2026-10-04 14:34:41
 0  0      0 3185544  18124 370832    0    0     0    78 8444 10581  6  1 93  0  0  0 2026-10-04 14:34:51
 0  0      0 7327864  18124 361452    0    0     0     2 4095 4211  2  2 96  0  0  0 2026-10-04 14:35:01
 0  0      0 7328620  18132 361452    0    0     0     3   65   54  0  0 100  0  0  0 2026-10-04 14:35:11
 0  0      0 7328620  18132 361452    0    0     0     0   62   60  0  0 100  0  0  0 2026-10-04 14:35:21
 2  0      0 7313056  18132 361452    0    0     0     0  127  129  0  0 100  0  0  0 2026-10-04 14:35:31
 3  0      0 4961696  18140 361804    0    0     0   166 8334 6731 49  6 45  0  0  0 2026-10-04 14:35:41
 0  0      0 4805148  18140 363764    0    0     0     0 12701 18372  6  3 91  0  0  0 2026-10-04 14:35:51
 0  0      0 4512340  18140 365896    0    0     0     0 16170 22961  9  4 87  0  0  0 2026-10-04 14:36:01
 0  0      0 4052688  18148 368072    0    0     0     6 18883 26412 11  4 84  0  0  0 2026-10-04 14:36:11
procs -----------memory---------- ---swap-- -----io---- -system-- -------cpu------- -----timestamp-----
 r  b   swpd   free   buff  cache   si   so    bi    bo   in   cs us sy id wa st gu                 UTC
 3  0      0 3717152  18164 370204    0    0     0     4 17685 21363 33  5 62  0  0  0 2026-10-04 14:36:21
 0  0      0 3637192  18164 372348    0    0     0     0 21863 29189 17  5 78  0  0  0 2026-10-04 14:36:31
 0  0      0 3087160  18164 373424    0    0     0     3 23100 30432 17  6 77  0  0  0 2026-10-04 14:36:41
 3  0      0 2903008  18172 373424    0    0     0    80 18983 22053 39  4 56  0  0  0 2026-10-04 14:36:51
 0  0      0 2902756  18172 373424    0    0     0     0 22526 30639 16  4 80  0  0  0 2026-10-04 14:37:01
 0  0      0 2664384  18172 373424    0    0     0     0 22636 30934 16  4 80  0  0  0 2026-10-04 14:37:11
 2  0      0 2409364  18172 373424    0    0     0     0 17700 20078 39  4 57  0  0  0 2026-10-04 14:37:21
 2  0      0 2409364  18180 373424    0    0     0     3 22581 30860 16  4 80  0  0  0 2026-10-04 14:37:31
 0  0      0 2407600  18180 373424    0    0     0     0 20765 27525 16  4 80  0  0  0 2026-10-04 14:37:41
 0  0      0 2401048  18180 373424    0    0     0    78 17237 19593 39  4 57  0  0  0 2026-10-04 14:37:51
 2  0      0 2400824  18180 373424    0    0     0     2 20944 27734 17  4 79  0  0  0 2026-10-04 14:38:01
 0  0      0 2400824  18188 373424    0    0     0     1 21040 27825 16  4 80  0  0  0 2026-10-04 14:38:11
 1  0      0 2399312  18188 373428    0    0     0     0 16696 18900 40  3 57  0  0  0 2026-10-04 14:38:21
 0  0      0 2399312  18188 373428    0    0     0     0 19931 25935 17  4 79  0  0  0 2026-10-04 14:38:31
 1  0      0 2398064  18196 373440    0    0     0     3 20816 27484 16  4 80  0  0  0 2026-10-04 14:38:41
 2  0      0 2198816  18196 373444    0    0     0    78 19044 22978 29  4 67  0  0  0 2026-10-04 14:38:51
 1  0      0 2130964  18196 373444    0    0     0     0 19072 23376 28  4 68  0  0  0 2026-10-04 14:39:01
 1  0      0 2130964  18204 373444    0    0     0     4 22131 29912 17  4 79  0  0  0 2026-10-04 14:39:11
 1  0      0 2130964  18204 373444    0    0     0     1 22199 30106 16  4 79  0  0  0 2026-10-04 14:39:21
 2  0      0 2073508  18204 373444    0    0     0     0 18077 21346 39  4 57  0  0  0 2026-10-04 14:39:31
 1  0      0 2072500  18204 373444    0    0     0     0 19163 24840 17  4 80  0  0  0 2026-10-04 14:39:41
procs -----------memory---------- ---swap-- -----io---- -system-- -------cpu------- -----timestamp-----
 r  b   swpd   free   buff  cache   si   so    bi    bo   in   cs us sy id wa st gu                 UTC
 2  0      0 2072500  18212 373448    0    0     0    82 12719 15528 11  2 87  0  0  0 2026-10-04 14:39:51
 0  0      0 2072500  18212 373448    0    0     0     0 6080 7243  4  1 95  0  0  0 2026-10-04 14:40:01
 0  0      0 7320204  18212 361392    0    0     0     0 2271 2134  2  2 97  0  0  0 2026-10-04 14:40:11
 0  0      0 7320204  18212 361396    0    0     0     1   56   51  0  0 100  0  0  0 2026-10-04 14:40:21
 0  0      0 7320204  18220 361396    0    0     0     4   50   47  0  0 100  0  0  0 2026-10-04 14:40:31
 2  0      0 5097936  18220 361396    0    0     0   157 3496  513 41  5 54  0  0  0 2026-10-04 14:40:41
 0  0      0 4482448  18220 362720    0    0     0     1 10973 14087 19  3 77  0  0  0 2026-10-04 14:40:51
 0  0      0 4174952  18220 365296    0    0     0     2 15296 21752  8  4 88  0  0  0 2026-10-04 14:41:01
 0  0      0 3703564  18228 367872    0    0     0     4 18805 26238 11  4 85  0  0  0 2026-10-04 14:41:11
 0  0      0 3121684  18228 370440    0    0     0     0 18149 21239 36  5 59  0  0  0 2026-10-04 14:41:21
 3  0      0 3088040  18228 373064    0    0     0     0 22953 30421 18  5 78  0  0  0 2026-10-04 14:41:31
 0  0      0 2560400  18228 375612    0    0     0     2 26319 34239 20  6 74  0  0  0 2026-10-04 14:41:41
 0  0      0 2012704  18236 376028    0    0     0    81 20892 21323 47  6 47  0  0  0 2026-10-04 14:41:51
 0  0      0 2012480  18236 376028    0    0     0     0 25589 33733 20  5 75  0  0  0 2026-10-04 14:42:01
 1  0      0 1975720  18236 376028    0    0     0     0 25993 34122 19  5 76  0  0  0 2026-10-04 14:42:11
 2  0      0 1271772  18244 376028    0    0     0     4 20350 21477 47  6 46  0  0  0 2026-10-04 14:42:21
 0  0      0 1270208  18244 376028    0    0     0     0 24985 33020 20  5 75  0  0  0 2026-10-04 14:42:31
 1  0      0 1268724  18244 376028    0    0     0     0 25427 33538 20  5 75  0  0  0 2026-10-04 14:42:41
 2  0      0 1268500  18252 376028    0    0     0    81 24145 30234 26  5 69  0  0  0 2026-10-04 14:42:51
 3  0      0 1221408  18252 376028    0    0     0     0 20876 23549 43  5 52  0  0  0 2026-10-04 14:43:01
 1  0      0 1221408  18252 376028    0    0     0     0 25755 34195 20  5 75  0  0  0 2026-10-04 14:43:11
procs -----------memory---------- ---swap-- -----io---- -system-- -------cpu------- -----timestamp-----
 r  b   swpd   free   buff  cache   si   so    bi    bo   in   cs us sy id wa st gu                 UTC
 0  1      0 1221184  18256 376036    0    0     0     3 24906 33016 20  5 76  0  0  0 2026-10-04 14:43:21
 0  0      0 1195984  18260 376040    0    0     0     0 19530 21502 49  4 47  0  0  0 2026-10-04 14:43:31
 1  0      0 1195760  18260 376056    0    0     0     0 25389 33536 20  5 75  0  0  0 2026-10-04 14:43:41
 0  0      0 1195312  18260 376056    0    0     0    72 25096 32385 20  5 75  0  0  0 2026-10-04 14:43:51
 2  0      0 1195088  18268 376056    0    0     0     4 18977 20122 50  4 46  0  0  0 2026-10-04 14:44:01
 2  0      0 1187276  18268 376056    0    0     0     0 25813 33876 21  5 74  0  0  0 2026-10-04 14:44:11
 0  0      0 1187052  18268 376056    0    0     0     0 25001 32761 20  5 75  0  0  0 2026-10-04 14:44:21
 2  0      0 1186828  18268 376060    0    0     0     0 20078 22633 46  4 50  0  0  0 2026-10-04 14:44:31
 0  0      0 1186604  18276 376060    0    0     0     4 25059 32422 23  4 73  0  0  0 2026-10-04 14:44:41
 0  0      0 1170728  18276 376060    0    0     0    78 22462 28956 18  4 78  0  0  0 2026-10-04 14:44:51
 0  0      0 1170728  18276 376060    0    0     0     0 12140 15114 11  3 87  0  0  0 2026-10-04 14:45:01
 0  0      0 1170728  18284 376060    0    0     0     5 4996 5869  3  1 96  0  0  0 2026-10-04 14:45:11
 0  0      0 7305428  18284 363868    0    0     0     0 1396  770  2  2 96  0  0  0 2026-10-04 14:45:21
 0  0      0 7305428  18284 363868    0    0     0     0   54   56  0  0 100  0  0  0 2026-10-04 14:45:31
 0  0      0 7305428  18292 363860    0    0     0   199   74   73  0  0 100  0  0  0 2026-10-04 14:45:41
 0  0      0 4117440  18292 363932    0    0     6     2 5334  821 70  7 23  0  0  0 2026-10-04 14:45:51
 1  0      0 3972172  18292 364524    0    0     0     0 13729 19326  8  3 89  0  0  0 2026-10-04 14:46:01
 1  0      0 3692308  18300 367164    0    0     0     5 18092 25125 11  5 84  0  0  0 2026-10-04 14:46:11
 1  0      0 3149584  18316 370192    0    0     0    75 21117 28787 14  6 80  0  0  0 2026-10-04 14:46:21
 0  0      0 2425976  18316 373200    0    0     0     0 19276 20479 46  6 48  0  0  0 2026-10-04 14:46:31
 1  0      0 2388512  18316 376224    0    0     0     0 27180 34535 23  6 71  0  0  0 2026-10-04 14:46:41
procs -----------memory---------- ---swap-- -----io---- -system-- -------cpu------- -----timestamp-----
 r  b   swpd   free   buff  cache   si   so    bi    bo   in   cs us sy id wa st gu                 UTC
 2  0      0 1605680  18324 376340    0    0     0     5 32304 37049 27 10 63  0  0  0 2026-10-04 14:46:51
 0  0      0 815984  18324 377388    0    0     0     0 24437 18372 60  9 31  0  0  0 2026-10-04 14:47:01
 0  0      0 815760  18324 377388    0    0     0     0 32864 37817 27  8 64  0  0  0 2026-10-04 14:47:11
 3  0      0 810272  18332 377388    0    0     0     4 31691 37267 27  9 64  0  0  0 2026-10-04 14:47:21
 3  0      0 208628    268 163508    0    0   437     0 24485 19189 59 11 30  0  0  0 2026-10-04 14:47:31
 3  0      0 206892    216 153144    0    0   220     0 31837 36113 29  9 62  0  0  0 2026-10-04 14:47:41
 0  0      0 187772    224 168708    0    0   945    80 32722 37425 27 10 62  0  0  0 2026-10-04 14:47:51
 2  0      0 181688    224 163152    0    0     0     0 27036 26025 49  8 43  0  0  0 2026-10-04 14:48:01
 2  0      0 184588    216 152076    0    0    57     0 29861 31189 40  8 52  0  0  0 2026-10-04 14:48:11
 1  0      0 174300    224 154260    0    0   206     0 32174 36737 27  9 64  0  0  0 2026-10-04 14:48:21
 2  0      0 173320    232 154260    0    0     0     3 30000 32754 35  7 57  0  0  0 2026-10-04 14:48:31
 0  0      0 185416    196 135976    0    0   477     0 26174 22988 54  9 37  0  0  0 2026-10-04 14:48:41
 3  0      0 193164    192 122164    0    0    28    66 31967 36469 27  9 64  0  0  0 2026-10-04 14:48:51
 0  0      0 192688    192 122420    0    0    26     1 32254 36791 27  8 65  0  0  0 2026-10-04 14:49:01
 3  0      0 179864    200 122420    0    0     0     2 23819 18088 62  8 30  0  0  0 2026-10-04 14:49:11
 0  0      0 179640    208 122468    0    0     6     0 30659 35379 27  8 65  0  0  0 2026-10-04 14:49:21
 0  0      0 164888    184 108636    0    0    82     0 32004 36607 27  9 64  0  0  0 2026-10-04 14:49:31
 1  0      0 156228    168  83400    0    0    32     0 23064 16832 64  8 28  0  0  0 2026-10-04 14:49:41
 0  0      0 136228    224  96964    0    0  1173    68 31307 35854 27 10 63  0  0  0 2026-10-04 14:49:51
 1  0      0 136004    224  97984    0    0   102     0 25330 30333 21  6 73  0  0  0 2026-10-04 14:50:01
 0  0      0 152720    292  96972    0    0   794    80 9487 11147  8  2 89  0  0  0 2026-10-04 14:50:11
procs -----------memory---------- ---swap-- -----io---- -system-- -------cpu------- -----timestamp-----
 r  b   swpd   free   buff  cache   si   so    bi    bo   in   cs us sy id wa st gu                 UTC
 0  1      0 7591456    588 107604    0    0  4208     7 4422 4502  4  5 89  2  0  0 2026-10-04 14:50:21
 0  0      0 7591948    588 107612    0    0     0     0   48   49  0  0 100  0  0  0 2026-10-04 14:50:31
 0  0      0 7591948    588 107612    0    0     0     0   49   50  0  0 100  0  0  0 2026-10-04 14:50:41
