procs -----------memory---------- ---swap-- -----io---- -system-- -------cpu------- -----timestamp-----
 r  b   swpd   free   buff  cache   si   so    bi    bo   in   cs us sy id wa st gu                 UTC
 1  1      0 327428  44516 1181272    0    0  1454  9157 1119    7 12  3 83  2  0  0 2026-10-04 08:40:12
 0  0      0 328632  44652 1184180    0    0   272     6 1142  895  3  1 96  0  0  0 2026-10-04 08:40:22
 2  0      0 313820  44676 1184496    0    0     7     2 1517 1050  4  1 94  0  0  0 2026-10-04 08:40:32
 0  0      0 301552  44688 1185416    0    0     0   474 1632 1267  6  2 92  0  0  0 2026-10-04 08:40:42
 1  0      0 279544  44724 1185736    0    0     7   372 2167 1442  6  2 91  0  0  0 2026-10-04 08:40:52
 0  0      0 264092  44752 1186288    0    0    37     3 2578 1537  8  3 88  0  1  0 2026-10-04 08:41:02
 0  0      0 263156  44752 1186436    0    0     0   349 2832 1733  9  3 88  0  0  0 2026-10-04 08:41:12
 0  0      0 257660  44752 1186476    0    0     0     3 2709 1664  7  3 90  0  0  0 2026-10-04 08:41:22
 0  0      0 254604  44760 1186480    0    0     0    22 2770 1685  7  3 90  0  0  0 2026-10-04 08:41:32
 0  0      0 252844  44760 1186484    0    0     0   295 2778 1748  6  3 91  0  0  0 2026-10-04 08:41:42
 0  0      0 251828  44760 1186492    0    0     0     2 2749 1688  6  3 91  0  0  0 2026-10-04 08:41:52
 0  0      0 251604  44768 1186500    0    0     0     5 2715 1672  6  3 91  0  1  0 2026-10-04 08:42:02
 0  0      0 251604  44800 1186500    0    0     0    30 2762 1722  5  3 92  0  0  0 2026-10-04 08:42:12
 0  0      0 251604  44800 1186512    0    0     0   338 2769 1690  5  3 92  0  0  0 2026-10-04 08:42:22
 0  0      0 251604  44800 1186516    0    0     0     5 2773 1677  6  3 91  0  0  0 2026-10-04 08:42:32
 0  0      0 251156  44808 1186516    0    0     0     5 2677 1634  5  3 92  0  0  0 2026-10-04 08:42:42
 0  0      0 251156  44808 1186540    0    0     0   296 2849 1777  6  3 90  0  0  0 2026-10-04 08:42:52
 0  0      0 251156  44808 1186556    0    0     0     0 2777 1701  7  3 90  0  1  0 2026-10-04 08:43:02
 0  0      0 251028  44816 1186688    0    0     0    11 2695 1672  5  3 92  0  0  0 2026-10-04 08:43:12
 0  0      0 250272  44816 1186696    0    0     0   344 2695 1692  5  3 92  0  0  0 2026-10-04 08:43:22
 0  0      0 250272  44816 1186704    0    0     0     0 2764 1704  5  3 92  0  0  0 2026-10-04 08:43:32
procs -----------memory---------- ---swap-- -----io---- -system-- -------cpu------- -----timestamp-----
 r  b   swpd   free   buff  cache   si   so    bi    bo   in   cs us sy id wa st gu                 UTC
 3  0      0 250272  44824 1186708    0    0     0     4 2730 1701  5  3 91  0  0  0 2026-10-04 08:43:42
 0  0      0 250272  44824 1186712    0    0     0   312 2740 1708  6  3 91  0  0  0 2026-10-04 08:43:52
 0  0      0 250144  44824 1186848    0    0     0     0 2769 1713  5  3 91  0  1  0 2026-10-04 08:44:02
 0  0      0 250144  44832 1186852    0    0     0     8 2751 1705  5  3 92  0  0  0 2026-10-04 08:44:12
 0  0      0 250144  44832 1186852    0    0     0   360 2493 1556  5  2 92  0  0  0 2026-10-04 08:44:22
 0  0      0 250144  44832 1186856    0    0     0     0 1595 1037  3  1 96  0  0  0 2026-10-04 08:44:32
 0  0      0 250144  44840 1186860    0    0     0     6  612  517  0  0 99  0  0  0 2026-10-04 08:44:42
 0  0      0 249904  44840 1186628    0    0     0   334  560  483  0  0 99  0  0  0 2026-10-04 08:44:52
 0  0      0 249396  44856 1187708    0    0   106     0  500  473  0  0 99  0  0  0 2026-10-04 08:45:02
 0  0      0 249396  44864 1187704    0    0     0     7  489  469  0  0 99  0  0  0 2026-10-04 08:45:12
 1  0      0 247000  44864 1187952    0    0     0   401 1794 1223  7  2 91  0  0  0 2026-10-04 08:45:22
 0  0      0 241640  44864 1189688    0    0     0   367 3386 2239  8  4 88  0  0  0 2026-10-04 08:45:32
 0  0      0 238500  44872 1190084    0    0     0     4 5187 2930 10  6 84  0  0  0 2026-10-04 08:45:42
 0  0      0 235292  44872 1190992    0    0     0    12 6364 3745 12  8 79  0  1  0 2026-10-04 08:45:52
 1  0      0 222784  44880 1193048    0    0     0   638 7361 4614 17 10 72  0  1  0 2026-10-04 08:46:02
 0  0      0 218868  44880 1193064    0    0     0     1 8601 5143 17 11 72  0  0  0 2026-10-04 08:46:12
 0  0      0 226568  44880 1193396    0    0     0     1 8772 5154 19 11 71  0  0  0 2026-10-04 08:46:22
 0  0      0 225896  44888 1193400    0    0     0   473 8628 5166 17 11 72  0  0  0 2026-10-04 08:46:32
 0  0      0 203844  44888 1196496    0    0     0     1 8477 5758 23 12 64  0  0  0 2026-10-04 08:46:42
 2  0      0 228080  44888 1196500    0    0     0     0 8475 5004 17 11 72  0  1  0 2026-10-04 08:46:52
 1  0      0 218456  44896 1196520    0    0     0   572 8356 5150 20 11 68  0  1  0 2026-10-04 08:47:02
procs -----------memory---------- ---swap-- -----io---- -system-- -------cpu------- -----timestamp-----
 r  b   swpd   free   buff  cache   si   so    bi    bo   in   cs us sy id wa st gu                 UTC
 0  0      0 215956  44896 1196508    0    0     0    10 8496 5468 20 11 68  0  0  0 2026-10-04 08:47:12
 1  0      0 212688  44896 1196516    0    0     0     0 8397 5364 19 11 69  0  0  0 2026-10-04 08:47:22
 2  0      0 212436  44908 1196520    0    0     0   415 8508 5301 18 12 70  0  0  0 2026-10-04 08:47:32
 0  0      0 212436  44908 1196488    0    0     0     1 8448 5277 18 11 71  0  0  0 2026-10-04 08:47:42
 0  0      0 212436  44908 1196496    0    0     0     0 8455 5387 19 11 70  0  0  0 2026-10-04 08:47:52
 0  0      0 212436  44920 1196504    0    0     0   414 8326 5052 17 11 70  0  2  0 2026-10-04 08:48:02
 2  0      0 211960  44920 1196508    0    0     0     2 8497 5373 18 10 71  0  0  0 2026-10-04 08:48:12
 0  0      0 209972  44920 1196512    0    0     0     0 8443 5393 19 11 70  0  0  0 2026-10-04 08:48:22
 1  0      0 209844  44932 1196656    0    0     0   432 8485 5331 19 11 70  0  0  0 2026-10-04 08:48:32
 1  0      0 209620  44932 1196660    0    0     0     2 8511 5385 19 11 70  0  0  0 2026-10-04 08:48:42
 0  0      0 209172  44932 1196668    0    0     0     0 8288 5420 19 11 69  0  0  0 2026-10-04 08:48:52
 1  0      0 208276  44944 1196688    0    0     0   420 8319 5343 20 11 68  0  1  0 2026-10-04 08:49:02
 0  0      0 208276  44944 1196692    0    0     0     2 8345 5200 19 11 70  0  0  0 2026-10-04 08:49:12
 3  0      0 208052  44944 1196700    0    0     0     0 8177 5208 18 11 71  0  0  0 2026-10-04 08:49:22
 2  0      0 208052  44956 1196712    0    0     0     8 5302 3379 11  7 82  0  0  0 2026-10-04 08:49:32
 0  0      0 223352  44956 1196716    0    0     0   582 1441  995  3  1 96  0  0  0 2026-10-04 08:49:42
 0  0      0 250552  44956 1193056    0    0     0     0  726  487  0  1 99  0  0  0 2026-10-04 08:49:52
 0  0      0 250552  44968 1192292    0    0     0     9  534  498  0  0 99  0  0  0 2026-10-04 08:50:02
 0  0      0 250808  44968 1192300    0    0     0   408  523  500  0  0 99  0  0  0 2026-10-04 08:50:12
 0  0      0 246776  44968 1192336    0    0     0     0 1499  947  5  1 94  0  0  0 2026-10-04 08:50:22
 0  0      0 245012  44976 1192340    0    0     0     4 4450 2461  9  4 86  0  0  0 2026-10-04 08:50:32
procs -----------memory---------- ---swap-- -----io---- -system-- -------cpu------- -----timestamp-----
 r  b   swpd   free   buff  cache   si   so    bi    bo   in   cs us sy id wa st gu                 UTC
 1  0      0 239160  44976 1192640    0    0     0   442 6425 3751 14  7 78  0  0  0 2026-10-04 08:50:42
 0  0      0 226876  44988 1193724    0    0     1     5 7913 4841 19 10 71  0  0  0 2026-10-04 08:50:52
 1  0      0 218456  45000 1195392    0    0     0   414 9172 5576 21 13 64  0  2  0 2026-10-04 08:51:02
 0  0      0 214032  45000 1196640    0    0     0   312 10631 6570 26 15 60  0  0  0 2026-10-04 08:51:12
 2  0      0 210584  45000 1197540    0    0     0     0 11258 7057 27 16 57  0  0  0 2026-10-04 08:51:22
 0  0      0 207952  45008 1197544    0    0     0     5 11025 6895 26 15 58  0  0  0 2026-10-04 08:51:32
 1  0      0 207952  45008 1197544    0    0     0   422 10951 6843 28 16 55  0  0  0 2026-10-04 08:51:42
 2  0      0 207952  45008 1197548    0    0     0     0 10651 6734 28 16 55  0  1  0 2026-10-04 08:51:52
 1  0      0 206968  45016 1197924    0    0     0     6 10922 6717 28 15 55  0  2  0 2026-10-04 08:52:02
 0  0      0 206296  45016 1197928    0    0     0   417 11462 6543 23 15 62  0  0  0 2026-10-04 08:52:12
 0  0      0 166624  45012 1140972    0    0     0     0 7079 5534 21 12 67  0  0  0 2026-10-04 08:52:22
 0  0      0 117712  44956 1134260    0    0     0     7 10053 8717 33 19 48  0  0  0 2026-10-04 08:52:32
 3  0      0 119220  44956 1134268    0    0     0  1072 10909 5919 24 13 62  0  0  0 2026-10-04 08:52:42
 0  0      0 177812  44956 1134284    0    0     0    71 10306 6210 23 13 64  0  1  0 2026-10-04 08:52:52
 0  0      0 165736  44968 1134300    0    0     0    14 11382 6591 28 15 56  0  2  0 2026-10-04 08:53:02
 0  0      0 156916  44968 1134308    0    0     0   441 11465 7285 29 16 55  0  0  0 2026-10-04 08:53:12
 0  0      0 156916  44968 1134092    0    0     0     0 11054 6796 27 15 58  0  0  0 2026-10-04 08:53:22
 3  0      0 153900  44980 1133864    0    0     0     7 10896 6442 24 14 62  0  0  0 2026-10-04 08:53:32
 1  0      0 153900  44980 1133760    0    0     0   433 11166 6770 25 15 59  0  0  0 2026-10-04 08:53:42
 1  0      0 153900  44980 1133620    0    0     0     0 11529 6736 25 16 59  0  0  0 2026-10-04 08:53:52
 0  0      0 153656  44992 1132820    0    0     0    12 11043 6640 26 15 57  0  1  0 2026-10-04 08:54:02
procs -----------memory---------- ---swap-- -----io---- -system-- -------cpu------- -----timestamp-----
 r  b   swpd   free   buff  cache   si   so    bi    bo   in   cs us sy id wa st gu                 UTC
 0  0      0 153656  44992 1132824    0    0     0   429 10933 6839 27 15 58  0  0  0 2026-10-04 08:54:12
 2  0      0 155188  44992 1132704    0    0     0     0 10912 6910 26 15 58  0  0  0 2026-10-04 08:54:22
 1  0      0 154808  45004 1132836    0    0     0     6 8465 5463 20 11 69  0  0  0 2026-10-04 08:54:32
 0  0      0 154808  45004 1132840    0    0     0     1 3452 2195  7  4 89  0  0  0 2026-10-04 08:54:42
 0  0      0 251248  45004 1126780    0    0     0   387  835  524  1  1 98  0  0  0 2026-10-04 08:54:52
 0  0      0 251248  45016 1125976    0    0     0     9  524  490  0  0 99  0  0  0 2026-10-04 08:55:02
 0  0      0 251248  45016 1125984    0    0     0     0  502  486  0  0 99  0  0  0 2026-10-04 08:55:12
 0  0      0 251248  45016 1125744    0    0     0   472  505  479  0  0 99  0  0  0 2026-10-04 08:55:22
 1  0      0 234896  45024 1125756    0    0     0     6 4437 2474 14  5 81  0  0  0 2026-10-04 08:55:32
 1  0      0 220548  45024 1126080    0    0     0     1 6708 3851 17  8 75  0  0  0 2026-10-04 08:55:42
 0  0      0 215756  45024 1127476    0    0     0   452 8695 5323 20 12 68  0  0  0 2026-10-04 08:55:52
 1  0      0 208460  45032 1129100    0    0     0   233 10579 6413 25 15 57  0  2  0 2026-10-04 08:56:02
 3  0      0 202952  45032 1130544    0    0     0     0 12363 7319 27 17 56  0  0  0 2026-10-04 08:56:12
 3  0      0 196944  45032 1132268    0    0     0   408 13516 8293 34 20 46  0  0  0 2026-10-04 08:56:22
 1  0      0 194576  45044 1132492    0    0     0     7 13155 8068 33 19 47  0  0  0 2026-10-04 08:56:32
 2  0      0 193156  45044 1132600    0    0     0     0 13092 8250 34 19 47  0  0  0 2026-10-04 08:56:42
 1  0      0 191552  45044 1132712    0    0     0   366 13567 7915 31 19 49  0  0  0 2026-10-04 08:56:52
 1  0      0 190204  45056 1133108    0    0     0    10 13440 7654 32 18 48  0  1  0 2026-10-04 08:57:02
 1  0      0 188852  45056 1133112    0    0     0     0 13735 7643 29 18 53  0  0  0 2026-10-04 08:57:12
 1  0      0 196888  45056 1133128    0    0     0   508 13428 7741 35 19 46  0  0  0 2026-10-04 08:57:22
 0  0      0 193092  45064 1133132    0    0     0     5 13332 7963 33 19 48  0  0  0 2026-10-04 08:57:32
procs -----------memory---------- ---swap-- -----io---- -system-- -------cpu------- -----timestamp-----
 r  b   swpd   free   buff  cache   si   so    bi    bo   in   cs us sy id wa st gu                 UTC
 2  0      0 192336  45064 1133136    0    0     0     0 13171 8150 34 19 47  0  0  0 2026-10-04 08:57:42
 0  0      0 122848  45064 1145740    0    0     0   900 10174 8408 32 19 48  0  0  0 2026-10-04 08:57:52
 0  0      0 117704  42520 1124276    0    0     0    11 3686 2235  3  4 92  0  0  0 2026-10-04 08:58:02
 1  0      0 186284  42224 1060300    0    0     0     1 8259 8300 37 18 45  0  0  0 2026-10-04 08:58:12
 4  0      0 185052  42224 1060260    0    0     0  1681 13376 7270 26 17 57  0  0  0 2026-10-04 08:58:22
 1  0      0 187596  42232 1060260    0    0     0    27 13663 7638 31 19 50  0  0  0 2026-10-04 08:58:32
 3  0      0 187084  42232 1060248    0    0     0     0 14346 7720 31 19 50  0  0  0 2026-10-04 08:58:42
 0  0      0 187084  42232 1060240    0    0     0   430 14032 7515 30 18 51  0  0  0 2026-10-04 08:58:52
 0  0      0 186036  42240 1060252    0    0     0    10 13370 7587 30 18 51  0  1  0 2026-10-04 08:59:02
 2  0      0 185588  42240 1060256    0    0     0     0 13805 7669 29 18 53  0  0  0 2026-10-04 08:59:12
 0  0      0 181712  42240 1060256    0    0     0     0 13823 7698 31 18 50  0  0  0 2026-10-04 08:59:22
 0  0      0 179564  42252 1060260    0    0     0   458 12588 7134 25 17 58  0  0  0 2026-10-04 08:59:32
 1  0      0 179564  42252 1060264    0    0     0     0 7153 4376 13  9 78  0  0  0 2026-10-04 08:59:42
 0  0      0 179436  42252 1060396    0    0     0     0 1356  931  2  1 97  0  0  0 2026-10-04 08:59:52
 0  0      0 241792  42264 1042472    0    0     0   458  877  522  0  1 98  0  1  0 2026-10-04 09:00:02
 0  0      0 239788  42268 1042708    0    0    24     0  510  484  0  0 99  0  0  0 2026-10-04 09:00:12
 0  0      0 245688  42268 1041260    0    0     0     0  533  497  0  0 99  0  0  0 2026-10-04 09:00:22
 0  0      0 247484  42276 1040960    0    0     0   478  517  488  0  0 99  0  0  0 2026-10-04 09:00:32
 0  0      0 247740  42276 1040964    0    0     0     1  496  467  0  0 99  0  0  0 2026-10-04 09:00:42
 0  0      0 248004  42276 1040968    0    0     0     0  486  454  0  0 99  0  0  0 2026-10-04 09:00:52
 0  0      0 248004  42300 1040972    0    0     0   595  496  464  0  0 99  0  0  0 2026-10-04 09:01:02
procs -----------memory---------- ---swap-- -----io---- -system-- -------cpu------- -----timestamp-----
 r  b   swpd   free   buff  cache   si   so    bi    bo   in   cs us sy id wa st gu                 UTC
 0  0      0 248004  42300 1040976    0    0     0     0  491  463  0  0 99  0  0  0 2026-10-04 09:01:12
 0  0      0 248004  42300 1040976    0    0     0     0  486  454  0  0 99  0  0  0 2026-10-04 09:01:22
 0  0      0 248004  42308 1040980    0    0     0   480  488  462  0  0 99  0  0  0 2026-10-04 09:01:32
 0  0      0 248004  42308 1040984    0    0     0     0  498  463  0  0 99  0  0  0 2026-10-04 09:01:42
 0  0      0 248004  42308 1040988    0    0     0     0  496  461  0  0 99  0  0  0 2026-10-04 09:01:52
 0  0      0 248004  42316 1040992    0    0     0   502  508  476  0  0 99  0  0  0 2026-10-04 09:02:02
 0  0      0 248004  42316 1040996    0    0     0     0  497  473  0  0 99  0  0  0 2026-10-04 09:02:12
 0  0      0 248004  42316 1041000    0    0     0     0  482  459  0  0 99  0  0  0 2026-10-04 09:02:22
 0  0      0 248004  42324 1041000    0    0     0   501  486  467  0  0 99  0  0  0 2026-10-04 09:02:32
 0  0      0 248004  42324 1041004    0    0     0     0  485  466  0  0 99  0  0  0 2026-10-04 09:02:42
 0  0      0 247876  42324 1041144    0    0     0     0  524  512  0  0 99  0  0  0 2026-10-04 09:02:52
 0  0      0 247876  42332 1041148    0    0     0   448  489  459  0  0 99  0  0  0 2026-10-04 09:03:02
 0  0      0 247876  42332 1041152    0    0     0     0  495  469  0  0 99  0  0  0 2026-10-04 09:03:12
 0  0      0 247876  42332 1041156    0    0     0     1  485  464  0  0 100  0  0  0 2026-10-04 09:03:22
 0  0      0 247876  42344 1041156    0    0     0   448  497  470  0  0 99  0  0  0 2026-10-04 09:03:32
 0  0      0 247876  42344 1041160    0    0     0     0  493  475  0  0 99  0  0  0 2026-10-04 09:03:42
 0  0      0 247876  42344 1041168    0    0     0     0  493  467  0  0 100  0  0  0 2026-10-04 09:03:52
 0  0      0 247876  42352 1041172    0    0     0     7  483  452  0  0 99  0  0  0 2026-10-04 09:04:02
 0  0      0 247876  42352 1041176    0    0     0   422  485  462  0  0 99  0  0  0 2026-10-04 09:04:12
 0  0      0 247876  42352 1041180    0    0     0     0  482  460  0  0 99  0  0  0 2026-10-04 09:04:22
 0  0      0 247876  42360 1041184    0    0     0     4  482  455  0  0 99  0  0  0 2026-10-04 09:04:32
procs -----------memory---------- ---swap-- -----io---- -system-- -------cpu------- -----timestamp-----
 r  b   swpd   free   buff  cache   si   so    bi    bo   in   cs us sy id wa st gu                 UTC
 0  0      0 247876  42360 1041144    0    0     0   466  496  476  0  0 99  0  0  0 2026-10-04 09:04:42
 0  0      0 247876  42360 1041148    0    0     0     0  485  454  0  0 99  0  0  0 2026-10-04 09:04:52
