procs -----------memory---------- ---swap-- -----io---- -system-- -------cpu------- -----timestamp-----
 r  b   swpd   free   buff  cache   si   so    bi    bo   in   cs us sy id wa st gu                 UTC
 3  0      0 6801200  20772 864684    0    0  1417  2739  465    2  4  1 94  1  0  0 2026-10-04 08:40:13
 2  0      0 6613116  20772 864964    0    0     4     0 1856 2348  4  1 95  0  0  0 2026-10-04 08:40:23
 0  0      0 6593828  20772 865092    0    0     0     0 2197 3194  1  1 98  0  0  0 2026-10-04 08:40:33
 0  0      0 6583980  20772 865284    0    0     0     2 2144 2823  2  0 97  0  0  0 2026-10-04 08:40:43
 0  0      0 6558600  20784 865456    0    0     0   320 3663 5355  2  1 98  0  0  0 2026-10-04 08:40:53
 0  0      0 6518572  20784 865636    0    0     0     0 4416 6464  3  1 96  0  0  0 2026-10-04 08:41:03
 0  0      0 6504500  20828 866208    0    0    37     7 5113 7595  3  1 96  0  0  0 2026-10-04 08:41:13
 0  0      0 6478164  20828 866208    0    0     0     0 4793 7149  2  1 97  0  0  0 2026-10-04 08:41:23
 0  0      0 6473024  20828 866208    0    0     0     0 4791 7077  3  1 96  0  0  0 2026-10-04 08:41:33
 2  0      0 6472360  20860 866208    0    0     0   270 4881 7294  2  1 97  0  0  0 2026-10-04 08:41:43
 0  0      0 6454888  20860 866208    0    0     0     1 4860 7191  4  1 96  0  0  0 2026-10-04 08:41:53
 3  0      0 6454976  20860 866208    0    0     0     0 4891 7315  2  1 97  0  0  0 2026-10-04 08:42:03
 0  0      0 6454976  20860 866208    0    0     0     0 4864 7251  2  1 97  0  0  0 2026-10-04 08:42:13
 0  0      0 6453796  20868 866208    0    0     0     1 4821 7108  3  1 96  0  0  0 2026-10-04 08:42:23
 0  0      0 6453904  20868 866208    0    0     0     0 4908 7331  2  1 97  0  0  0 2026-10-04 08:42:33
 0  0      0 6440764  20868 866208    0    0     0     0 4851 7244  2  1 97  0  0  0 2026-10-04 08:42:43
 0  0      0 6402168  20876 866208    0    0     0   107 4921 7287  3  1 96  0  0  0 2026-10-04 08:42:53
 0  0      0 6402268  20876 866208    0    0     0     0 4848 7236  2  1 97  0  0  0 2026-10-04 08:43:03
 0  0      0 6402268  20876 866208    0    0     0     0 4867 7247  2  1 97  0  0  0 2026-10-04 08:43:13
 0  0      0 6401280  20876 866212    0    0     0     2 4819 7164  2  1 97  0  0  0 2026-10-04 08:43:23
 0  0      0 6397896  20884 866212    0    0     0     3 4863 7219  4  1 96  0  0  0 2026-10-04 08:43:33
procs -----------memory---------- ---swap-- -----io---- -system-- -------cpu------- -----timestamp-----
 r  b   swpd   free   buff  cache   si   so    bi    bo   in   cs us sy id wa st gu                 UTC
 0  0      0 6397984  20884 866212    0    0     0     0 4871 7265  2  1 97  0  0  0 2026-10-04 08:43:43
 0  0      0 6397716  20884 866228    0    0     0   104 4838 7193  2  1 97  0  0  0 2026-10-04 08:43:53
 0  0      0 6397440  20884 866228    0    0     0     1 4804 7105  2  1 97  0  0  0 2026-10-04 08:44:03
 0  0      0 6392816  20892 866228    0    0     0     3 4824 7127  4  1 96  0  0  0 2026-10-04 08:44:13
 0  0      0 6392932  20892 866228    0    0     0     0 4860 7253  2  1 97  0  0  0 2026-10-04 08:44:23
 0  0      0 6392828  20892 866228    0    0     0     0 3249 4817  1  0 98  0  0  0 2026-10-04 08:44:33
 0  0      0 6392828  20892 866228    0    0     0     1  968 1123  0  0 99  0  0  0 2026-10-04 08:44:43
 0  0      0 6817676  20900 865784    0    0     4   106  175  100  0  0 100  0  0  0 2026-10-04 08:44:53
 0  0      0 6817424  20900 865808    0    0     2     0   69   66  0  0 100  0  0  0 2026-10-04 08:45:03
 0  0      0 6817424  20900 865808    0    0     0     0   46   48  0  0 100  0  0  0 2026-10-04 08:45:13
 0  0      0 5868280  20908 865952    0    0     0    11 4137 3826 21  3 76  0  0  0 2026-10-04 08:45:23
 0  0      0 5814876  20908 866740    0    0     0   234 6130 8522  3  1 96  0  0  0 2026-10-04 08:45:33
 0  0      0 5704568  20908 867604    0    0     0     0 9533 13951  4  2 94  0  0  0 2026-10-04 08:45:43
 0  0      0 5519164  20916 868468    0    0     0    10 11282 16556  6  2 92  0  0  0 2026-10-04 08:45:53
 0  0      0 5451632  20916 869324    0    0     0     0 11222 15176 13  2 84  0  0  0 2026-10-04 08:46:03
 1  0      0 5315788  20916 870188    0    0     0     1 14479 20841  8  3 89  0  0  0 2026-10-04 08:46:13
 0  0      0 5134912  20932 870376    0    0     0     8 13435 19075 16  3 82  0  0  0 2026-10-04 08:46:23
 0  0      0 5134244  20932 870376    0    0     0     0 13916 20558  7  2 90  0  0  0 2026-10-04 08:46:33
 0  0      0 5087624  20932 870376    0    0     0     0 13114 18361  7  2 91  0  0  0 2026-10-04 08:46:43
 3  0      0 4968688  20940 870376    0    0     0   107 13033 18398 15  2 82  0  0  0 2026-10-04 08:46:53
 0  0      0 4968688  20940 870376    0    0     0     0 13457 19646  7  2 91  0  0  0 2026-10-04 08:47:03
procs -----------memory---------- ---swap-- -----io---- -system-- -------cpu------- -----timestamp-----
 r  b   swpd   free   buff  cache   si   so    bi    bo   in   cs us sy id wa st gu                 UTC
 0  0      0 4964908  20940 870376    0    0     0     0 13286 19285  7  2 90  0  0  0 2026-10-04 08:47:13
 0  0      0 4964908  20940 870376    0    0     0     1 12650 17855 15  2 83  0  0  0 2026-10-04 08:47:23
 0  0      0 4964908  20948 870376    0    0     0     3 13475 19679  7  2 90  0  0  0 2026-10-04 08:47:33
 0  0      0 4964656  20948 870376    0    0     0     0 13590 19992  7  2 91  0  0  0 2026-10-04 08:47:43
 1  0      0 4746932  20948 870376    0    0     0   104 12674 17702 15  3 82  0  0  0 2026-10-04 08:47:53
 0  0      0 4740128  20948 870376    0    0     0     2 13467 19604  7  2 90  0  0  0 2026-10-04 08:48:03
 1  0      0 4740128  20956 870376    0    0     0     2 13458 19576  7  2 90  0  0  0 2026-10-04 08:48:13
 0  0      0 4740128  20956 870376    0    0     0     0 13582 19834  8  2 90  0  0  0 2026-10-04 08:48:23
 0  0      0 4722992  20956 870376    0    0     0     0 12645 17850 16  2 82  0  0  0 2026-10-04 08:48:33
 0  0      0 4722992  20956 870376    0    0     0     0 13488 19548  7  2 90  0  0  0 2026-10-04 08:48:43
 0  0      0 4722992  20964 870408    0    0     0   107 13263 19289  8  2 89  0  0  0 2026-10-04 08:48:53
 0  0      0 4722992  20964 870408    0    0     0     0 13143 18955  7  2 91  0  0  0 2026-10-04 08:49:03
 0  0      0 4722488  20964 870408    0    0     0     0 12474 17526 16  2 82  0  0  0 2026-10-04 08:49:13
 0  0      0 4722488  20972 870408    0    0     0     4 13028 19029  7  2 91  0  0  0 2026-10-04 08:49:23
 0  0      0 4720724  20972 870408    0    0     0     0 8744 12409  4  1 94  0  0  0 2026-10-04 08:49:33
 0  0      0 4720724  20972 870408    0    0     0     0 3442 4310  1  0 98  0  0  0 2026-10-04 08:49:43
 0  0      0 6807680  20972 865916    0    0     0   105  830  606  1  1 99  0  0  0 2026-10-04 08:49:53
 0  0      0 6807680  20980 865916    0    0     0     3   47   46  0  0 100  0  0  0 2026-10-04 08:50:03
 0  0      0 6807680  20980 865916    0    0     0     0   51   52  0  0 100  0  0  0 2026-10-04 08:50:13
 0  0      0 5432544  20980 865932    0    0     0     2 4884 3893 28  4 68  0  0  0 2026-10-04 08:50:24
 0  0      0 5324088  20980 867084    0    0     0     1 8621 12578  4  2 94  0  0  0 2026-10-04 08:50:34
procs -----------memory---------- ---swap-- -----io---- -system-- -------cpu------- -----timestamp-----
 r  b   swpd   free   buff  cache   si   so    bi    bo   in   cs us sy id wa st gu                 UTC
 0  0      0 5116156  20988 868380    0    0     0     4 11708 17117  6  3 92  0  0  0 2026-10-04 08:50:44
 0  0      0 4832316  20988 869700    0    0     0   104 13676 19780  8  3 89  0  0  0 2026-10-04 08:50:54
 0  0      0 4760972  20988 870980    0    0     0     0 14469 19778 19  3 78  0  0  0 2026-10-04 08:51:04
 0  0      0 4607232  21448 872328    0    0    46     1 16745 23577 10  3 86  0  0  0 2026-10-04 08:51:14
 0  0      0 4314572  21476 873068    0    0     0   210 15954 21134 24  4 73  0  0  0 2026-10-04 08:51:24
 0  0      0 4314080  21476 873084    0    0     0     0 16580 23701 10  3 87  0  0  0 2026-10-04 08:51:34
 3  0      0 4223628  21476 873084    0    0     0     0 16406 23251 10  3 87  0  0  0 2026-10-04 08:51:44
 0  0      0 4012708  21484 873092    0    0     0    13 14589 18935 22  3 74  0  0  0 2026-10-04 08:51:54
 0  0      0 4012456  21484 873092    0    0     0     0 16115 22501 10  3 87  0  0  0 2026-10-04 08:52:04
 0  0      0 4004644  21484 873092    0    0     0     1 16939 24311 10  3 87  0  0  0 2026-10-04 08:52:14
 0  0      0 4004420  21492 873092    0    0     0     6 7665 8525 16  1 83  0  0  0 2026-10-04 08:52:24
 0  0      0 4002656  21492 873092    0    0     0     0 15332 20843  9  3 89  0  0  0 2026-10-04 08:52:34
 0  0      0 4002656  21492 873092    0    0     0     0 15980 22136 10  3 87  0  0  0 2026-10-04 08:52:44
 0  0      0 4001396  21500 873092    0    0     0   106 13753 18139 22  3 75  0  0  0 2026-10-04 08:52:54
 0  0      0 4001396  21500 873092    0    0     0     0 16455 23311 10  3 87  0  0  0 2026-10-04 08:53:04
 0  0      0 4001396  21500 873092    0    0     0     0 16268 22530 11  3 86  0  0  0 2026-10-04 08:53:14
 2  0      0 3891272  21500 873092    0    0     0     0 16408 23022 10  3 87  0  0  0 2026-10-04 08:53:24
 0  0      0 3725216  21508 873092    0    0     0     3 15014 20148 23  3 74  0  0  0 2026-10-04 08:53:34
 2  0      0 3727704  21508 873092    0    0     0     0 16455 23385 11  3 87  0  0  0 2026-10-04 08:53:44
 3  0      0 3723924  21508 873092    0    0     0   104 16752 23895 11  3 87  0  0  0 2026-10-04 08:53:54
 1  0      0 3723672  21508 873092    0    0     0     1 15029 19971 23  3 74  0  0  0 2026-10-04 08:54:04
procs -----------memory---------- ---swap-- -----io---- -system-- -------cpu------- -----timestamp-----
 r  b   swpd   free   buff  cache   si   so    bi    bo   in   cs us sy id wa st gu                 UTC
 4  0      0 3723672  21516 873092    0    0     0     2 16017 22430 10  3 87  0  0  0 2026-10-04 08:54:14
 0  0      0 3723672  21516 873092    0    0     0     0 15402 21326 10  3 87  0  0  0 2026-10-04 08:54:24
 0  0      0 3723672  21516 873092    0    0     0     0 11624 15852  7  2 91  0  0  0 2026-10-04 08:54:34
 0  0      0 3723420  21516 873104    0    0     0     0 5750 7388  3  1 96  0  0  0 2026-10-04 08:54:44
 0  0      0 6803980  21528 866120    0    0     0   106 2181 1931  1  1 98  0  0  0 2026-10-04 08:54:54
 0  0      0 6806740  21528 866120    0    0     0     0   57   55  0  0 100  0  0  0 2026-10-04 08:55:04
 0  0      0 6806740  21528 866120    0    0     0     0   50   49  0  0 100  0  0  0 2026-10-04 08:55:14
 2  0      0 5035988  21536 866120    0    0     0     8 3112  455 35  4 61  0  0  0 2026-10-04 08:55:24
 0  0      0 4901868  21536 867040    0    0     0   187 9063 13064  5  2 93  0  0  0 2026-10-04 08:55:34
 0  0      0 4685956  21536 868780    0    0     0     0 12448 18015  6  3 91  0  0  0 2026-10-04 08:55:44
 1  0      0 4357648  21544 870512    0    0     0     7 14998 21434  8  3 89  0  0  0 2026-10-04 08:55:54
 1  0      0 4051980  21544 872216    0    0     0     0 15735 20520 24  4 72  0  0  0 2026-10-04 08:56:04
 1  0      0 4002848  21544 873912    0    0     0     0 19299 26910 12  4 84  0  0  0 2026-10-04 08:56:14
 0  0      0 3555892  21544 875656    0    0     0     0 19879 26626 14  5 80  0  0  0 2026-10-04 08:56:24
 0  0      0 3422332  21552 875672    0    0     0     3 15575 18556 30  4 67  0  0  0 2026-10-04 08:56:34
 2  0      0 3416284  21552 875672    0    0     0     0 18210 24519 13  3 83  0  0  0 2026-10-04 08:56:44
 1  0      0 3136076  21552 875672    0    0     0    98 19157 26016 14  4 82  0  0  0 2026-10-04 08:56:54
 0  0      0 2998768  21552 875672    0    0     0     1 16917 21024 31  4 66  0  0  0 2026-10-04 08:57:04
 1  0      0 2989192  21560 875672    0    0     0     2 19859 27891 13  3 83  0  0  0 2026-10-04 08:57:14
 1  0      0 2989192  21576 875672    0    0     0   107 19334 26687 13  3 83  0  0  0 2026-10-04 08:57:24
 1  0      0 2968024  21576 875672    0    0     0     0 16254 20336 32  3 65  0  0  0 2026-10-04 08:57:34
procs -----------memory---------- ---swap-- -----io---- -system-- -------cpu------- -----timestamp-----
 r  b   swpd   free   buff  cache   si   so    bi    bo   in   cs us sy id wa st gu                 UTC
 0  0      0 2946540  21592 876272    0    0    58     6 18789 25834 15  4 81  0  0  0 2026-10-04 08:57:44
 0  0      0 2957864  21592 876256    0    0     0   220 13264 15277  9  3 88  0  0  0 2026-10-04 08:57:54
 0  0      0 2957612  21592 876256    0    0     0     0 7117 9830  4  2 95  0  0  0 2026-10-04 08:58:04
 2  0      0 2923844  21600 876256    0    0     0    11 13443 16495 27  3 69  0  0  0 2026-10-04 08:58:14
 2  0      0 2923844  21600 876256    0    0     0     0 19786 26549 14  4 83  0  0  0 2026-10-04 08:58:24
 0  0      0 2923844  21600 876256    0    0     0     0 19338 26480 13  3 83  0  0  0 2026-10-04 08:58:34
 3  0      0 2923644  21600 876256    0    0     0     0 20071 27765 14  4 82  0  0  0 2026-10-04 08:58:44
 0  0      0 2821796  21608 876272    0    0     0   116 17573 22323 32  3 65  0  0  0 2026-10-04 08:58:54
 0  0      0 2821796  21608 876272    0    0     0     0 19204 26565 13  3 83  0  0  0 2026-10-04 08:59:04
 2  0      0 2821796  21608 876272    0    0     0     0 19388 26946 14  3 83  0  0  0 2026-10-04 08:59:14
 0  0      0 2753508  21616 876272    0    0     0     2 17160 21672 32  4 65  0  0  0 2026-10-04 08:59:24
 0  0      0 2753256  21616 876272    0    0     0     0 16659 22715 12  3 85  0  0  0 2026-10-04 08:59:34
 0  0      0 2753256  21616 876272    0    0     0     0 8987 11494  6  1 92  0  0  0 2026-10-04 08:59:44
 0  0      0 2753256  21624 876272    0    0     0   106 3983 4553  2  0 98  0  0  0 2026-10-04 08:59:54
 0  0      0 6794248  21624 868476    0    0     0     0  520  107  1  1 98  0  0  0 2026-10-04 09:00:04
 0  0      0 6794248  21624 868476    0    0     0     0   52   44  0  0 100  0  0  0 2026-10-04 09:00:14
 0  0      0 6796096  21624 868476    0    0     0     0   61   61  0  0 100  0  0  0 2026-10-04 09:00:24
