procs -----------memory---------- ---swap-- -----io---- -system-- -------cpu------- -----timestamp-----
 r  b   swpd   free   buff  cache   si   so    bi    bo   in   cs us sy id wa st gu                 UTC
 0  1      0 7393492  15128 292300    0    0 18208   138 2548   19 16 19 58  7  0  0 2026-10-04 13:32:38
 0  0      0 7164948  15156 327516    0    0  3405     0 1870 2183  5  1 92  2  0  0 2026-10-04 13:32:50
 0  0      0 7158492  15156 327704    0    0     1   368 1603 2170  1  1 98  0  0  0 2026-10-04 13:33:00
 0  0      0 7137152  15168 327824    0    0     0    85 2391 3246  2  1 97  0  0  0 2026-10-04 13:33:10
 0  0      0 7100628  15168 327952    0    0     0     2 3833 5537  3  1 96  0  0  0 2026-10-04 13:33:20
 0  0      0 7093880  15168 328124    0    0     0     0 4399 6533  3  1 96  0  0  0 2026-10-04 13:33:30
 0  0      0 7055392  15180 328288    0    0     0   162 5002 7443  3  1 96  0  0  0 2026-10-04 13:33:40
 0  0      0 7048364  15180 328312    0    0     0     0 4977 7398  4  1 94  0  0  0 2026-10-04 13:33:50
 2  0      0 7042820  15180 328396    0    0     8     0 4943 7427  3  1 96  0  0  0 2026-10-04 13:34:00
 0  0      0 7014096  15188 328396    0    0     0    92 4806 7015  4  1 95  0  0  0 2026-10-04 13:34:10
 0  0      0 7013844  15188 328400    0    0     0     0 4799 7078  2  1 96  0  0  0 2026-10-04 13:34:20
 0  0      0 7013844  15188 328400    0    0     0     0 4967 7453  3  1 96  0  0  0 2026-10-04 13:34:30
 0  0      0 7022828  15188 328520    0    0     4     1 4996 7473  5  1 94  0  0  0 2026-10-04 13:34:40
 0  0      0 7022828  15200 328520    0    0     0    14 4912 7365  2  1 96  0  0  0 2026-10-04 13:34:50
 0  0      0 7022828  15200 328520    0    0     0     0 4907 7278  4  1 95  0  0  0 2026-10-04 13:35:00
 0  0      0 7022588  15200 328544    0    0     2   215 4898 7353  3  1 96  0  0  0 2026-10-04 13:35:10
 0  0      0 7022588  15208 328632    0    0     9    14 4926 7382  3  1 96  0  0  0 2026-10-04 13:35:20
 0  0      0 6992348  15208 328632    0    0     0     0 4967 7453  3  1 96  0  0  0 2026-10-04 13:35:30
 0  0      0 6974960  15208 328632    0    0     0     0 4861 7191  4  1 95  0  0  0 2026-10-04 13:35:40
 0  0      0 6974960  15208 328632    0    0     0     3 4942 7401  3  1 96  0  0  0 2026-10-04 13:35:50
 0  0      0 6974960  15216 328632    0    0     0     3 4926 7352  3  1 96  0  0  0 2026-10-04 13:36:00
procs -----------memory---------- ---swap-- -----io---- -system-- -------cpu------- -----timestamp-----
 r  b   swpd   free   buff  cache   si   so    bi    bo   in   cs us sy id wa st gu                 UTC
 0  0      0 6974960  15216 328632    0    0     0    78 3999 5327  4  1 95  0  0  0 2026-10-04 13:36:10
 0  0      0 6974708  15216 328632    0    0     0     0 4706 6886  3  1 96  0  0  0 2026-10-04 13:36:20
 0  0      0 6974708  15216 328632    0    0     0     2 4800 7142  2  1 96  0  0  0 2026-10-04 13:36:30
 0  0      0 6974456  15224 328632    0    0     0     2 4992 7463  3  1 96  0  0  0 2026-10-04 13:36:40
 0  0      0 6971684  15224 328632    0    0     0     0 4890 7254  4  1 95  0  0  0 2026-10-04 13:36:50
 0  0      0 6971684  15224 328632    0    0     0     0 3069 4471  1  1 98  0  0  0 2026-10-04 13:37:00
 0  0      0 6971684  15232 328632    0    0     0    81 1133 1396  1  0 99  0  0  0 2026-10-04 13:37:10
 0  0      0 7381156  15232 328468    0    0    33     0  164  132  0  0 100  0  0  0 2026-10-04 13:37:20
 0  0      0 7381408  15240 328468    0    0     0     4   53   53  0  0 100  0  0  0 2026-10-04 13:37:30
 0  0      0 7371328  15424 328860    0    0    53     4  100  108  1  0 99  0  0  0 2026-10-04 13:37:40
 1  0      0 6480324  15424 329472    0    0    48     2 4767 4773 21  3 75  0  0  0 2026-10-04 13:37:50
 1  0      0 6364760  15424 330256    0    0     0   201 6860 10041  4  2 94  0  0  0 2026-10-04 13:38:00
 0  0      0 6206476  15432 331076    0    0     0    10 9326 13479  6  3 92  0  0  0 2026-10-04 13:38:10
 0  0      0 6120108  15432 331908    0    0     0     0 10644 15066 14  3 83  0  0  0 2026-10-04 13:38:20
 0  0      0 6048564  15432 332780    0    0     0     0 12534 18242  8  3 89  0  0  0 2026-10-04 13:38:30
 0  0      0 5786524  15444 333672    0    0     0   116 12851 17383 17  4 79  0  0  0 2026-10-04 13:38:40
 0  0      0 5786076  15444 333912    0    0     0     0 13298 19068 10  3 87  0  0  0 2026-10-04 13:38:50
 0  0      0 5748276  15444 333948    0    0     0     0 12862 18338  9  3 88  0  0  0 2026-10-04 13:39:00
 0  0      0 5572636  15452 333948    0    0     0     5 13158 18497 18  3 79  0  0  0 2026-10-04 13:39:10
 0  0      0 5572636  15452 333948    0    0     0     0 13325 19312  9  3 88  0  0  0 2026-10-04 13:39:20
 0  0      0 5572636  15452 333948    0    0     0    90 13575 19794  9  3 88  0  0  0 2026-10-04 13:39:30
procs -----------memory---------- ---swap-- -----io---- -system-- -------cpu------- -----timestamp-----
 r  b   swpd   free   buff  cache   si   so    bi    bo   in   cs us sy id wa st gu                 UTC
 1  0      0 5541388  15460 333948    0    0     0     4 12583 17627 17  3 80  0  0  0 2026-10-04 13:39:40
 0  0      0 5539624  15460 333948    0    0     0     0 13420 19536  9  3 88  0  0  0 2026-10-04 13:39:50
 0  0      0 5539624  15460 333948    0    0     0     0 12673 18083  9  3 88  0  0  0 2026-10-04 13:40:00
 3  0      0 5531056  15460 333972    0    0     0   158 12871 18076 18  3 79  0  0  0 2026-10-04 13:40:10
 0  0      0 5531056  15468 333972    0    0     0     3 13561 19759  9  3 88  0  0  0 2026-10-04 13:40:20
 0  0      0 5531056  15468 333972    0    0     0     0 13646 19989  9  3 88  0  0  0 2026-10-04 13:40:30
 0  0      0 5321404  15468 333972    0    0     0     1 12389 17043 18  3 79  0  0  0 2026-10-04 13:40:40
 2  0      0 5319892  15468 333972    0    0     0     1 13667 20050  9  3 88  0  0  0 2026-10-04 13:40:50
 3  0      0 5319892  15476 333972    0    0     0     3 13609 19847  9  3 88  0  0  0 2026-10-04 13:41:00
 0  0      0 5319892  15476 333972    0    0     0    78 13332 19154  9  3 87  0  0  0 2026-10-04 13:41:10
 0  0      0 5318128  15476 333972    0    0     0     0 12596 17624 19  3 78  0  0  0 2026-10-04 13:41:20
 0  0      0 5318128  15476 333972    0    0     0     2 13048 18786 10  3 87  0  0  0 2026-10-04 13:41:30
 0  0      0 5310316  15484 333972    0    0     0     1 12987 18521  9  3 88  0  0  0 2026-10-04 13:41:40
 0  0      0 5310064  15484 333972    0    0     0     0 12700 18349  8  3 89  0  0  0 2026-10-04 13:41:50
 0  0      0 5308048  15484 333972    0    0     0     0 8396 11345 14  2 84  0  0  0 2026-10-04 13:42:00
 0  0      0 5308048  15492 333972    0    0     0    81 3721 4628  2  1 97  0  0  0 2026-10-04 13:42:10
 0  0      0 7378324  15492 329620    0    0     0     0  872  788  1  1 98  0  0  0 2026-10-04 13:42:20
 0  0      0 7378072  15492 329620    0    0     0     0   60   57  0  0 100  0  0  0 2026-10-04 13:42:30
 0  0      0 7378072  15512 329620    0    0     0     8   79   83  0  0 100  0  0  0 2026-10-04 13:42:40
 1  0      0 5982300  15512 329964    0    0    34     2 4082 3306 26  4 70  0  0  0 2026-10-04 13:42:50
 0  0      0 5909164  15512 330892    0    0     0     0 8175 11470 12  2 85  0  0  0 2026-10-04 13:43:00
procs -----------memory---------- ---swap-- -----io---- -system-- -------cpu------- -----timestamp-----
 r  b   swpd   free   buff  cache   si   so    bi    bo   in   cs us sy id wa st gu                 UTC
 0  0      0 5791424  15524 332184    0    0     0    84 11571 16787  7  3 89  0  0  0 2026-10-04 13:43:10
 0  0      0 5551168  15524 333480    0    0     0     0 13485 19388  9  4 87  0  0  0 2026-10-04 13:43:20
 0  0      0 5310128  15524 334764    0    0     0     0 14003 18825 22  4 75  0  0  0 2026-10-04 13:43:30
 2  0      0 5268476  15524 336060    0    0     0     3 16104 22412 12  4 84  0  0  0 2026-10-04 13:43:40
 0  0      0 4918712  15532 336892    0    0     0     3 16678 22734 14  5 81  0  0  0 2026-10-04 13:43:50
 0  0      0 4810860  15532 336892    0    0     0     0 14631 18945 26  4 70  0  0  0 2026-10-04 13:44:00
 0  0      0 4807080  15532 336892    0    0     0    66 15500 21357 12  3 84  0  0  0 2026-10-04 13:44:10
 0  0      0 4636488  15532 336912    0    0     0     2 15948 22123 13  4 83  0  0  0 2026-10-04 13:44:20
 2  0      0 4565172  15540 336912    0    0     0     2 14462 18780 25  3 71  0  0  0 2026-10-04 13:44:30
 3  0      0 4565172  15540 336912    0    0     0     1 15707 21758 12  3 85  0  0  0 2026-10-04 13:44:40
 2  0      0 4563940  15540 336912    0    0     0     0 15106 19730 16  3 80  0  0  0 2026-10-04 13:44:50
 0  0      0 4563940  15540 336912    0    0     0     0 5779 5549 13  1 86  0  0  0 2026-10-04 13:45:00
 0  0      0 4563184  15548 336920    0    0     0   158 16365 22681 10  3 86  0  0  0 2026-10-04 13:45:10
 0  0      0 4563184  15548 336920    0    0     0     0 17048 23660 13  4 83  0  0  0 2026-10-04 13:45:20
 0  0      0 4433160  15548 336920    0    0     0     0 16104 22827 12  4 84  0  0  0 2026-10-04 13:45:30
 0  0      0 4320012  15556 336920    0    0     0     5 14592 19373 26  4 70  0  0  0 2026-10-04 13:45:40
 0  0      0 4319788  15556 336920    0    0     0     0 15651 21324 13  4 83  0  0  0 2026-10-04 13:45:50
 1  0      0 4319788  15556 336920    0    0     0     0 15553 21361 13  3 84  0  0  0 2026-10-04 13:46:00
 0  0      0 4287280  15564 336920    0    0     0    82 14902 19614 27  3 70  0  0  0 2026-10-04 13:46:10
 3  0      0 4287028  15564 336920    0    0     0     0 16402 23146 13  4 83  0  0  0 2026-10-04 13:46:20
 3  0      0 4287028  15564 336920    0    0     0     0 16069 22487 12  4 84  0  0  0 2026-10-04 13:46:30
procs -----------memory---------- ---swap-- -----io---- -system-- -------cpu------- -----timestamp-----
 r  b   swpd   free   buff  cache   si   so    bi    bo   in   cs us sy id wa st gu                 UTC
 0  1      0 4287028  15572 336916    0    0     0     3 15874 22098 13  3 84  0  0  0 2026-10-04 13:46:40
 0  0      0 4254016  15572 336920    0    0     0     0 13070 16232 27  3 70  0  0  0 2026-10-04 13:46:50
 0  0      0 4252000  15572 336920    0    0     0     0 10814 13960  9  2 88  0  0  0 2026-10-04 13:47:00
 0  0      0 4252000  15572 336920    0    0     0    67 6242 8109  4  1 94  0  0  0 2026-10-04 13:47:10
 0  0      0 7359376  15580 330040    0    0     0     4 2333 2166  2  1 97  0  0  0 2026-10-04 13:47:20
 0  0      0 7359376  15580 330040    0    0     0     0   50   51  0  0 100  0  0  0 2026-10-04 13:47:30
 0  0      0 7360924  15604 330040    0    0     2   172   80   74  0  0 100  0  0  0 2026-10-04 13:47:40
 3  0      0 5831868  15604 330040    0    0     0     2 2294  363 29  3 68  0  0  0 2026-10-04 13:47:50
 0  0      0 5429996  15604 330760    0    0     0     0 8763 11396 17  3 80  0  0  0 2026-10-04 13:48:00
 2  0      0 5283116  15612 332452    0    0     0    83 12241 17771  8  3 89  0  0  0 2026-10-04 13:48:10
 0  0      0 4996048  15612 334164    0    0     0     0 14901 21308 11  4 85  0  0  0 2026-10-04 13:48:20
 2  0      0 4586508  15612 335832    0    0     0     0 16752 23075 16  5 79  0  0  0 2026-10-04 13:48:30
 0  0      0 4511292  15612 337592    0    0     0     2 17340 22619 27  5 68  0  0  0 2026-10-04 13:48:40
 1  0      0 4251436  15620 339348    0    0     0     3 20825 28379 17  6 77  0  0  0 2026-10-04 13:48:50
 0  0      0 3888376  15620 339484    0    0     0     0 16390 19879 35  5 60  0  0  0 2026-10-04 13:49:00
 0  0      0 3888376  15620 339484    0    0     0    78 19649 27100 16  4 79  0  0  0 2026-10-04 13:49:10
 3  0      0 3876532  15620 339500    0    0     0     2 19504 26855 16  5 80  0  0  0 2026-10-04 13:49:20
 0  0      0 3525004  15628 339500    0    0     0     2 16587 20257 35  5 61  0  0  0 2026-10-04 13:49:30
 0  0      0 3525004  15628 339500    0    0     0     0 19306 26697 16  4 79  0  0  0 2026-10-04 13:49:40
 0  0      0 3525004  15628 339500    0    0     0     0 19184 26268 16  4 80  0  0  0 2026-10-04 13:49:50
 0  0      0 3500560  15628 339500    0    0     0     0 16281 20247 34  4 62  0  0  0 2026-10-04 13:50:00
procs -----------memory---------- ---swap-- -----io---- -system-- -------cpu------- -----timestamp-----
 r  b   swpd   free   buff  cache   si   so    bi    bo   in   cs us sy id wa st gu                 UTC
 0  0      0 3500308  15636 339512    0    0     0   151 18916 25670 16  4 79  0  0  0 2026-10-04 13:50:10
 0  0      0 3499636  15636 339516    0    0     0     0 13539 15813 12  3 85  0  0  0 2026-10-04 13:50:20
 2  0      0 3497872  15636 339520    0    0     1     0 10488 14499  6  3 90  0  0  0 2026-10-04 13:50:30
 0  0      0 3497620  15648 339520    0    0     0     5 17713 21585 34  5 61  0  0  0 2026-10-04 13:50:40
 3  0      0 3497396  15648 339520    0    0     0     0 20365 27162 18  4 78  0  0  0 2026-10-04 13:50:50
 0  0      0 3497396  15648 339520    0    0     0     0 18354 24955 16  4 80  0  0  0 2026-10-04 13:51:00
 0  0      0 3436412  15656 339520    0    0     0    83 19383 26540 16  4 79  0  0  0 2026-10-04 13:51:10
 0  0      0 3231040  15656 339520    0    0     0     0 16472 19749 36  4 60  0  0  0 2026-10-04 13:51:20
 0  0      0 3230788  15656 339520    0    0     0     0 19399 26738 16  4 80  0  0  0 2026-10-04 13:51:30
 1  0      0 3230788  15656 339520    0    0     0     2 19101 26233 16  4 80  0  0  0 2026-10-04 13:51:40
 0  0      0 3230536  15664 339520    0    0     0     3 16503 20498 35  4 61  0  0  0 2026-10-04 13:51:50
 0  0      0 3228772  15664 339520    0    0     0     0 17132 23369 15  4 81  0  0  0 2026-10-04 13:52:00
 0  0      0 3228772  15664 339520    0    0     0    67 9890 12561  9  2 89  0  0  0 2026-10-04 13:52:10
 0  0      0 3228772  15664 339520    0    0     0     2 4251 4976  2  1 97  0  0  0 2026-10-04 13:52:20
 0  0      0 7356972  15672 331936    0    0     0     1  798  414  1  1 97  0  0  0 2026-10-04 13:52:30
 0  0      0 7357224  15688 331936    0    0     0    71   68   64  0  0 100  0  0  0 2026-10-04 13:52:40
 0  0      0 7357224  15688 331936    0    0     0     0   52   47  0  0 100  0  0  0 2026-10-04 13:52:50
