procs -----------memory---------- ---swap-- -----io---- -system-- -------cpu------- -----timestamp-----
 r  b   swpd   free   buff  cache   si   so    bi    bo   in   cs us sy id wa st gu                 UTC
 0  1      0 7376112  15108 291004    0    0 18929   143 2513   17 15 18 59  7  0  0 2026-10-04 13:09:01
 0  0      0 7152832  15128 326996    0    0  3486     0 2046 2564  4  1 93  2  0  0 2026-10-04 13:09:13
 0  0      0 7134296  15128 327156    0    0     1     0 2405 3582  1  1 98  0  0  0 2026-10-04 13:09:23
 0  0      0 7117460  15140 327284    0    0     0   452 3153 4695  2  1 98  0  0  0 2026-10-04 13:09:33
 3  0      0 7107768  15140 327444    0    0     0     2 3856 5663  3  1 96  0  0  0 2026-10-04 13:09:43
 3  0      0 7080564  15140 327596    0    0     0     0 4436 6594  2  1 97  0  0  0 2026-10-04 13:09:53
 0  0      0 7051708  15152 327744    0    0     0   175 5027 7411  4  1 95  0  0  0 2026-10-04 13:10:03
 3  0      0 7049412  15152 327788    0    0     0     0 5107 7676  2  1 97  0  0  0 2026-10-04 13:10:13
 0  0      0 7012664  15152 327800    0    0     0     0 5061 7557  4  1 95  0  0  0 2026-10-04 13:10:23
 0  0      0 7013420  15160 327800    0    0     0   170 5056 7597  2  1 97  0  0  0 2026-10-04 13:10:33
 0  0      0 7012880  15160 327924    0    0    12     0 4997 7504  2  1 97  0  0  0 2026-10-04 13:10:43
 0  0      0 7002188  15160 327924    0    0     0     1 5019 7502  4  1 95  0  0  0 2026-10-04 13:10:53
 0  0      0 7002200  15160 327924    0    0     0     0 4993 7464  2  1 97  0  0  0 2026-10-04 13:11:03
 0  0      0 7001944  15168 327924    0    0     0     3 4964 7443  2  1 97  0  0  0 2026-10-04 13:11:13
 0  0      0 7001876  15168 327924    0    0     0     0 5060 7583  4  1 96  0  0  0 2026-10-04 13:11:23
 0  0      0 7004272  15168 327924    0    0     0    78 5004 7471  2  1 97  0  0  0 2026-10-04 13:11:33
 0  0      0 6983360  15168 327924    0    0     0     2 4947 7400  2  1 97  0  0  0 2026-10-04 13:11:43
 0  0      0 6954312  15176 327924    0    0     0     1 5066 7539  4  1 95  0  0  0 2026-10-04 13:11:53
 0  0      0 6953384  15176 327924    0    0     0     0 5048 7597  2  1 97  0  0  0 2026-10-04 13:12:03
 0  0      0 6953304  15176 327924    0    0     0     0 5027 7533  2  1 97  0  0  0 2026-10-04 13:12:13
 0  0      0 6953304  15176 327924    0    0     0     0 4992 7464  2  1 97  0  0  0 2026-10-04 13:12:23
procs -----------memory---------- ---swap-- -----io---- -system-- -------cpu------- -----timestamp-----
 r  b   swpd   free   buff  cache   si   so    bi    bo   in   cs us sy id wa st gu                 UTC
 0  0      0 6949776  15184 327924    0    0     0    81 4949 7381  4  1 95  0  0  0 2026-10-04 13:12:33
 0  0      0 6949776  15184 327924    0    0     0     0 5141 7736  2  1 97  0  0  0 2026-10-04 13:12:43
 0  0      0 6949776  15184 327924    0    0     0     0 5031 7554  2  1 97  0  0  0 2026-10-04 13:12:53
 0  0      0 6947760  15184 327924    0    0     0     2 5002 7448  4  1 95  0  0  0 2026-10-04 13:13:03
 0  0      0 6723272  17676 356240    0    0  1813   868 5109 7731  9  2 88  1  0  0 2026-10-04 13:13:13
 0  0      0 6739484  17684 370352    0    0     1  1570 3228 4722  2  1 97  0  0  0 2026-10-04 13:13:23
 0  0      0 6873524  17684 370352    0    0     0   310 1072 1267  0  0 99  0  0  0 2026-10-04 13:13:33
 0  0      0 7302048  17684 370276    0    0    39   230  240  173  0  0 100  0  0  0 2026-10-04 13:13:43
 0  0      0 7302048  17700 370268    0    0     0     8   56   57  0  0 100  0  0  0 2026-10-04 13:13:53
 0  0      0 7302048  17900 370676    0    0    53     2  106  117  0  0 99  0  0  0 2026-10-04 13:14:03
 0  0      0 6403724  17900 370844    0    0    10     2 4621 4765 18  3 78  0  0  0 2026-10-04 13:14:13
 0  0      0 6285020  17900 371644    0    0     0     2 6796 9943  3  2 95  0  0  0 2026-10-04 13:14:23
 0  0      0 6133864  17908 372496    0    0     0   208 9231 13569  5  2 93  0  0  0 2026-10-04 13:14:33
 0  0      0 6045688  17908 373328    0    0     0     0 10637 15103 12  2 85  0  0  0 2026-10-04 13:14:43
 0  0      0 5969368  17908 374208    0    0     0     0 12379 17876  6  3 91  0  0  0 2026-10-04 13:14:53
 2  0      0 5717216  17920 375028    0    0     2   109 13058 18123 15  3 82  0  0  0 2026-10-04 13:15:03
 3  0      0 5708652  17920 375396    0    0     0     0 14000 20371 10  3 87  0  0  0 2026-10-04 13:15:13
 0  0      0 5668836  17920 375396    0    0     0     0 14049 20709  8  3 89  0  0  0 2026-10-04 13:15:23
 2  0      0 5489664  17928 375396    0    0     0   204 12918 18218 16  3 81  0  0  0 2026-10-04 13:15:33
 1  0      0 5489436  17928 375396    0    0     0     1 13557 19859  8  2 90  0  0  0 2026-10-04 13:15:43
 0  0      0 5489416  17928 375396    0    0     0     0 13530 19809  8  2 90  0  0  0 2026-10-04 13:15:53
procs -----------memory---------- ---swap-- -----io---- -system-- -------cpu------- -----timestamp-----
 r  b   swpd   free   buff  cache   si   so    bi    bo   in   cs us sy id wa st gu                 UTC
 2  1      0 5462956  17936 375392    0    0     0     4 12607 17663 16  2 81  0  0  0 2026-10-04 13:16:03
 0  0      0 5461192  17936 375396    0    0     0     0 13730 20091  8  3 89  0  0  0 2026-10-04 13:16:13
 0  0      0 5461192  17936 375396    0    0     0     0 13406 19545  8  3 90  0  0  0 2026-10-04 13:16:23
 2  0      0 5461192  17936 375396    0    0     0    78 12468 17461 16  2 81  0  0  0 2026-10-04 13:16:33
 0  0      0 5461192  17944 375396    0    0     0     3 13240 19183  8  2 90  0  0  0 2026-10-04 13:16:43
 0  0      0 5461192  17944 375396    0    0     0     0 13392 19528  8  2 90  0  0  0 2026-10-04 13:16:53
 3  0      0 5258344  17948 375428    0    0     3     0 12421 17228 16  3 81  0  0  0 2026-10-04 13:17:03
 0  0      0 5258344  17948 375428    0    0     0     0 13825 20305  8  3 89  0  0  0 2026-10-04 13:17:13
 0  0      0 5256580  17956 375428    0    0     0     4 13711 20164  8  2 90  0  0  0 2026-10-04 13:17:23
 1  0      0 5256580  17956 375428    0    0     0   158 13843 20409  8  3 90  0  0  0 2026-10-04 13:17:33
 2  0      0 5252044  17956 375428    0    0     0     1 12777 18093 16  2 81  0  0  0 2026-10-04 13:17:43
 3  0      0 5252044  17956 375428    0    0     0     2 13630 19917  7  2 90  0  0  0 2026-10-04 13:17:53
 0  0      0 5250280  17964 375428    0    0     0     3 13428 19521  8  2 90  0  0  0 2026-10-04 13:18:03
 2  0      0 5250280  17964 375428    0    0     0     0 12970 18818  7  2 90  0  0  0 2026-10-04 13:18:13
 3  0      0 5226844  17964 375444    0    0     0     0 9103 12778 14  2 85  0  0  0 2026-10-04 13:18:23
 0  0      0 5226844  17972 375444    0    0     0    82 3893 4957  2  1 98  0  0  0 2026-10-04 13:18:33
 0  0      0 7305460  17972 371128    0    0     0     0  902  826  1  1 99  0  0  0 2026-10-04 13:18:43
 0  0      0 7305460  17972 371128    0    0     0     0   59   51  0  0 100  0  0  0 2026-10-04 13:18:53
 0  0      0 7305932  17992 371128    0    0     0     8   71   66  0  0 100  0  0  0 2026-10-04 13:19:03
 0  0      0 5961788  17992 371256    0    0    13     2 4200 3144 25  3 71  0  0  0 2026-10-04 13:19:13
 0  0      0 5817376  17992 372160    0    0     0     0 8284 12039  4  2 94  0  0  0 2026-10-04 13:19:23
procs -----------memory---------- ---swap-- -----io---- -system-- -------cpu------- -----timestamp-----
 r  b   swpd   free   buff  cache   si   so    bi    bo   in   cs us sy id wa st gu                 UTC
 0  0      0 5596560  18004 373440    0    0     0    73 11296 16480  5  2 92  0  0  0 2026-10-04 13:19:33
 0  0      0 5486524  18004 374736    0    0     0     0 12739 17750 16  3 81  0  0  0 2026-10-04 13:19:43
 0  0      0 5351872  18004 376032    0    0     0     0 15228 21910  9  3 88  0  0  0 2026-10-04 13:19:53
 2  0      0 4991256  18004 377300    0    0     0     3 16611 23225 11  4 85  0  0  0 2026-10-04 13:20:03
 0  0      0 4929472  18012 378196    0    0     0     3 16236 21633 23  3 74  0  0  0 2026-10-04 13:20:13
 0  0      0 4876048  18012 378196    0    0     0     0 16818 24030 11  4 85  0  0  0 2026-10-04 13:20:23
 0  0      0 4565348  18012 378196    0    0     0   148 15078 20032 23  4 73  0  0  0 2026-10-04 13:20:33
 0  0      0 4565348  18020 378200    0    0     0     4 16555 23487 11  3 87  0  0  0 2026-10-04 13:20:43
 0  0      0 4564592  18020 378200    0    0     0     0 16277 23042 11  3 86  0  0  0 2026-10-04 13:20:53
 1  0      0 4492500  18020 378200    0    0     0     1 14759 19355 24  3 73  0  0  0 2026-10-04 13:21:03
 0  0      0 4492500  18028 378204    0    0     0     4 16512 23415 11  3 86  0  0  0 2026-10-04 13:21:13
 0  0      0 4492500  18028 378204    0    0     0     0 16215 22873 11  3 86  0  0  0 2026-10-04 13:21:23
 0  0      0 4491240  18028 378204    0    0     0    78 14918 19961 24  3 73  0  0  0 2026-10-04 13:21:33
 1  0      0 4491240  18028 378204    0    0     0     0 15993 22407 12  3 85  0  0  0 2026-10-04 13:21:43
 0  0      0 4491240  18036 378204    0    0     0     4 16254 22888 11  3 86  0  0  0 2026-10-04 13:21:53
 0  0      0 4318136  18036 378204    0    0     0     0 16193 22615 11  3 85  0  0  0 2026-10-04 13:22:03
 3  0      0 4223388  18036 378204    0    0     0     0 15312 20458 24  3 72  0  0  0 2026-10-04 13:22:13
 0  0      0 4223388  18036 378204    0    0     0     0 16354 23159 10  3 87  0  0  0 2026-10-04 13:22:23
 0  0      0 4223388  18044 378204    0    0     0    81 16038 22559 11  3 87  0  0  0 2026-10-04 13:22:33
 0  0      0 4220364  18044 378204    0    0     0     0 14540 19238 23  3 74  0  0  0 2026-10-04 13:22:43
 0  0      0 4220364  18044 378204    0    0     0     0 15902 22289 10  3 87  0  0  0 2026-10-04 13:22:53
procs -----------memory---------- ---swap-- -----io---- -system-- -------cpu------- -----timestamp-----
 r  b   swpd   free   buff  cache   si   so    bi    bo   in   cs us sy id wa st gu                 UTC
 0  0      0 4220364  18052 378204    0    0     0     4 15827 22037 11  3 86  0  0  0 2026-10-04 13:23:03
 0  0      0 4220364  18052 378204    0    0     0     0 15381 21051 11  3 86  0  0  0 2026-10-04 13:23:13
 0  0      0 4213560  18052 378204    0    0     0     0 10563 13367 21  2 77  0  0  0 2026-10-04 13:23:23
 0  0      0 4213560  18060 378204    0    0     0    81 6169 7926  4  1 95  0  0  0 2026-10-04 13:23:33
 0  0      0 7297976  18060 371308    0    0     0     0 2193 2223  1  1 97  0  0  0 2026-10-04 13:23:43
 0  0      0 7298228  18060 371308    0    0     0     0   51   56  0  0 100  0  0  0 2026-10-04 13:23:53
 0  0      0 7296464  18084 371308    0    0     2   176   79   73  0  0 100  0  0  0 2026-10-04 13:24:03
 2  0      0 5776520  18084 371352    0    0     4     2 2452  389 28  4 69  0  0  0 2026-10-04 13:24:13
 0  0      0 5408424  18084 372168    0    0     0     0 8643 11750 16  2 82  0  0  0 2026-10-04 13:24:23
 1  0      0 5267116  18092 373900    0    0     0    83 12300 17820  6  3 91  0  0  0 2026-10-04 13:24:33
 0  0      0 5002752  18092 375628    0    0     0     0 15179 21825  9  3 87  0  0  0 2026-10-04 13:24:43
 0  0      0 4620248  18092 377332    0    0     0     0 15530 20153 25  4 71  0  0  0 2026-10-04 13:24:53
 0  0      0 4588992  18100 379060    0    0     0     7 18550 25472 14  4 82  0  0  0 2026-10-04 13:25:03
 0  0      0 4137980  18100 380772    0    0     0     0 20319 27412 15  5 79  0  0  0 2026-10-04 13:25:13
 1  0      0 3884228  18100 380812    0    0     0     0 16336 19903 32  4 64  0  0  0 2026-10-04 13:25:23
 0  0      0 3878936  18108 380812    0    0     0   172 17915 24008 14  4 82  0  0  0 2026-10-04 13:25:33
 0  0      0 3744116  18108 380812    0    0     0     1 18398 24845 14  4 82  0  0  0 2026-10-04 13:25:43
 0  0      0 3490072  18108 380812    0    0     0     0 16674 20612 31  4 65  0  0  0 2026-10-04 13:25:53
 3  0      0 3490072  18108 380812    0    0     0     1 18716 25744 14  3 82  0  0  0 2026-10-04 13:26:03
 2  0      0 3490072  18116 380812    0    0     0     3 19394 26926 13  3 83  0  0  0 2026-10-04 13:26:13
 0  0      0 3475708  18116 380812    0    0     0     0 16522 20709 31  3 65  0  0  0 2026-10-04 13:26:23
procs -----------memory---------- ---swap-- -----io---- -system-- -------cpu------- -----timestamp-----
 r  b   swpd   free   buff  cache   si   so    bi    bo   in   cs us sy id wa st gu                 UTC
 0  0      0 3475708  18116 380812    0    0     0    78 18723 25520 13  4 83  0  0  0 2026-10-04 13:26:33
 0  0      0 3471424  18120 380884    0    0     0     2 17914 24142 15  4 81  0  0  0 2026-10-04 13:26:43
 2  0      0 3209720  18132 380892    0    0     0    10 16746 20982 27  4 69  0  0  0 2026-10-04 13:26:53
 3  0      0 3181892  18132 380892    0    0     0     1 17724 23224 22  4 74  0  0  0 2026-10-04 13:27:03
 3  0      0 3181892  18132 380892    0    0     0     3 18564 25230 14  4 82  0  0  0 2026-10-04 13:27:13
 0  0      0 3180632  18132 380892    0    0     0     6 17799 24020 14  4 82  0  0  0 2026-10-04 13:27:23
 0  0      0 3153920  18140 380892    0    0     0    82 15674 19129 33  3 64  0  0  0 2026-10-04 13:27:33
 0  0      0 3153920  18140 380892    0    0     0     0 18492 25264 14  4 82  0  0  0 2026-10-04 13:27:43
 0  0      0 3153920  18140 380892    0    0     0     0 19422 26719 15  4 82  0  0  0 2026-10-04 13:27:53
 0  0      0 3153920  18148 380892    0    0     0     5 19208 26245 14  4 82  0  0  0 2026-10-04 13:28:03
 3  0      0 3111836  18148 380892    0    0     0     0 16370 20172 33  3 64  0  0  0 2026-10-04 13:28:13
 0  0      0 3111344  18148 380908    0    0     0     0 15673 20764 13  3 84  0  0  0 2026-10-04 13:28:23
 0  0      0 3111344  18156 380908    0    0     0    70 8745 10870  7  2 92  0  0  0 2026-10-04 13:28:33
 0  0      0 3111344  18156 380908    0    0     0     0 4008 4608  2  0 98  0  0  0 2026-10-04 13:28:43
 0  0      0 7294772  18156 371592    0    0     0     0  786  178  1  1 98  0  0  0 2026-10-04 13:28:53
 0  0      0 7294772  18180 371596    0    0     1    73   71   74  0  0 100  0  0  0 2026-10-04 13:29:03
 0  0      0 7294772  18180 371596    0    0     0     0   70   70  0  0 100  0  0  0 2026-10-04 13:29:13
