procs -----------memory---------- ---swap-- -----io---- -system-- -------cpu------- -----timestamp-----
 r  b   swpd   free   buff  cache   si   so    bi    bo   in   cs us sy id wa st gu                 UTC
 1  0      0 7385332  14940 291768    0    0  7425    88 1145    7  7  8 83  3  0  0 2026-09-29 09:41:10
 3  0      0 5975984  15000 331636    0    0  3862   551 6858 6792 32  5 60  2  0  0 2026-09-29 09:41:20
 0  0      0 5836820  15000 332932    0    0     0     7 9243 13493  6  3 92  0  0  0 2026-09-29 09:41:30
 0  0      0 5608144  15000 334244    0    0     0     0 11961 17321  7  4 89  0  0  0 2026-09-29 09:41:40
 0  0      0 5328792  15012 335524    0    0     0   202 12710 17119 20  4 76  0  0  0 2026-09-29 09:41:50
 0  0      0 5307532  15012 336808    0    0     0     0 15025 21090 11  4 85  0  0  0 2026-09-29 09:42:00
 2  0      0 5051472  15012 338100    0    0     0     0 16124 21986 13  5 82  0  0  0 2026-09-29 09:42:10
 3  0      0 4848796  15020 338580    0    0     0    81 14068 17636 26  4 70  0  0  0 2026-09-29 09:42:20
 0  0      0 4849756  15020 338580    0    0     0     0 15176 20770 13  4 84  0  0  0 2026-09-29 09:42:30
 0  0      0 4675884  15020 338580    0    0     0     0 14954 20250 13  4 83  0  0  0 2026-09-29 09:42:40
 1  0      0 4521412  15024 338592    0    0     0     1 13537 16739 27  3 70  0  0  0 2026-09-29 09:42:50
 0  0      0 4534556  15032 338592    0    0     0     6 14992 20365 13  4 83  0  0  0 2026-09-29 09:43:00
 0  0      0 4527976  15032 338592    0    0     0     0 15414 21270 13  4 83  0  0  0 2026-09-29 09:43:10
 0  0      0 4493512  15320 362540    0    0  1028    79 13390 17006 27  6 67  0  0  0 2026-09-29 09:43:20
 0  0      0 4493260  15320 362540    0    0     0     2 15418 21319 13  4 83  0  0  0 2026-09-29 09:43:30
 2  0      0 4492756  15328 362540    0    0     0    10 15412 21251 13  4 83  0  0  0 2026-09-29 09:43:40
 3  0      0 4477532  15328 362552    0    0     0     0 14105 18221 27  4 69  0  0  0 2026-09-29 09:43:50
 0  0      0 4469664  15328 362552    0    0     0     0 15256 20915 13  4 83  0  0  0 2026-09-29 09:44:00
 0  0      0 4470144  15328 362552    0    0     0     8 15572 21426 13  4 83  0  0  0 2026-09-29 09:44:10
 2  0      0 4212604  15336 362552    0    0     0    81 13706 17216 26  4 69  0  0  0 2026-09-29 09:44:20
 0  0      0 4225112  15336 362552    0    0     0     0 15605 21795 13  4 83  0  0  0 2026-09-29 09:44:30
procs -----------memory---------- ---swap-- -----io---- -system-- -------cpu------- -----timestamp-----
 r  b   swpd   free   buff  cache   si   so    bi    bo   in   cs us sy id wa st gu                 UTC
 0  0      0 4223344  15336 362552    0    0     0     0 15115 20912 12  4 84  0  0  0 2026-09-29 09:44:40
 3  0      0 4223344  15348 362552    0    0     0     6 15438 21163 13  4 84  0  0  0 2026-09-29 09:44:50
 2  0      0 4217588  15348 362552    0    0     0     0 13504 17411 26  3 71  0  0  0 2026-09-29 09:45:00
 2  0      0 4216320  15348 362588    0    0     2     0 15871 21895 13  4 83  0  0  0 2026-09-29 09:45:10
 0  0      0 4216320  15356 362588    0    0     0   198 14719 20240 12  4 84  0  0  0 2026-09-29 09:45:20
 0  0      0 4216320  15356 362588    0    0     0     0 10774 14818  8  2 89  0  0  0 2026-09-29 09:45:30
 0  0      0 4216320  15356 362588    0    0     0     1 5517 7402  3  1 96  0  0  0 2026-09-29 09:45:40
 0  0      0 7322524  15548 356148    0    0    84     9 1661 1789  2  1 97  0  0  0 2026-09-29 09:45:50
 0  0      0 7322656  15548 356148    0    0     0     0  150  160  0  0 100  0  0  0 2026-09-29 09:46:00
 0  0      0 7322656  15548 356148    0    0     0     0  154  173  0  0 100  0  0  0 2026-09-29 09:46:10
 0  0      0 5545176  15556 356188    0    0     4   204 4356 2771 36  5 59  0  0  0 2026-09-29 09:46:20
 0  0      0 5344340  15556 357652    0    0     0     0 10155 14830  6  3 91  0  0  0 2026-09-29 09:46:30
 2  0      0 5157660  15556 359396    0    0     0     0 12362 17025 20  4 76  0  0  0 2026-09-29 09:46:40
 0  0      0 5022076  15568 361096    0    0     0   102 15577 22341 12  4 84  0  0  0 2026-09-29 09:46:50
 3  0      0 4662780  15568 362828    0    0     0     0 16879 23307 14  6 81  0  0  0 2026-09-29 09:47:00
 0  0      0 4288324  15568 364540    0    0     0     1 15960 19223 33  6 61  0  0  0 2026-09-29 09:47:10
 0  0      0 4268396  15576 365944    0    0     0     5 18032 23446 18  5 77  0  0  0 2026-09-29 09:47:20
 2  0      0 3923440  15576 365944    0    0     0     0 15895 19945 16  5 78  0  0  0 2026-09-29 09:47:30
 3  0      0 3694376  15576 365944    0    0     0     0 14219 15751 36  4 60  0  0  0 2026-09-29 09:47:40
 0  0      0 3688220  15576 365944    0    0     0     2 17157 21972 17  4 79  0  0  0 2026-09-29 09:47:50
 2  0      0 3686436  15584 365952    0    0     0     3 16309 20953 16  4 79  0  0  0 2026-09-29 09:48:00
procs -----------memory---------- ---swap-- -----io---- -system-- -------cpu------- -----timestamp-----
 r  b   swpd   free   buff  cache   si   so    bi    bo   in   cs us sy id wa st gu                 UTC
 0  0      0 3477064  15584 365952    0    0     0     0 15874 18520 36  4 60  0  0  0 2026-09-29 09:48:10
 0  0      0 3477472  15584 365952    0    0     0    78 16565 21210 17  4 80  0  0  0 2026-09-29 09:48:20
 0  0      0 3477472  15584 365952    0    0     0     2 16478 21430 16  4 80  0  0  0 2026-09-29 09:48:30
 0  0      0 3466636  15592 365952    0    0     0     1 14602 17137 36  4 60  0  0  0 2026-09-29 09:48:40
 1  0      0 3466636  15592 365952    0    0     0     0 16803 21329 17  4 79  0  0  0 2026-09-29 09:48:50
 2  0      0 3464872  15592 365952    0    0     0     0 16221 20676 16  4 80  0  0  0 2026-09-29 09:49:00
 2  0      0 3246820  15600 365952    0    0     0     4 16780 20528 24  4 71  0  0  0 2026-09-29 09:49:10
 0  0      0 3176844  15600 365952    0    0     0    78 15667 19018 29  4 67  0  0  0 2026-09-29 09:49:20
 0  0      0 3187248  15600 365952    0    0     0     0 16631 21579 17  4 79  0  0  0 2026-09-29 09:49:30
 3  0      0 3187248  15608 365952    0    0     0     4 16325 21070 16  4 80  0  0  0 2026-09-29 09:49:40
 0  0      0 3181480  15608 365952    0    0     0     0 14687 17295 36  4 60  0  0  0 2026-09-29 09:49:50
 0  0      0 3179716  15608 365952    0    0     0     0 16004 20404 16  4 79  0  0  0 2026-09-29 09:50:00
 0  0      0 3178736  15608 365964    0    0     0     0 17375 21665 17  4 79  0  0  0 2026-09-29 09:50:10
 3  0      0 3178484  15616 365964    0    0     0   152 15711 19678 16  4 80  0  0  0 2026-09-29 09:50:20
 0  0      0 3177980  15616 365964    0    0     0     0 11399 12653 32  3 65  0  0  0 2026-09-29 09:50:30
 0  0      0 3177980  15616 365964    0    0     0     0 8355 10952  7  2 91  0  0  0 2026-09-29 09:50:40
 0  0      0 7314092  15632 356288    0    0     0     6 3874 4496  3  2 95  0  0  0 2026-09-29 09:50:50
 0  0      0 7317452  15632 356288    0    0     0     0  161  176  0  0 100  0  0  0 2026-09-29 09:51:00
 0  0      0 7317880  15632 356288    0    0     0     0  154  170  0  0 100  0  0  0 2026-09-29 09:51:10
 2  0      0 6674664  15640 356288    0    0     0    84 1234  491 12  2 86  0  0  0 2026-09-29 09:51:20
 0  0      0 4519080  15640 356912    0    0     0     2 9366 9062 51  7 42  0  0  0 2026-09-29 09:51:30
procs -----------memory---------- ---swap-- -----io---- -system-- -------cpu------- -----timestamp-----
 r  b   swpd   free   buff  cache   si   so    bi    bo   in   cs us sy id wa st gu                 UTC
 0  0      0 4312144  15640 359436    0    0     0     0 14580 21372 10  4 86  0  0  0 2026-09-29 09:51:40
 3  0      0 3904676  15640 362036    0    0     0     2 17090 23788 14  5 81  0  0  0 2026-09-29 09:51:50
 2  0      0 3357072  15648 364612    0    0     0     4 17615 22876 17  6 77  0  0  0 2026-09-29 09:52:00
 0  0      0 2997968  15648 367176    0    0     0     0 18022 17959 44  5 50  0  0  0 2026-09-29 09:52:10
 2  0      0 2934440  15648 368496    0    0     0    78 21627 25341 22  6 72  0  0  0 2026-09-29 09:52:20
 0  0      0 2476052  15648 368504    0    0     1     4 25523 29176 22 10 68  0  0  0 2026-09-29 09:52:30
 2  0      0 1972416  15656 368508    0    0     0     1 20289 18230 48  9 43  0  0  0 2026-09-29 09:52:40
 0  0      0 1966116  15656 368508    0    0     0     0 25311 29929 20  8 72  0  0  0 2026-09-29 09:52:50
 2  0      0 1954020  15656 368508    0    0     0     0 24843 30088 19  9 72  0  0  0 2026-09-29 09:53:00
 0  0      0 1806112  15664 368508    0    0     0     4 25382 30244 20  9 71  0  0  0 2026-09-29 09:53:10
 0  0      0 1403816  15664 368508    0    0     0    78 20668 18460 50  9 41  0  0  0 2026-09-29 09:53:20
 5  0      0 1403816  15664 368508    0    0     0     0 24928 29273 21  8 71  0  0  0 2026-09-29 09:53:30
 0  0      0 1403816  15672 368508    0    0     0     4 25347 30071 20  9 71  0  0  0 2026-09-29 09:53:40
 2  0      0 1403616  15672 368508    0    0     0     0 24936 29634 20  9 71  0  0  0 2026-09-29 09:53:50
 0  0      0 1349640  15672 368508    0    0     0     0 20499 18544 49  8 43  0  0  0 2026-09-29 09:54:00
 1  0      0 1350308  15672 368508    0    0     0     1 25040 29654 20  9 72  0  0  0 2026-09-29 09:54:10
 2  0      0 1350308  15680 368508    0    0     0    81 25018 29618 20  9 72  0  0  0 2026-09-29 09:54:20
 2  0      0 1350308  15680 368508    0    0     0     0 22204 22474 39  8 52  0  0  0 2026-09-29 09:54:30
 2  0      0 1339976  15680 368508    0    0     0     0 22919 25145 32  9 59  0  0  0 2026-09-29 09:54:40
 4  0      0 1339976  15680 368508    0    0     0     2 24771 29090 20  9 71  0  0  0 2026-09-29 09:54:50
 0  0      0 1339984  15688 368508    0    0     0     3 25257 29839 20  9 71  0  0  0 2026-09-29 09:55:00
procs -----------memory---------- ---swap-- -----io---- -system-- -------cpu------- -----timestamp-----
 r  b   swpd   free   buff  cache   si   so    bi    bo   in   cs us sy id wa st gu                 UTC
 2  0      0 1337980  15688 368512    0    0     0     0 20324 18827 48  8 44  0  0  0 2026-09-29 09:55:10
 1  0      0 1337728  15688 368512    0    0     0   162 24668 29074 21  9 70  0  0  0 2026-09-29 09:55:20
 2  0      0 1337728  15688 368512    0    0     0     1 24522 29326 20  8 72  0  0  0 2026-09-29 09:55:30
 1  0      0 1337728  15700 368512    0    0     0     5 20264 25603 17  5 77  0  0  0 2026-09-29 09:55:40
 0  0      0 1334980  16176 368704    0    0    46   187 7697 9464  7  2 91  0  0  0 2026-09-29 09:55:50
 0  0      0 7295920  16176 359424    0    0     0     0 2955 3034  2  2 95  0  0  0 2026-09-29 09:56:00
 0  0      0 7295872  16176 359424    0    0     0     2  159  173  0  0 100  0  0  0 2026-09-29 09:56:10
 0  0      0 7295872  16184 359424    0    0     0     5  145  156  0  0 100  0  0  0 2026-09-29 09:56:20
 2  0      0 5554660  16184 359424    0    0     0     2 3349  960 37  5 58  0  0  0 2026-09-29 09:56:30
 0  0      0 3676608  16184 359424    0    0     0     0 11077 12521 44  7 49  0  0  0 2026-09-29 09:56:40
 3  0      0 3247788  16192 361520    0    0     0     9 16797 23713 14  6 81  0  0  0 2026-09-29 09:56:50
 0  0      0 2655892  16192 364744    0    0     0     0 19097 24979 18  7 75  0  0  0 2026-09-29 09:57:00
 2  0      0 2079816  16192 368216    0    0     0     0 17492 15885 51  6 42  0  0  0 2026-09-29 09:57:10
 3  0      0 1999048  16200 368664    0    0     0    80 24010 27406 25  8 67  0  0  0 2026-09-29 09:57:20
 2  0      0 1512784  16200 368664    0    0     0     0 30138 36283 31 12 57  0  0  0 2026-09-29 09:57:30
 2  0      0 775560  16200 368664    0    0     0     0 31948 38915 32 15 53  0  0  0 2026-09-29 09:57:40
 1  0      0 324888  16200 368664    0    0     0     1 22846 19802 67 12 21  0  0  0 2026-09-29 09:57:50
 0  0      0 322620  16208 368664    0    0     0     3 32013 40282 29 13 58  0  0  0 2026-09-29 09:58:00
 3  0      0 304200  16208 368664    0    0     0     0 32196 40684 28 13 59  0  0  0 2026-09-29 09:58:10
 3  0      0 190684   7104 326576    0    0     0    78 32050 39388 28 13 60  0  0  0 2026-09-29 09:58:20
 6  3      0 101160     40  53672    0    0 94654     5 19562 18394 26 51 20  3  0  0 2026-09-29 10:00:39
procs -----------memory---------- ---swap-- -----io---- -system-- -------cpu------- -----timestamp-----
 r  b   swpd   free   buff  cache   si   so    bi    bo   in   cs us sy id wa st gu                 UTC
 7 14      0 1083456    176  58828    0    0 1876972     5 79048 42105  0 100  0  0  0  0 2026-09-29 10:05:01

