procs -----------memory---------- ---swap-- -----io---- -system-- -------cpu------- -----timestamp-----
 r  b   swpd   free   buff  cache   si   so    bi    bo   in   cs us sy id wa st gu                 UTC
 2  0      0 285888  63596 1146204    0    0     6    61   74    0  0  0 100  0  0  0 2026-09-29 09:41:10
 0  0      0 281096  63596 1146344    0    0     7    13 1749 1293  6  2 91  0  0  0 2026-09-29 09:41:20
 1  0      0 278664  63608 1146744    0    0     0   215 3891 3039 15  6 78  1  0  0 2026-09-29 09:41:30
 0  0      0 274796  63608 1148112    0    0     0   307 5429 4669 24  9 66  1  0  0 2026-09-29 09:41:40
 2  0      0 211108  63632 1152936    0    0     0   766 5980 5468 34 12 50  1  2  0 2026-09-29 09:41:50
 4  0      0 198288  63632 1157276    0    0     0   875 6729 6572 40 14 42  1  2  0 2026-09-29 09:42:00
 0  0      0 188728  63632 1160832    0    0     0  1011 7230 7292 49 16 33  1  0  0 2026-09-29 09:42:10
 3  0      0 179448  63632 1163808    0    0     0  1108 6887 7272 52 16 31  2  0  0 2026-09-29 09:42:20
 2  0      0 183296  63640 1165208    0    0     0  1080 6941 7415 51 16 31  2  0  0 2026-09-29 09:42:30
 2  1      0 180656  63640 1166308    0    0     0   932 6995 7411 50 16 32  2  0  0 2026-09-29 09:42:40
 1  0      0 175936  63640 1167456    0    0     0   966 6660 6735 54 16 28  1  1  0 2026-09-29 09:42:50
 7  0      0 173740  63644 1168416    0    0     0   935 6761 7230 51 16 30  2  2  0 2026-09-29 09:43:00
 3  0      0 162944  63644 1169328    0    0     0   934 6978 7440 52 17 30  1  0  0 2026-09-29 09:43:10
 4  0      0 170568  63644 1170028    0    0     0   893 6690 7090 51 15 32  1  0  0 2026-09-29 09:43:20
 4  0      0 170916  63648 1170696    0    0     0  1030 6905 7412 52 16 30  2  0  0 2026-09-29 09:43:30
 4  1      0 167936  63648 1171460    0    0     0   949 6786 7353 51 16 31  2  0  0 2026-09-29 09:43:40
 3  0      0 161784  63648 1172056    0    0     0   880 6923 6893 51 16 29  1  1  0 2026-09-29 09:43:50
 5  0      0 180556  63680 1156632    0    0     0   891 6864 7152 49 16 31  2  2  0 2026-09-29 09:44:00
 2  0      0 178688  63680 1157360    0    0     0   824 6870 7381 52 16 30  1  0  0 2026-09-29 09:44:10
 5  1      0 177248  63680 1158044    0    0     0   885 6667 7174 52 16 30  2  0  0 2026-09-29 09:44:20
 5  0      0 179344  63688 1158744    0    0     0   952 6950 7427 50 16 33  2  0  0 2026-09-29 09:44:30
procs -----------memory---------- ---swap-- -----io---- -system-- -------cpu------- -----timestamp-----
 r  b   swpd   free   buff  cache   si   so    bi    bo   in   cs us sy id wa st gu                 UTC
 2  0      0 169792  63688 1159500    0    0     0   854 7168 7345 48 16 35  2  0  0 2026-09-29 09:44:40
 6  0      0 168572  63688 1160352    0    0     0   857 6900 7209 52 16 29  2  2  0 2026-09-29 09:44:50
 6  0      0 163892  63692 1161312    0    0     0   784 6512 6879 48 15 32  1  5  0 2026-09-29 09:45:00
 4  0      0 158556  63692 1162332    0    0     0   830 6896 7329 54 17 26  1  1  0 2026-09-29 09:45:10
 1  0      0 175184  63692 1162944    0    0     0   816 6972 7223 48 15 35  2  0  0 2026-09-29 09:45:20
 0  0      0 187180  63696 1163556    0    0     0   868 5627 5272 29 10 59  2  0  0 2026-09-29 09:45:30
 0  0      0 208936  63696 1163708    0    0     0   180 1574 1241  6  2 91  1  0  0 2026-09-29 09:45:40
 0  0      0 295304  63696 1157764    0    0     0     3  351   99  0  1 99  0  0  0 2026-09-29 09:45:50
 0  0      0 295304  63704 1157764    0    0     0    25   60   58  0  0 100  0  0  0 2026-09-29 09:46:00
 0  0      0 307228  63704 1156544    0    0     0     0  111   86  0  0 100  0  0  0 2026-09-29 09:46:10
 1  0      0 290664  63704 1156544    0    0     0     0  514  351  2  1 97  0  0  0 2026-09-29 09:46:20
 0  0      0 251060  63712 1157260    0    0     0   288 4232 3184 17  6 76  1  0  0 2026-09-29 09:46:30
 0  0      0 207364  63712 1158936    0    0     0   323 5636 4855 27 10 62  1  0  0 2026-09-29 09:46:40
 1  0      0 195224  63732 1164368    0    0     0   838 6915 6163 38 13 46  1  2  0 2026-09-29 09:46:50
 8  0      0 178540  63732 1170048    0    0     0  1221 7298 7175 46 15 35  1  2  0 2026-09-29 09:47:00
 0  0      0 166600  63732 1174720    0    0     0  1188 7381 7687 59 18 22  1  0  0 2026-09-29 09:47:10
 5  0      0 156508  63732 1179712    0    0     0  1416 7843 8201 66 21 12  1  0  0 2026-09-29 09:47:20
 5  0      0 152296  63732 1182540    0    0     0  1298 7526 7924 65 19 15  1  0  0 2026-09-29 09:47:30
 6  0      0 147424  63736 1184648    0    0     0  1336 7538 7588 65 19 15  1  0  0 2026-09-29 09:47:40
 5  0      0 144516  63736 1186200    0    0     0  1184 7666 7645 69 19 10  1  0  0 2026-09-29 09:47:50
 5  0      0 132728  63736 1188428    0    0     0  1225 7368 7601 64 19 14  1  3  0 2026-09-29 09:48:00
procs -----------memory---------- ---swap-- -----io---- -system-- -------cpu------- -----timestamp-----
 r  b   swpd   free   buff  cache   si   so    bi    bo   in   cs us sy id wa st gu                 UTC
 3  0      0 128060  63736 1189848    0    0     0  1265 7843 7872 68 21 10  1  0  0 2026-09-29 09:48:10
 3  0      0 128276  63736 1191192    0    0     0  1169 7788 7643 64 19 15  1  0  0 2026-09-29 09:48:20
 4  0      0 125664  63740 1192420    0    0     0  1315 7553 8027 66 19 14  1  0  0 2026-09-29 09:48:30
 2  0      0 124172  63740 1193856    0    0     0  1210 7469 7877 65 19 15  1  0  0 2026-09-29 09:48:40
 7  0      0 123180  63740 1194892    0    0     0  1210 7646 7720 68 20 10  1  1  0 2026-09-29 09:48:50
 5  0      0 121212  63740 1195960    0    0     0  1121 7431 7780 64 19 14  1  2  0 2026-09-29 09:49:00
 7  0      0 119688  63740 1197364    0    0     0  1206 8079 7880 68 20 11  1  0  0 2026-09-29 09:49:10
 6  1      0 118696  63740 1198768    0    0     0  1192 7562 7878 66 19 14  1  0  0 2026-09-29 09:49:20
11  0      0 117456  63744 1200084    0    0     0  1348 7475 8023 66 19 14  1  0  0 2026-09-29 09:49:30
 4  0      0 116464  63744 1201260    0    0     0  1189 7253 8033 66 19 14  1  0  0 2026-09-29 09:49:40
 0  1      0 115220  63744 1202316    0    0     0  1188 7339 7544 68 20 11  1  0  0 2026-09-29 09:49:50
 3  0      0 110488  63748 1203320    0    0     0  1218 7482 7617 63 19 14  1  2  0 2026-09-29 09:50:00
 4  0      0 108780  63748 1204364    0    0     0  1148 8095 7696 69 20 10  1  0  0 2026-09-29 09:50:10
 5  0      0 109832  63748 1205440    0    0     0  1166 7706 7418 65 19 14  1  0  0 2026-09-29 09:50:20
 2  1      0 105824  63756 1206428    0    0     0  1190 7156 6814 49 15 33  2  1  0 2026-09-29 09:50:30
 0  0      0 142172  63756 1206832    0    0     0   582 4165 3766 21  7 70  2  0  0 2026-09-29 09:50:40
 0  0      0 225272  63772 1197876    0    0     0   148  858  348  1  2 97  0  0  0 2026-09-29 09:50:50
 0  0      0 259356  63788 1181580    0    0     0   323  115  107  0  0 100  0  0  0 2026-09-29 09:51:00
 0  0      0 259356  63788 1181184    0    0     0     2  104   81  0  0 100  0  0  0 2026-09-29 09:51:10
 0  0      0 259356  63788 1181184    0    0     0     0   38   35  0  0 100  0  0  0 2026-09-29 09:51:20
 1  0      0 215788  63800 1181196    0    0     0    44 2175 1533  8  3 88  0  0  0 2026-09-29 09:51:30
procs -----------memory---------- ---swap-- -----io---- -system-- -------cpu------- -----timestamp-----
 r  b   swpd   free   buff  cache   si   so    bi    bo   in   cs us sy id wa st gu                 UTC
 3  0      0 197568  63800 1183128    0    0     0   346 6394 5218 26 11 62  1  0  0 2026-09-29 09:51:40
 2  0      0 139256  63816 1189932    0    0     0   965 7382 6907 46 17 34  1  2  0 2026-09-29 09:51:50
 9  0      0 116396  63816 1198020    0    0     0  1263 7775 7439 57 20 20  1  3  0 2026-09-29 09:52:00
 6  0      0 134440  62168 1164760    0    0     0  1468 9067 8251 76 24  0  0  0  0 2026-09-29 09:52:10
 9  0      0  91804  61820 1122356    0    0     0  1139 10022 7591 73 27  0  0  0  0 2026-09-29 09:52:20
 5  0      0  99944  61688 1078032    0    0     0  1160 11607 7543 72 27  0  0  0  0 2026-09-29 09:52:30
 6  0      0  94816  61688 1079736    0    0     0  1385 11267 8169 73 27  0  0  0  0 2026-09-29 09:52:40
 5  0      0  92548  61688 1071664    0    0     0  1014 11366 7523 73 27  0  0  0  0 2026-09-29 09:52:50
 8  0      0  90472  61692 1065824    0    0     0  1375 11298 8058 74 26  0  0  0  0 2026-09-29 09:53:00
 3  1      0  93980  61692 1051120    0    0     0  1167 11411 7921 74 26  0  0  0  0 2026-09-29 09:53:10
 7  0      0  97132  61692 1046220    0    0     0  1180 11817 8289 73 26  0  0  0  0 2026-09-29 09:53:20
 5  0      0  91924  61696 1048064    0    0     0  1175 11372 8019 73 26  0  0  0  0 2026-09-29 09:53:30
 8  0      0  96468  61696 1045920    0    0     0  1096 11263 7698 74 26  0  0  0  0 2026-09-29 09:53:40
 6  0      0  94948  61696 1047692    0    0     0  1158 11230 7626 74 26  0  0  0  0 2026-09-29 09:53:50
 4  0      0  92508  61700 1049108    0    0     0  1027 11809 7875 73 26  0  0  1  0 2026-09-29 09:54:00
 4  0      0 103872  61700 1037812    0    0     0  1132 11185 7735 74 26  0  0  0  0 2026-09-29 09:54:10
 4  0      0 100704  61700 1039352    0    0     0  1205 11366 7784 74 26  0  0  0  0 2026-09-29 09:54:20
 9  0      0  97484  61708 1040796    0    0     0  1266 11569 8141 74 26  0  0  0  0 2026-09-29 09:54:30
 8  0      0  96236  61708 1042344    0    0     0  1063 11643 7909 73 27  0  0  0  0 2026-09-29 09:54:40
 5  0      0  94280  61708 1043772    0    0     0  1090 10879 7287 72 26  0  0  2  0 2026-09-29 09:54:50
 9  0      0  92064  61712 1045400    0    0     0  1088 11136 7296 72 26  0  0  1  0 2026-09-29 09:55:00
procs -----------memory---------- ---swap-- -----io---- -system-- -------cpu------- -----timestamp-----
 r  b   swpd   free   buff  cache   si   so    bi    bo   in   cs us sy id wa st gu                 UTC
10  0      0  99320  61712 1041020    0    0     0  1037 11388 7656 74 26  0  0  0  0 2026-09-29 09:55:10
 6  0      0  96872  61712 1042656    0    0     0  1019 11086 7624 74 26  0  0  0  0 2026-09-29 09:55:20
 7  0      0  93712  61720 1044348    0    0     0  1382 11096 7469 74 26  0  0  0  0 2026-09-29 09:55:30
 9  0      0 103352  61720 1035364    0    0    19  1622 8528 8026 76 24  0  0  0  0 2026-09-29 09:55:40
 2  0      0  99588  61720 1036844    0    0     0   755 3595 2971 17  7 72  2  3  0 2026-09-29 09:55:50
 0  0      0 244232  61720 1025196    0    0     0    95  713  177  0  2 97  0  0  0 2026-09-29 09:56:00
 0  0      0 283004  61744 1025588    0    0     0    76   97   83  0  0 99  0  0  0 2026-09-29 09:56:10
 0  0      0 283004  61744 1025588    0    0     0     1   49   42  0  0 100  0  0  0 2026-09-29 09:56:20
 0  0      0 283004  61744 1025588    0    0     0   123   58   50  0  0 100  0  0  0 2026-09-29 09:56:30
 2  0      0 267472  61752 1025660    0    0     6    40 3558 2554 12  6 82  0  0  0 2026-09-29 09:56:40
 3  0      0 239704  61772 1030048    0    0     0   864 7458 6262 41 15 41  1  2  0 2026-09-29 09:56:50
 3  0      0 217596  61772 1035804    0    0     0  1285 8256 7999 57 20 21  1  1  0 2026-09-29 09:57:00
 5  0      0 154304  61772 1046896    0    0     0  1393 9325 8275 75 25  0  0  0  0 2026-09-29 09:57:10
 7  0      0 108788  61780 1042996    0    0     0  1134 11547 7612 72 28  0  0  0  0 2026-09-29 09:57:20
 5  1      0  98900  61780 1022552    0    0     0  1175 13638 8283 71 29  0  0  0  0 2026-09-29 09:57:30
 4  0      0  95764  61784 1020924    0    0     0  1235 14224 8453 71 29  0  0  0  0 2026-09-29 09:57:40
 4  0      0  92240  61788 1018424    0    0     0  1226 14066 8409 71 29  0  0  0  0 2026-09-29 09:57:50
12  0      0  92196  61788 1019300    0    0     0  1186 14215 8448 71 29  0  0  0  0 2026-09-29 09:58:00
 4  0      0  93716  61788 1011128    0    0     0  1126 14099 8347 71 28  0  0  0  0 2026-09-29 09:58:10
 6  0      0  95188  61792 1000020    0    0     0  1186 14454 8129 72 28  0  0  0  0 2026-09-29 09:58:20
 0  0      0 154000  59012 942552    0    0     0  1326 9789 7320 70 24  6  0  0  0 2026-09-29 09:58:30
procs -----------memory---------- ---swap-- -----io---- -system-- -------cpu------- -----timestamp-----
 r  b   swpd   free   buff  cache   si   so    bi    bo   in   cs us sy id wa st gu                 UTC
 0  0      0 221544  59012 943700    0    0     0   136  121  102  0  1 99  0  0  0 2026-09-29 09:58:40
 0  0      0 220304  59024 944872    0    0     0   124   94   85  0  0 100  0  0  0 2026-09-29 09:58:50
 0  0      0 356100  59032 946024    0    0     0   256  152  118  1  0 99  0  0  0 2026-09-29 09:59:00
 0  0      0 355284  59032 947192    0    0     0   106   83   70  0  0 100  0  0  0 2026-09-29 09:59:10
 0  0      0 354044  59032 948296    0    0     0   128   77   61  0  0 100  0  0  0 2026-09-29 09:59:20
 0  0      0 365396  59040 949332    0    0     0   114  520  272  0  0 99  0  0  0 2026-09-29 09:59:30
 0  0      0 368440  59040 950440    0    0     0   128  215  128  0  0 100  0  0  0 2026-09-29 09:59:40
 0  0      0 456668  59040 932860    0    0     0   129 2837 1359  0  2 97  0  1  0 2026-09-29 09:59:50
 0  0      0 454968  59044 933964    0    0     0   107   90   77  0  0 100  0  0  0 2026-09-29 10:00:00
 0  0      0 453692  59044 935188    0    0     0   128   83   66  0  0 99  0  1  0 2026-09-29 10:00:10
 0  0      0 452452  59044 936356    0    0     0   108  123   68  0  0 100  0  0  0 2026-09-29 10:00:20
 0  0      0 451208  59048 937684    0    0    17   264  105   85  0  0 100  0  0  0 2026-09-29 10:00:30
 0  0      0 449968  59048 938844    0    0     0   102   79   66  0  0 100  0  0  0 2026-09-29 10:00:40
 0  0      0 448728  59048 939964    0    0     0   132  119   70  0  0 100  0  0  0 2026-09-29 10:00:50
 0  0      0 447736  59060 941176    0    0     0   324  122  122  0  0 100  0  0  0 2026-09-29 10:01:00
 0  0      0 446548  59060 942280    0    0     0   129   77   63  0  0 100  0  0  0 2026-09-29 10:01:10
 0  0      0 446300  59080 942416    0    0     0    31   83   72  0  0 100  0  0  0 2026-09-29 10:01:20
 0  0      0 448076  59080 942416    0    0     0   166   58   53  0  0 100  0  0  0 2026-09-29 10:01:30
 0  0      0 448076  59080 942416    0    0     0     0   41   41  0  0 100  0  0  0 2026-09-29 10:01:40
 0  0      0 448076  59084 942416    0    0     0    12   46   36  0  0 100  0  0  0 2026-09-29 10:01:50
 0  0      0 448076  59084 942416    0    0     0     0   56   60  0  0 100  0  0  0 2026-09-29 10:02:00
procs -----------memory---------- ---swap-- -----io---- -system-- -------cpu------- -----timestamp-----
 r  b   swpd   free   buff  cache   si   so    bi    bo   in   cs us sy id wa st gu                 UTC
 0  0      0 448076  59084 942416    0    0     0     0   46   43  0  0 100  0  0  0 2026-09-29 10:02:10
 0  0      0 448076  59088 942416    0    0     0     9   44   39  0  0 100  0  0  0 2026-09-29 10:02:20
 0  0      0 448076  59088 942416    0    0     0   122   46   39  0  0 100  0  0  0 2026-09-29 10:02:30
 0  0      0 448076  59088 942416    0    0     0     0   38   38  0  0 100  0  0  0 2026-09-29 10:02:40
 0  0      0 448076  59092 942412    0    0     0     4   45   37  0  0 100  0  0  0 2026-09-29 10:02:50
 0  0      0 448076  59092 942416    0    0     0     0   49   47  0  0 100  0  0  0 2026-09-29 10:03:00
 0  0      0 448076  59092 942416    0    0     0     1   45   42  0  0 100  0  0  0 2026-09-29 10:03:10
 0  0      0 448076  59092 942416    0    0     0     0   43   44  0  0 100  0  0  0 2026-09-29 10:03:20
 0  0      0 448076  59096 942416    0    0     0   138   87   95  0  0 100  0  0  0 2026-09-29 10:03:30
 0  0      0 448076  59096 942416    0    0     0     0   41   41  0  0 100  0  0  0 2026-09-29 10:03:40
 0  0      0 448076  59096 942416    0    0     0     1   45   38  0  0 100  0  0  0 2026-09-29 10:03:50
 0  0      0 448076  59100 942416    0    0     0     4   56   55  0  0 100  0  0  0 2026-09-29 10:04:00
 0  0      0 448076  59100 942416    0    0     0     0   47   43  0  0 100  0  0  0 2026-09-29 10:04:10
 0  0      0 448076  59100 942416    0    0     0     0   37   37  0  0 100  0  0  0 2026-09-29 10:04:20
 0  0      0 448076  59100 942416    0    0     0   136   50   41  0  0 100  0  0  0 2026-09-29 10:04:30
 0  0      0 448076  59100 942420    0    0     0     1   36   33  0  0 100  0  0  0 2026-09-29 10:04:40
 0  0      0 448076  59100 942424    0    0     0     0   46   42  0  0 100  0  0  0 2026-09-29 10:04:50
 0  0      0 448076  59108 942424    0    0     0     4   51   50  0  0 100  0  0  0 2026-09-29 10:05:00
 0  0      0 448076  59108 942424    0    0     0     2  190   51  0  0 100  0  0  0 2026-09-29 10:05:10
 2  0      0 448076  59108 942424    0    0     0     0   39   38  0  0 100  0  0  0 2026-09-29 10:05:20
 0  0      0 448076  59112 942424    0    0     0   210   51   47  0  0 100  0  0  0 2026-09-29 10:05:30
procs -----------memory---------- ---swap-- -----io---- -system-- -------cpu------- -----timestamp-----
 r  b   swpd   free   buff  cache   si   so    bi    bo   in   cs us sy id wa st gu                 UTC
 0  0      0 448076  59112 942424    0    0     0     0   38   32  0  0 100  0  0  0 2026-09-29 10:05:40
 0  0      0 448076  59112 942424    0    0     0     1   43   34  0  0 100  0  0  0 2026-09-29 10:05:50
 0  0      0 448076  59112 942424    0    0     0     6   54   48  0  0 100  0  0  0 2026-09-29 10:06:00
 0  0      0 448076  59112 942424    0    0     0     0   43   43  0  0 100  0  0  0 2026-09-29 10:06:10

