procs -----------memory---------- ---swap-- -----io---- -system-- -------cpu------- -----timestamp-----
 r  b   swpd   free   buff  cache   si   so    bi    bo   in   cs us sy id wa st gu                 UTC
 2  0      0 6722412  21268 940996    0    0  1140  2072  425    2  3  1 95  1  0  0 2026-09-29 14:53:22
 0  0      0 6545276  21268 941356    0    0     4     0 1965 2464  5  1 94  0  0  0 2026-09-29 14:53:32
 0  0      0 6536768  21268 941496    0    0     0     0 2328 3399  1  1 98  0  0  0 2026-09-29 14:53:42
 0  0      0 6511632  21284 941676    0    0     0   251 3119 4595  1  1 98  0  0  0 2026-09-29 14:53:52
 0  0      0 6489736  21284 941852    0    0     0     2 3812 5546  3  1 96  0  0  0 2026-09-29 14:54:02
 0  0      0 6470452  21284 942004    0    0     0     0 4463 6609  2  1 97  0  0  0 2026-09-29 14:54:12
 0  0      0 6416036  21284 942208    0    0     0     0 5044 7420  3  1 95  0  0  0 2026-09-29 14:54:22
 0  0      0 6415784  21292 942208    0    0     0   115 4897 7285  2  1 97  0  0  0 2026-09-29 14:54:32
 0  0      0 6400172  21292 942208    0    0     0     0 4910 7315  2  1 97  0  0  0 2026-09-29 14:54:42
 0  0      0 6386052  21292 942208    0    0     0     0 4917 7270  3  1 95  0  0  0 2026-09-29 14:54:52
 2  0      0 6384892  21292 942208    0    0     2     0 4806 7138  2  1 97  0  0  0 2026-09-29 14:55:02
 0  0      0 6379752  21300 942232    0    0     0     6 4965 7369  4  1 96  0  0  0 2026-09-29 14:55:12
 0  0      0 6379752  21300 942232    0    0     0     0 4961 7409  2  1 97  0  0  0 2026-09-29 14:55:22
 0  0      0 6378996  21300 942232    0    0     0   216 5114 7685  2  1 97  0  0  0 2026-09-29 14:55:32
 0  0      0 6348332  21308 942232    0    0     0     6 5398 8199  2  1 97  0  0  0 2026-09-29 14:55:42
 0  0      0 6346760  21308 942232    0    0     0     0 5512 8340  4  1 95  0  0  0 2026-09-29 14:55:52
 0  0      0 6345480  21308 942232    0    0     0     0 5361 8178  2  1 97  0  0  0 2026-09-29 14:56:02
 0  0      0 6344472  21308 942232    0    0     0     0 5463 8362  2  1 97  0  0  0 2026-09-29 14:56:12
 0  0      0 6323304  21316 942232    0    0     0     3 5349 8096  4  1 95  0  0  0 2026-09-29 14:56:22
 0  0      0 6323304  21316 942232    0    0     0   104 5474 8333  2  1 97  0  0  0 2026-09-29 14:56:32
 0  0      0 6322296  21316 942232    0    0     0     0 5469 8352  2  1 96  0  0  0 2026-09-29 14:56:42
procs -----------memory---------- ---swap-- -----io---- -system-- -------cpu------- -----timestamp-----
 r  b   swpd   free   buff  cache   si   so    bi    bo   in   cs us sy id wa st gu                 UTC
 0  1      0 6322296  21324 942224    0    0     0     3 5462 8318  2  1 96  0  0  0 2026-09-29 14:56:52
 2  0      0 6321792  21324 942232    0    0     0     0 5436 8222  4  1 95  0  0  0 2026-09-29 14:57:02
 0  0      0 6320028  21324 942232    0    0     0     0 5319 8057  2  1 97  0  0  0 2026-09-29 14:57:12
 0  0      0 6318264  21324 942232    0    0     0     0 5404 8247  2  1 97  0  0  0 2026-09-29 14:57:22
 0  0      0 6318264  21332 942232    0    0     0    97 5336 8174  2  1 97  0  0  0 2026-09-29 14:57:32
 0  0      0 6316500  21332 942232    0    0     0     0 3652 5450  3  1 97  0  0  0 2026-09-29 14:57:42
 0  0      0 6316500  21340 942232    0    0     0     2 1575 2098  1  0 99  0  0  0 2026-09-29 14:57:52
 0  0      0 6735360  21348 941824    0    0     4     7  294  287  0  0 100  0  0  0 2026-09-29 14:58:02
 0  0      0 6735360  21348 941824    0    0     0     0  147  156  0  0 100  0  0  0 2026-09-29 14:58:12
 0  0      0 6735360  21348 941824    0    0     0   100  154  173  0  0 100  0  0  0 2026-09-29 14:58:22
 0  0      0 5806796  21356 941984    0    0     0     7 5735 6593 18  4 78  0  0  0 2026-09-29 14:58:32
 0  0      0 5687700  21356 942784    0    0     0     0 7502 11080  3  2 95  0  0  0 2026-09-29 14:58:42
 2  0      0 5526528  21356 943648    0    0     0     0 9814 14407  7  2 91  0  0  0 2026-09-29 14:58:52
 0  0      0 5493264  21356 944512    0    0     0     2 11481 16792 10  2 87  0  0  0 2026-09-29 14:59:02
 2  0      0 5343400  21364 945364    0    0     0     3 13079 19207  7  3 90  0  0  0 2026-09-29 14:59:12
 0  0      0 5166692  21364 946228    0    0     0     1 13649 19203 16  3 81  0  0  0 2026-09-29 14:59:22
 0  0      0 5164228  21364 946440    0    0     0    91 14024 20697  8  2 90  0  0  0 2026-09-29 14:59:32
 0  0      0 5023112  21364 946440    0    0     0     2 13943 20529  7  2 90  0  0  0 2026-09-29 14:59:42
 2  0      0 4946760  21372 946440    0    0     0     2 12864 18074 15  2 82  0  0  0 2026-09-29 14:59:52
 0  0      0 4946760  21372 946440    0    0     0     0 12371 17741  7  2 91  0  0  0 2026-09-29 15:00:02
 0  0      0 4937436  21372 946460    0    0     0     0 13852 19955  7  3 90  0  0  0 2026-09-29 15:00:12
procs -----------memory---------- ---swap-- -----io---- -system-- -------cpu------- -----timestamp-----
 r  b   swpd   free   buff  cache   si   so    bi    bo   in   cs us sy id wa st gu                 UTC
 5  0      0 4895856  21380 946452    0    0     0     4 13298 19019 15  2 82  0  0  0 2026-09-29 15:00:22
 0  0      0 4895604  21380 946460    0    0     0   136 13764 20354  7  2 91  0  0  0 2026-09-29 15:00:32
 0  0      0 4892076  21380 946460    0    0     0     1 12962 18593 15  2 83  0  0  0 2026-09-29 15:00:42
 0  0      0 4892076  21380 946460    0    0     0     0 13776 20308  7  2 91  0  0  0 2026-09-29 15:00:52
 0  0      0 4892076  21388 946460    0    0     0     7 13758 20229  7  2 91  0  0  0 2026-09-29 15:01:02
 0  0      0 4814208  21388 946460    0    0     0     0 14155 21068  7  2 90  0  0  0 2026-09-29 15:01:12
 0  0      0 4660504  21388 946460    0    0     0     0 13265 19067 15  3 82  0  0  0 2026-09-29 15:01:22
 0  0      0 4660504  21396 946460    0    0     0   106 13825 20433  7  2 90  0  0  0 2026-09-29 15:01:32
 0  0      0 4656724  21396 946460    0    0     0     0 13746 20245  7  2 91  0  0  0 2026-09-29 15:01:42
 0  0      0 4656724  21396 946476    0    0     0     0 13962 20579  7  2 91  0  0  0 2026-09-29 15:01:52
 0  0      0 4654456  21396 946476    0    0     0     0 13149 19005 16  2 82  0  0  0 2026-09-29 15:02:02
 0  0      0 4652692  21404 946476    0    0     0     3 13833 20417  7  2 91  0  0  0 2026-09-29 15:02:12
 0  0      0 4652440  21404 946476    0    0     0     0 13939 20605  7  2 90  0  0  0 2026-09-29 15:02:22
 0  0      0 4652440  21404 946476    0    0     0   103 12947 18869  7  2 91  0  0  0 2026-09-29 15:02:32
 0  0      0 4646644  21412 946476    0    0     0     4 8578 11921 12  2 86  0  0  0 2026-09-29 15:02:42
 0  0      0 4644388  21872 946716    0    0    46     0 4071 5439  2  1 97  0  0  0 2026-09-29 15:02:52
 0  0      0 6708840  21880 942180    0    0     0   171 1076  992  1  1 98  0  0  0 2026-09-29 15:03:02
 0  0      0 6710348  21880 942180    0    0     0     0  152  157  0  0 100  0  0  0 2026-09-29 15:03:12
 0  0      0 6710172  21880 942180    0    0     0   104  152  166  0  0 100  0  0  0 2026-09-29 15:03:22
 0  0      0 5346908  21888 942196    0    0     0     6 5233 4931 25  4 71  0  0  0 2026-09-29 15:03:32
 0  0      0 5190404  21888 943416    0    0     0     0 9179 13700  4  2 94  0  0  0 2026-09-29 15:03:42
procs -----------memory---------- ---swap-- -----io---- -system-- -------cpu------- -----timestamp-----
 r  b   swpd   free   buff  cache   si   so    bi    bo   in   cs us sy id wa st gu                 UTC
 0  0      0 5020744  21888 944728    0    0     0     0 11361 16178 14  2 84  0  0  0 2026-09-29 15:03:52
 2  0      0 4941528  21896 945992    0    0     0     4 13863 20197  7  3 90  0  0  0 2026-09-29 15:04:02
 2  0      0 4673656  21896 947276    0    0     0     0 15904 23035  9  3 88  0  0  0 2026-09-29 15:04:12
 3  0      0 4441836  21896 948572    0    0     0     0 16146 21907 22  4 75  0  0  0 2026-09-29 15:04:22
 0  0      0 4423424  21896 949288    0    0     0   106 17482 24864 11  3 86  0  0  0 2026-09-29 15:04:32
 0  0      0 4131872  21904 949288    0    0     0     2 17178 24637 10  3 87  0  0  0 2026-09-29 15:04:42
 0  0      0 4055544  21904 949288    0    0     0     0 14944 19451 23  3 75  0  0  0 2026-09-29 15:04:52
 0  0      0 4055080  21904 949292    0    0     0     0 17086 24204 10  3 87  0  0  0 2026-09-29 15:05:02
 2  0      0 3962240  21904 949292    0    0     0     0 17352 24813 13  3 84  0  0  0 2026-09-29 15:05:12
 0  0      0 3926284  21912 949292    0    0     0     5 15990 22170 20  3 77  0  0  0 2026-09-29 15:05:22
 0  0      0 3926284  21912 949292    0    0     0   207 10533 13349  6  2 92  0  0  0 2026-09-29 15:05:32
 0  0      0 3926284  21912 949292    0    0     0     0 3049 3618  2  1 98  0  0  0 2026-09-29 15:05:42
 0  0      0 3926284  21920 949292    0    0     0     5 16640 23327  9  3 88  0  0  0 2026-09-29 15:05:52
 1  0      0 3893780  21920 949292    0    0     0     0 16227 21577 24  3 73  0  0  0 2026-09-29 15:06:02
 0  0      0 3893780  21920 949292    0    0     0     0 16447 23674 10  3 87  0  0  0 2026-09-29 15:06:12
 0  0      0 3892520  21920 949292    0    0     0     1 16274 23366  9  3 88  0  0  0 2026-09-29 15:06:22
 0  0      0 3658664  21928 949292    0    0     0   100 15246 20341 23  3 74  0  0  0 2026-09-29 15:06:32
 0  0      0 3658412  21928 949292    0    0     0     0 16966 24124 11  3 86  0  0  0 2026-09-29 15:06:42
 1  0      0 3658172  21928 949312    0    0     0     0 16194 22903 10  3 87  0  0  0 2026-09-29 15:06:52
 0  0      0 3658172  21928 949312    0    0     0     1 16058 22649 10  3 87  0  0  0 2026-09-29 15:07:02
 0  0      0 3657920  21936 949312    0    0     0     3 15057 20290 23  3 75  0  0  0 2026-09-29 15:07:12
procs -----------memory---------- ---swap-- -----io---- -system-- -------cpu------- -----timestamp-----
 r  b   swpd   free   buff  cache   si   so    bi    bo   in   cs us sy id wa st gu                 UTC
 0  0      0 3656660  21936 949312    0    0     0     0 16583 23655 10  3 87  0  0  0 2026-09-29 15:07:22
 0  0      0 3656660  21936 949312    0    0     0   104 16130 22895 10  3 87  0  0  0 2026-09-29 15:07:32
 2  0      0 3656660  21936 949312    0    0     0     1 11932 16601  7  2 91  0  0  0 2026-09-29 15:07:42
 0  0      0 3656156  21944 949312    0    0     0     3 6262 8493  3  1 96  0  0  0 2026-09-29 15:07:52
 0  0      0 6712088  21960 942260    0    0     0   120 2314 2366  1  1 97  0  0  0 2026-09-29 15:08:02
 0  0      0 6712088  21960 942260    0    0     0     0  144  153  0  0 100  0  0  0 2026-09-29 15:08:12
 0  0      0 6712088  21960 942260    0    0     0     1  170  186  0  0 100  0  0  0 2026-09-29 15:08:22
 0  0      0 4866440  21968 942260    0    0     0     6 3341  901 37  4 59  0  0  0 2026-09-29 15:08:32
 0  0      0 4779840  21968 943376    0    0     0     0 9581 14066  5  2 94  0  0  0 2026-09-29 15:08:42
 0  0      0 4622628  21968 945076    0    0     0     0 13059 19212  7  3 91  0  0  0 2026-09-29 15:08:52
 0  0      0 4315680  21976 946804    0    0     0     6 15698 22752  8  4 88  0  0  0 2026-09-29 15:09:02
 0  0      0 3916060  21976 948516    0    0     0     0 16353 21602 24  4 72  0  0  0 2026-09-29 15:09:12
 0  0      0 3900188  21976 950244    0    0     0     0 20120 28642 13  4 84  0  0  0 2026-09-29 15:09:22
 2  0      0 3533048  21984 951884    0    0     0   106 21261 29491 14  5 81  0  0  0 2026-09-29 15:09:32
 0  0      0 3278296  21984 951884    0    0     0     0 16821 21191 30  4 66  0  0  0 2026-09-29 15:09:42
 0  0      0 3274516  21984 951884    0    0     0     0 18799 25866 13  3 84  0  0  0 2026-09-29 15:09:52
 0  0      0 3147544  21984 951884    0    0     0     0 18721 25409 13  4 84  0  0  0 2026-09-29 15:10:02
 0  0      0 2918728  21992 951884    0    0     0     3 16234 19701 30  4 66  0  0  0 2026-09-29 15:10:12
 0  0      0 2916976  21992 951884    0    0     0     0 18518 25465 13  3 84  0  0  0 2026-09-29 15:10:22
 0  0      0 2916976  21992 951884    0    0     0   155 18529 25365 13  3 84  0  0  0 2026-09-29 15:10:32
 0  0      0 2890768  22000 951884    0    0     0     4 16718 21132 31  3 66  0  0  0 2026-09-29 15:10:42
procs -----------memory---------- ---swap-- -----io---- -system-- -------cpu------- -----timestamp-----
 r  b   swpd   free   buff  cache   si   so    bi    bo   in   cs us sy id wa st gu                 UTC
 0  0      0 2890768  22000 951884    0    0     0     0 18846 25864 13  3 84  0  0  0 2026-09-29 15:10:52
 0  0      0 2890096  22000 951888    0    0     0     0 14380 17493 10  2 87  0  0  0 2026-09-29 15:11:02
 0  0      0 2887324  22000 951880    0    0     0     0 12138 17950  6  3 91  0  0  0 2026-09-29 15:11:12
 0  0      0 2885308  22008 951880    0    0     0     4 9169 14357  5  2 93  0  0  0 2026-09-29 15:11:22
 2  0      0 2885308  22008 951880    0    0     0   104 9838 14041 14  2 83  0  0  0 2026-09-29 15:11:32
 0  0      0 2856472  22008 951880    0    0     0     0 19129 24692 22  4 75  0  0  0 2026-09-29 15:11:42
 0  0      0 2856336  22016 951896    0    0     0     4 20478 27670 15  4 81  0  0  0 2026-09-29 15:11:52
 0  0      0 2856112  22016 951896    0    0     0     0 19583 26942 14  4 82  0  0  0 2026-09-29 15:12:02
 0  0      0 2746496  22016 951896    0    0     0     0 15734 19263 30  3 66  0  0  0 2026-09-29 15:12:12
 0  0      0 2742968  22024 951896    0    0     0     4 18682 25644 14  4 83  0  0  0 2026-09-29 15:12:22
 2  0      0 2742968  22024 951896    0    0     0   103 19000 25904 13  3 83  0  0  0 2026-09-29 15:12:32
 0  0      0 2683244  22024 951896    0    0     0     0 16334 22459 11  3 86  0  0  0 2026-09-29 15:12:42
 0  0      0 2644688  22024 951896    0    0     0     2 7944 9328 22  2 76  0  0  0 2026-09-29 15:12:52
 0  0      0 6697944  22032 943980    0    0     0     1 4402 5096  2  2 96  0  0  0 2026-09-29 15:13:02
 0  0      0 6703716  22032 943976    0    0     0     0  148  162  0  0 100  0  0  0 2026-09-29 15:13:12
 0  0      0 6702208  22032 943976    0    0     0     0  157  175  0  0 100  0  0  0 2026-09-29 15:13:22
 2  0      0 6698400  22040 943912    0    0     0   108  226  262  0  0 100  0  0  0 2026-09-29 15:13:32
 0  0      0 4415712  22040 943912    0    0     0     2 9066 8960 42  6 51  0  0  0 2026-09-29 15:13:42
 0  0      0 4135036  22040 944984    0    0     0     0 13119 19238  6  3 90  0  0  0 2026-09-29 15:13:52
 0  0      0 3892416  22056 947088    0    0     0     8 14896 19970 23  3 74  0  0  0 2026-09-29 15:14:02
 2  0      0 3716192  22056 949232    0    0     0     0 18733 26266 12  4 84  0  0  0 2026-09-29 15:14:12
procs -----------memory---------- ---swap-- -----io---- -system-- -------cpu------- -----timestamp-----
 r  b   swpd   free   buff  cache   si   so    bi    bo   in   cs us sy id wa st gu                 UTC
 1  0      0 3225488  22056 951396    0    0     0     0 20625 28237 14  5 81  0  0  0 2026-09-29 15:14:22
 0  0      0 2803512  22064 953540    0    0     0   106 19295 22477 37  5 58  0  0  0 2026-09-29 15:14:32
 0  0      0 2790724  22064 954496    0    0     0     0 22105 29588 17  4 79  0  0  0 2026-09-29 15:14:42
 0  0      0 2343516  22064 954496    0    0     0     0 20834 27376 16  5 79  0  0  0 2026-09-29 15:14:52
 0  0      0 2048412  22064 954508    0    0     0     0 17886 20368 38  5 57  0  0  0 2026-09-29 15:15:02
 0  0      0 2046648  22072 954508    0    0     0     4 20726 27245 16  4 80  0  0  0 2026-09-29 15:15:12
 2  0      0 2046648  22072 954508    0    0     0     0 20982 27965 16  4 81  0  0  0 2026-09-29 15:15:22
 0  0      0 1810024  22072 954508    0    0     0   169 17595 20138 39  4 57  0  0  0 2026-09-29 15:15:32
 0  0      0 1810024  22072 954508    0    0     0     3 20843 27651 16  4 80  0  0  0 2026-09-29 15:15:42
 1  0      0 1809772  22080 954508    0    0     0     1 21207 28254 16  4 80  0  0  0 2026-09-29 15:15:52
 0  0      0 1809016  22080 954512    0    0     0     0 18065 21538 38  3 58  0  0  0 2026-09-29 15:16:02
 0  0      0 1808792  22080 954488    0    0     0     0 19646 27242 13  5 82  0  0  0 2026-09-29 15:16:12
 2  0      0 1808792  22080 954488    0    0     0     0 14690 22429  9  3 88  0  0  0 2026-09-29 15:16:22
 0  0      0 1808792  22088 954488    0    0     0   107 24526 32744 16  5 79  0  0  0 2026-09-29 15:16:32
 0  0      0 1808064  22088 954488    0    0     0     0 24096 32267 18  5 77  0  0  0 2026-09-29 15:16:42
 2  0      0 1646532  22088 954492    0    0     0     0 19699 23641 40  4 55  0  0  0 2026-09-29 15:16:52
 3  0      0 1638800  22100 954520    0    0     3     4 21817 29550 16  4 80  0  0  0 2026-09-29 15:17:02
 1  0      0 1634968  22100 954520    0    0     0     0 22214 30111 16  4 81  0  0  0 2026-09-29 15:17:12
 0  0      0 1561892  22100 954520    0    0     0     1 18596 21971 40  4 56  0  0  0 2026-09-29 15:17:22
 2  0      0 1561892  22100 954520    0    0     0   195 21109 28338 16  4 80  0  0  0 2026-09-29 15:17:32
 1  0      0 1561892  22112 954520    0    0     0     6 19603 25937 15  4 81  0  0  0 2026-09-29 15:17:42
procs -----------memory---------- ---swap-- -----io---- -system-- -------cpu------- -----timestamp-----
 r  b   swpd   free   buff  cache   si   so    bi    bo   in   cs us sy id wa st gu                 UTC
 2  0      0 1561892  22112 954520    0    0     0     0 12649 15703 11  2 87  0  0  0 2026-09-29 15:17:52
 0  0      0 1561892  22112 954520    0    0     0     0 6515 8324  4  1 95  0  0  0 2026-09-29 15:18:02
 0  0      0 6692776  22116 944488    0    0     0     2 2482 2463  2  2 97  0  0  0 2026-09-29 15:18:12
 0  0      0 6692776  22124 944488    0    0     0     5  150  163  0  0 100  0  0  0 2026-09-29 15:18:22
 0  0      0 6691392  22124 944488    0    0     0   130  157  167  0  0 100  0  0  0 2026-09-29 15:18:32
 2  0      0 4282396  22124 944488    0    0     0     2 4415 1057 45  5 50  0  0  0 2026-09-29 15:18:42
 0  0      0 3866128  22124 944488    0    0     0     3 11914 17164 10  3 87  0  0  0 2026-09-29 15:18:52
 0  0      0 3491524  22148 946692    0    0     0   109 16129 23286  9  4 87  0  0  0 2026-09-29 15:19:02
 2  0      0 3001456  22148 949252    0    0     0     0 18420 24657 20  5 76  0  0  0 2026-09-29 15:19:12
 2  0      0 2876664  22148 951832    0    0     0     0 19717 25186 27  4 68  0  0  0 2026-09-29 15:19:22
 3  0      0 2458316  22156 954452    0    0     0     5 23107 30411 18  6 77  0  0  0 2026-09-29 15:19:32
 2  0      0 1611424  22156 956896    0    0     0     0 21273 22775 44  7 49  0  0  0 2026-09-29 15:19:42
 0  0      0 1569004  22156 957136    0    0     0     0 22971 27839 25  5 70  0  0  0 2026-09-29 15:19:52
 4  0      0 1562984  22164 957152    0    0     0     4 24019 30245 20  5 76  0  0  0 2026-09-29 15:20:02
 2  0      0 904384  22164 957156    0    0     0     0 24047 29576 26  6 68  0  0  0 2026-09-29 15:20:12
 0  0      0 699780  22164 957156    0    0     0     0 20402 20206 42  6 53  0  0  0 2026-09-29 15:20:22
 0  0      0 699528  22172 957156    0    0     0   171 22889 35778 16  7 78  0  0  0 2026-09-29 15:20:32
 0  0      0 699528  22172 957156    0    0     0     1 24157 35851 15  6 79  0  0  0 2026-09-29 15:20:42
 1  0      0 684436  22172 957156    0    0     0     0 27589 35212 20  6 74  0  0  0 2026-09-29 15:20:52
 0  0      0 619476  22172 957156    0    0     0     0 20236 20608 50  5 45  0  0  0 2026-09-29 15:21:02
 0  0      0 619028  22180 957156    0    0     0     4 26264 34968 21  4 74  0  0  0 2026-09-29 15:21:12
procs -----------memory---------- ---swap-- -----io---- -system-- -------cpu------- -----timestamp-----
 r  b   swpd   free   buff  cache   si   so    bi    bo   in   cs us sy id wa st gu                 UTC
 0  0      0 618580  22180 957156    0    0     0     0 25595 34110 20  4 76  0  0  0 2026-09-29 15:21:22
 2  0      0 602256  22180 957156    0    0     0   104 20654 23132 49  4 47  0  0  0 2026-09-29 15:21:32
 0  0      0 601808  22180 957156    0    0     0     3 25705 34461 21  4 74  0  0  0 2026-09-29 15:21:42
 0  0      0 601108  22188 957156    0    0     0     2 25111 32709 20  5 75  0  0  0 2026-09-29 15:21:52
 2  0      0 600884  22188 957160    0    0     0     0 22353 27299 37  4 58  0  0  0 2026-09-29 15:22:02
 2  0      0 600884  22188 957160    0    0     0     0 23091 29515 32  4 64  0  0  0 2026-09-29 15:22:12
 2  0      0 595340  22196 957164    0    0     0     5 24542 32773 20  5 76  0  0  0 2026-09-29 15:22:22
 0  0      0 593328  22196 957164    0    0     0   104 23426 31072 19  4 76  0  0  0 2026-09-29 15:22:32
 0  0      0 588036  22196 957168    0    0     0     0 18271 19867 48  4 48  0  0  0 2026-09-29 15:22:42
 2  0      0 587812  22204 957168    0    0     0     5 21939 28729 18  4 79  0  0  0 2026-09-29 15:22:52
 0  0      0 587812  22204 957168    0    0     0     0 11441 14430  9  2 89  0  0  0 2026-09-29 15:23:02
 0  0      0 587812  22204 957168    0    0     0     0 5171 6440  2  1 97  0  0  0 2026-09-29 15:23:12
 0  0      0 6699836  22204 945744    0    0     0     0  906  517  2  2 97  0  0  0 2026-09-29 15:23:22
 0  0      0 6696064  22212 945752    0    0     0   109  151  156  0  0 100  0  0  0 2026-09-29 15:23:32
 0  0      0 6696056  22212 945752    0    0     0     0  145  152  0  0 100  0  0  0 2026-09-29 15:23:42
