Linux 7.0.0-1013-aws (ip-10-0-0-50) 	10/04/26 	_aarch64_	(2 CPU)

14:15:19      UID       PID    %usr %system  %guest   %wait    %CPU   CPU  Command
14:15:29       33      5370    0.10    0.10    0.00    0.10    0.20     1  nginx
14:15:29       33      5371    0.10    0.10    0.00    0.00    0.20     1  nginx
14:15:29       33      5383    3.30    0.20    0.00    0.00    3.50     0  node
14:15:29       33      5384    2.30    0.30    0.00    0.00    2.60     1  node

14:15:29      UID       PID    %usr %system  %guest   %wait    %CPU   CPU  Command
14:15:39       33      5370    0.20    0.20    0.00    0.10    0.40     0  nginx
14:15:39       33      5371    0.20    0.30    0.00    0.10    0.50     1  nginx
14:15:39       33      5383    4.70    0.60    0.00    0.10    5.30     0  node
14:15:39       33      5384    1.30    0.20    0.00    0.00    1.50     1  node

14:15:39      UID       PID    %usr %system  %guest   %wait    %CPU   CPU  Command
14:15:49       33      5370    0.20    0.50    0.00    0.10    0.70     1  nginx
14:15:49       33      5371    0.30    0.40    0.00    0.10    0.70     1  nginx
14:15:49       33      5383    4.20    0.70    0.00    0.10    4.90     0  node
14:15:49       33      5384    4.20    0.40    0.00    0.10    4.60     1  node

14:15:49      UID       PID    %usr %system  %guest   %wait    %CPU   CPU  Command
14:15:59       33      5370    0.40    0.50    0.00    0.20    0.90     1  nginx
14:15:59       33      5371    0.40    0.40    0.00    0.10    0.80     1  nginx
14:15:59       33      5383    7.00    0.90    0.00    0.20    7.90     0  node
14:15:59       33      5384    3.60    0.40    0.00    0.10    4.00     0  node

14:15:59      UID       PID    %usr %system  %guest   %wait    %CPU   CPU  Command
14:16:09       33      5370    0.60    0.60    0.00    0.20    1.20     1  nginx
14:16:09       33      5371    0.50    0.80    0.00    0.20    1.30     1  nginx
14:16:09       33      5383    4.20    0.90    0.00    0.20    5.10     0  node
14:16:09       33      5384    8.50    1.10    0.00    0.20    9.60     0  node

14:16:09      UID       PID    %usr %system  %guest   %wait    %CPU   CPU  Command
14:16:19       33      5370    0.40    0.90    0.00    0.20    1.30     1  nginx
14:16:19       33      5371    0.50    0.80    0.00    0.20    1.30     0  nginx
14:16:19       33      5383    5.60    1.10    0.00    0.10    6.70     0  node
14:16:19       33      5384    6.00    0.90    0.00    0.20    6.90     1  node

14:16:19      UID       PID    %usr %system  %guest   %wait    %CPU   CPU  Command
14:16:29       33      5370    0.50    0.70    0.00    0.30    1.20     1  nginx
14:16:29       33      5371    0.60    0.60    0.00    0.30    1.20     0  nginx
14:16:29       33      5383    8.10    1.40    0.00    0.20    9.50     1  node
14:16:29       33      5384    5.90    1.00    0.00    0.30    6.90     0  node

14:16:29      UID       PID    %usr %system  %guest   %wait    %CPU   CPU  Command
14:16:39       33      5370    0.60    0.60    0.00    0.10    1.20     1  nginx
14:16:39       33      5371    0.60    0.70    0.00    0.20    1.30     1  nginx
14:16:39       33      5383    4.70    1.00    0.00    0.20    5.70     1  node
14:16:39       33      5384    6.00    1.20    0.00    0.20    7.20     1  node

14:16:39      UID       PID    %usr %system  %guest   %wait    %CPU   CPU  Command
14:16:49       33      5370    0.60    0.80    0.00    0.20    1.40     0  nginx
14:16:49       33      5371    0.60    0.70    0.00    0.10    1.30     0  nginx
14:16:49       33      5383    5.60    1.20    0.00    0.20    6.80     1  node
14:16:49       33      5384    4.70    0.90    0.00    0.20    5.60     0  node

14:16:49      UID       PID    %usr %system  %guest   %wait    %CPU   CPU  Command
14:16:59       33      5370    0.50    0.60    0.00    0.10    1.10     1  nginx
14:16:59       33      5371    0.50    0.70    0.00    0.10    1.20     1  nginx
14:16:59       33      5383    5.60    1.10    0.00    0.10    6.70     0  node
14:16:59       33      5384    2.80    0.60    0.00    0.10    3.40     1  node

14:16:59      UID       PID    %usr %system  %guest   %wait    %CPU   CPU  Command
14:17:09       33      5362    0.20    0.00    0.00    0.40    0.20     1  node
14:17:09       33      5370    0.50    0.80    0.00    0.20    1.30     0  nginx
14:17:09       33      5371    0.50    0.70    0.00    0.20    1.20     1  nginx
14:17:09       33      5383    5.40    1.30    0.00    0.20    6.70     0  node
14:17:09       33      5384    6.80    1.30    0.00    0.30    8.10     1  node

14:17:09      UID       PID    %usr %system  %guest   %wait    %CPU   CPU  Command
14:17:19       33      5370    0.60    0.60    0.00    0.10    1.20     1  nginx
14:17:19       33      5371    0.70    0.60    0.00    0.10    1.30     0  nginx
14:17:19       33      5383    3.20    0.70    0.00    0.10    3.90     0  node
14:17:19       33      5384    5.10    1.30    0.00    0.10    6.40     1  node

14:17:19      UID       PID    %usr %system  %guest   %wait    %CPU   CPU  Command
14:17:29       33      5370    0.50    0.70    0.00    0.10    1.20     0  nginx
14:17:29       33      5371    0.60    0.60    0.00    0.10    1.20     1  nginx
14:17:29       33      5383    3.00    0.70    0.00    0.10    3.70     0  node
14:17:29       33      5384    5.50    1.10    0.00    0.00    6.60     1  node

14:17:29      UID       PID    %usr %system  %guest   %wait    %CPU   CPU  Command
14:17:39       33      5370    0.50    0.80    0.00    0.10    1.30     1  nginx
14:17:39       33      5371    0.50    0.70    0.00    0.10    1.20     0  nginx
14:17:39       33      5383    2.90    0.60    0.00    0.00    3.50     1  node
14:17:39       33      5384    5.50    1.30    0.00    0.10    6.80     0  node

14:17:39      UID       PID    %usr %system  %guest   %wait    %CPU   CPU  Command
14:17:49       33      5370    0.50    0.60    0.00    0.10    1.10     1  nginx
14:17:49       33      5371    0.50    0.70    0.00    0.10    1.20     1  nginx
14:17:49       33      5383    5.90    1.40    0.00    0.10    7.30     0  node
14:17:49       33      5384    2.40    0.70    0.00    0.10    3.10     0  node

14:17:49      UID       PID    %usr %system  %guest   %wait    %CPU   CPU  Command
14:17:59       33      5370    0.70    0.60    0.00    0.10    1.30     1  nginx
14:17:59       33      5371    0.60    0.70    0.00    0.10    1.30     1  nginx
14:17:59       33      5383    6.60    1.60    0.00    0.20    8.20     0  node
14:17:59       33      5384    1.70    0.40    0.00    0.10    2.10     0  node

14:17:59      UID       PID    %usr %system  %guest   %wait    %CPU   CPU  Command
14:18:09       33      5370    0.70    0.70    0.00    0.20    1.40     0  nginx
14:18:09       33      5371    0.50    0.80    0.00    0.20    1.30     1  nginx
14:18:09       33      5383    6.60    1.20    0.00    0.20    7.80     0  node
14:18:09       33      5384    3.70    0.90    0.00    0.20    4.60     0  node

14:18:09      UID       PID    %usr %system  %guest   %wait    %CPU   CPU  Command
14:18:19       33      5370    0.60    0.60    0.00    0.10    1.20     0  nginx
14:18:19       33      5371    0.60    0.60    0.00    0.10    1.20     0  nginx
14:18:19       33      5383    5.70    1.10    0.00    0.10    6.80     1  node
14:18:19       33      5384    2.60    0.50    0.00    0.10    3.10     1  node

14:18:19      UID       PID    %usr %system  %guest   %wait    %CPU   CPU  Command
14:18:29       33      5370    0.50    0.70    0.00    0.00    1.20     0  nginx
14:18:29       33      5371    0.50    0.70    0.00    0.00    1.20     1  nginx
14:18:29       33      5383    4.90    1.00    0.00    0.20    5.90     0  node
14:18:29       33      5384    3.70    0.70    0.00    0.10    4.40     0  node

14:18:29      UID       PID    %usr %system  %guest   %wait    %CPU   CPU  Command
14:18:39       33      5370    0.60    0.50    0.00    0.10    1.10     0  nginx
14:18:39       33      5371    0.60    0.60    0.00    0.10    1.20     1  nginx
14:18:39       33      5383    6.20    1.20    0.00    0.00    7.40     0  node
14:18:39       33      5384    2.00    0.40    0.00    0.10    2.40     1  node

14:18:39      UID       PID    %usr %system  %guest   %wait    %CPU   CPU  Command
14:18:49       33      5370    0.60    0.70    0.00    0.10    1.30     0  nginx
14:18:49       33      5371    0.60    0.70    0.00    0.10    1.30     0  nginx
14:18:49       33      5383    6.10    1.30    0.00    0.10    7.40     0  node
14:18:49       33      5384    2.20    0.40    0.00    0.00    2.60     1  node

14:18:49      UID       PID    %usr %system  %guest   %wait    %CPU   CPU  Command
14:18:59       33      5370    0.60    0.50    0.00    0.10    1.10     1  nginx
14:18:59       33      5371    0.40    0.70    0.00    0.10    1.10     1  nginx
14:18:59       33      5383    6.50    1.50    0.00    0.10    8.00     0  node
14:18:59       33      5384    1.10    0.30    0.00    0.00    1.40     0  node

14:18:59      UID       PID    %usr %system  %guest   %wait    %CPU   CPU  Command
14:19:09       33      5362    0.10    0.10    0.00    0.10    0.20     1  node
14:19:09       33      5370    0.60    0.80    0.00    0.20    1.40     1  nginx
14:19:09       33      5371    0.60    0.70    0.00    0.20    1.30     0  nginx
14:19:09       33      5383    2.20    0.50    0.00    0.10    2.70     1  node
14:19:09       33      5384    8.80    1.90    0.00    0.30   10.70     0  node

14:19:09      UID       PID    %usr %system  %guest   %wait    %CPU   CPU  Command
14:19:19       33      5370    0.60    0.60    0.00    0.00    1.20     0  nginx
14:19:19       33      5371    0.60    0.70    0.00    0.00    1.30     0  nginx
14:19:19       33      5384    7.40    1.90    0.00    0.00    9.30     1  node

14:19:19      UID       PID    %usr %system  %guest   %wait    %CPU   CPU  Command
14:19:29       33      5370    0.50    0.60    0.00    0.10    1.10     0  nginx
14:19:29       33      5371    0.40    0.60    0.00    0.10    1.00     0  nginx
14:19:29       33      5384    7.10    1.50    0.00    0.00    8.60     1  node

14:19:29      UID       PID    %usr %system  %guest   %wait    %CPU   CPU  Command
14:19:39       33      5370    0.20    0.40    0.00    0.00    0.60     1  nginx
14:19:39       33      5371    0.30    0.40    0.00    0.00    0.70     1  nginx
14:19:39       33      5384    3.70    1.00    0.00    0.00    4.70     0  node

14:19:39      UID       PID    %usr %system  %guest   %wait    %CPU   CPU  Command
14:19:49       33      5370    0.10    0.00    0.00    0.00    0.10     0  nginx
14:19:49       33      5371    0.10    0.10    0.00    0.00    0.20     0  nginx
14:19:49       33      5384    0.70    0.10    0.00    0.00    0.80     1  node

14:19:49      UID       PID    %usr %system  %guest   %wait    %CPU   CPU  Command
14:19:59       33      5370    0.00    0.10    0.00    0.00    0.10     1  nginx
14:19:59       33      5371    0.00    0.10    0.00    0.00    0.10     0  nginx

14:19:59      UID       PID    %usr %system  %guest   %wait    %CPU   CPU  Command
14:20:09       33      5383    0.10    0.10    0.00    0.00    0.20     1  node

14:20:09      UID       PID    %usr %system  %guest   %wait    %CPU   CPU  Command

14:20:19      UID       PID    %usr %system  %guest   %wait    %CPU   CPU  Command
14:20:29       33      5370    0.30    0.30    0.00    0.00    0.60     0  nginx
14:20:29       33      5371    0.30    0.40    0.00    0.00    0.70     0  nginx
14:20:29       33      5383    1.50    0.20    0.00    0.40    1.70     0  node
14:20:29       33      5384    6.70    0.80    0.00    0.20    7.50     0  node

14:20:29      UID       PID    %usr %system  %guest   %wait    %CPU   CPU  Command
14:20:39       33      5370    0.70    1.00    0.00    0.20    1.70     1  nginx
14:20:39       33      5371    0.70    0.90    0.00    0.20    1.60     1  nginx
14:20:39       33      5383    4.20    0.70    0.00    0.10    4.90     1  node
14:20:39       33      5384    8.70    1.70    0.00    0.20   10.40     0  node

14:20:39      UID       PID    %usr %system  %guest   %wait    %CPU   CPU  Command
14:20:49       33      5362    0.10    0.00    0.00    0.10    0.10     1  node
14:20:49       33      5370    1.10    1.50    0.00    0.50    2.60     0  nginx
14:20:49       33      5371    0.80    1.60    0.00    0.50    2.40     0  nginx
14:20:49       33      5383    8.00    1.30    0.00    0.60    9.30     0  node
14:20:49       33      5384   13.90    2.70    0.00    0.80   16.60     0  node

14:20:49      UID       PID    %usr %system  %guest   %wait    %CPU   CPU  Command
14:20:59       33      5370    1.10    1.70    0.00    0.30    2.80     0  nginx
14:20:59       33      5371    1.10    1.90    0.00    0.20    3.00     0  nginx
14:20:59       33      5383   19.60    4.90    0.00    0.30   24.50     0  node
14:20:59       33      5384    0.70    0.10    0.00    0.10    0.80     1  node

14:20:59      UID       PID    %usr %system  %guest   %wait    %CPU   CPU  Command
14:21:09       33      5362    0.40    0.20    0.00    0.20    0.60     0  node
14:21:09       33      5370    1.40    2.40    0.00    0.60    3.80     0  nginx
14:21:09       33      5371    1.60    2.20    0.00    0.60    3.80     0  nginx
14:21:09       33      5383    2.60    0.80    0.00    0.50    3.40     1  node
14:21:09       33      5384   22.00    5.90    0.00    0.60   27.90     0  node

14:21:09      UID       PID    %usr %system  %guest   %wait    %CPU   CPU  Command
14:21:19       33      5370    1.70    2.30    0.00    0.20    4.00     1  nginx
14:21:19       33      5371    1.70    2.20    0.00    0.20    3.90     1  nginx
14:21:19       33      5383    0.00    0.10    0.00    0.00    0.10     1  node
14:21:19       33      5384   25.30    7.70    0.00    0.20   33.00     1  node

14:21:19      UID       PID    %usr %system  %guest   %wait    %CPU   CPU  Command
14:21:29       33      5370    1.90    2.20    0.00    0.30    4.10     1  nginx
14:21:29       33      5371    1.90    2.30    0.00    0.30    4.20     1  nginx
14:21:29       33      5384   27.40    7.70    0.00    0.30   35.10     1  node

14:21:29      UID       PID    %usr %system  %guest   %wait    %CPU   CPU  Command
14:21:39       33      5370    1.70    2.30    0.00    0.20    4.00     1  nginx
14:21:39       33      5371    1.50    2.50    0.00    0.20    4.00     0  nginx
14:21:39       33      5384   27.30    7.60    0.00    0.20   34.90     1  node

14:21:39      UID       PID    %usr %system  %guest   %wait    %CPU   CPU  Command
14:21:49       33      5370    1.90    2.50    0.00    0.40    4.40     0  nginx
14:21:49       33      5371    1.90    2.50    0.00    0.40    4.40     1  nginx
14:21:49       33      5384   29.10    8.00    0.00    0.40   37.10     1  node

14:21:49      UID       PID    %usr %system  %guest   %wait    %CPU   CPU  Command
14:21:59       33      5370    1.60    2.50    0.00    0.20    4.10     1  nginx
14:21:59       33      5371    1.70    2.30    0.00    0.20    4.00     1  nginx
14:21:59       33      5384   28.00    7.60    0.00    0.20   35.60     1  node

14:21:59      UID       PID    %usr %system  %guest   %wait    %CPU   CPU  Command
14:22:09       33      5362    0.30    0.00    0.00    0.40    0.30     0  node
14:22:09       33      5370    2.00    2.50    0.00    1.10    4.50     1  nginx
14:22:09       33      5371    2.00    2.80    0.00    1.00    4.80     1  nginx
14:22:09       33      5383   28.30    7.70    0.00    0.60   36.00     1  node
14:22:09       33      5384    3.10    0.90    0.00    0.80    4.00     1  node

14:22:09      UID       PID    %usr %system  %guest   %wait    %CPU   CPU  Command
14:22:19       33      5370    1.70    2.50    0.00    0.40    4.20     1  nginx
14:22:19       33      5371    1.80    2.50    0.00    0.30    4.30     0  nginx
14:22:19       33      5383   28.30    8.40    0.00    0.20   36.70     1  node
14:22:19       33      5384    0.10    0.00    0.00    0.00    0.10     0  node

14:22:19      UID       PID    %usr %system  %guest   %wait    %CPU   CPU  Command
14:22:29       33      5370    2.00    2.10    0.00    0.30    4.10     0  nginx
14:22:29       33      5371    1.60    2.50    0.00    0.30    4.10     0  nginx
14:22:29       33      5383   27.90    8.00    0.00    0.30   35.90     0  node

14:22:29      UID       PID    %usr %system  %guest   %wait    %CPU   CPU  Command
14:22:39       33      5370    1.80    2.50    0.00    0.50    4.30     0  nginx
14:22:39       33      5371    1.70    2.50    0.00    0.40    4.20     0  nginx
14:22:39       33      5383   27.80    7.80    0.00    0.40   35.60     0  node
14:22:39       33      5384    1.30    0.20    0.00    0.20    1.50     0  node

14:22:39      UID       PID    %usr %system  %guest   %wait    %CPU   CPU  Command
14:22:49       33      5370    1.90    2.80    0.00    1.00    4.70     0  nginx
14:22:49       33      5371    2.20    2.60    0.00    0.80    4.80     0  nginx
14:22:49       33      5383   29.20    7.60    0.00    0.60   36.80     0  node
14:22:49       33      5384    3.20    1.00    0.00    0.50    4.20     1  node

14:22:49      UID       PID    %usr %system  %guest   %wait    %CPU   CPU  Command
14:22:59       33      5370    1.90    2.40    0.00    0.70    4.30     0  nginx
14:22:59       33      5371    1.70    2.50    0.00    0.70    4.20     1  nginx
14:22:59       33      5383   27.00    7.00    0.00    0.60   34.00     0  node
14:22:59       33      5384    3.40    0.70    0.00    0.40    4.10     0  node

14:22:59      UID       PID    %usr %system  %guest   %wait    %CPU   CPU  Command
14:23:09       33      5362    0.10    0.10    0.00    0.30    0.20     1  node
14:23:09       33      5370    1.80    2.60    0.00    1.00    4.40     0  nginx
14:23:09       33      5371    1.80    2.60    0.00    0.90    4.40     0  nginx
14:23:09       33      5383    3.20    0.90    0.00    0.90    4.10     0  node
14:23:09       33      5384   28.50    8.00    0.00    0.60   36.50     0  node

14:23:09      UID       PID    %usr %system  %guest   %wait    %CPU   CPU  Command
14:23:19       33      5370    1.90    2.40    0.00    0.70    4.30     1  nginx
14:23:19       33      5371    2.00    2.40    0.00    0.60    4.40     1  nginx
14:23:19       33      5383    3.00    0.60    0.00    0.30    3.60     0  node
14:23:19       33      5384   26.67    7.39    0.00    0.40   34.07     1  node

14:23:19      UID       PID    %usr %system  %guest   %wait    %CPU   CPU  Command
14:23:29       33      5370    1.70    2.50    0.00    0.90    4.20     1  nginx
14:23:29       33      5371    1.80    2.30    0.00    0.60    4.10     1  nginx
14:23:29       33      5383    5.10    1.30    0.00    0.60    6.40     1  node
14:23:29       33      5384   23.90    7.20    0.00    0.70   31.10     1  node

14:23:29      UID       PID    %usr %system  %guest   %wait    %CPU   CPU  Command
14:23:39       33      5370    2.10    2.50    0.00    1.30    4.60     1  nginx
14:23:39       33      5371    2.00    2.50    0.00    1.30    4.50     0  nginx
14:23:39       33      5383   15.30    3.90    0.00    1.40   19.20     1  node
14:23:39       33      5384   18.10    4.70    0.00    1.40   22.80     1  node

14:23:39      UID       PID    %usr %system  %guest   %wait    %CPU   CPU  Command
14:23:49       33      5370    1.80    2.70    0.00    1.40    4.50     1  nginx
14:23:49       33      5371    2.00    2.60    0.00    1.60    4.60     1  nginx
14:23:49       33      5383   19.50    5.20    0.00    1.60   24.70     1  node
14:23:49       33      5384   14.50    4.30    0.00    1.30   18.80     1  node

14:23:49      UID       PID    %usr %system  %guest   %wait    %CPU   CPU  Command
14:23:59       33      5370    2.10    2.50    0.00    1.40    4.60     1  nginx
14:23:59       33      5371    2.10    2.40    0.00    1.40    4.50     1  nginx
14:23:59       33      5383   13.50    3.70    0.00    1.30   17.20     0  node
14:23:59       33      5384   18.60    5.30    0.00    1.30   23.90     1  node

14:23:59      UID       PID    %usr %system  %guest   %wait    %CPU   CPU  Command
14:24:09       33      5362    0.40    0.10    0.00    0.60    0.50     1  node
14:24:09       33      5370    2.00    2.80    0.00    2.00    4.80     0  nginx
14:24:09       33      5371    2.20    2.60    0.00    2.10    4.80     0  nginx
14:24:09       33      5383   17.90    4.50    0.00    2.10   22.40     0  node
14:24:09       33      5384   18.60    5.20    0.00    2.10   23.80     0  node

14:24:09      UID       PID    %usr %system  %guest   %wait    %CPU   CPU  Command
14:24:19       33      5370    1.90    2.40    0.00    1.00    4.30     0  nginx
14:24:19       33      5371    1.90    2.50    0.00    1.20    4.40     0  nginx
14:24:19       33      5383   19.50    5.40    0.00    1.20   24.90     0  node
14:24:19       33      5384   12.90    2.90    0.00    1.10   15.80     0  node

14:24:19      UID       PID    %usr %system  %guest   %wait    %CPU   CPU  Command
14:24:29       33      5370    1.90    2.40    0.00    1.10    4.30     1  nginx
14:24:29       33      5371    2.00    2.50    0.00    1.40    4.50     0  nginx
14:24:29       33      5383   21.20    5.80    0.00    1.20   27.00     0  node
14:24:29       33      5384   10.80    2.70    0.00    1.10   13.50     0  node

14:24:29      UID       PID    %usr %system  %guest   %wait    %CPU   CPU  Command
14:24:39       33      5370    1.20    1.60    0.00    0.50    2.80     0  nginx
14:24:39       33      5371    1.20    1.60    0.00    0.50    2.80     0  nginx
14:24:39       33      5383   12.40    3.10    0.00    0.40   15.50     1  node
14:24:39       33      5384    7.10    1.60    0.00    0.40    8.70     1  node

14:24:39      UID       PID    %usr %system  %guest   %wait    %CPU   CPU  Command
14:24:49       33      5370    0.30    0.50    0.00    0.00    0.80     0  nginx
14:24:49       33      5371    0.30    0.40    0.00    0.00    0.70     0  nginx
14:24:49       33      5383    2.80    0.60    0.00    0.10    3.40     1  node
14:24:49       33      5384    1.90    0.40    0.00    0.00    2.30     1  node

14:24:49      UID       PID    %usr %system  %guest   %wait    %CPU   CPU  Command
14:24:59       33      5370    0.00    0.40    0.00    0.00    0.40     1  nginx
14:24:59       33      5371    0.00    0.50    0.00    0.00    0.50     0  nginx
14:24:59       33      5383    0.10    0.00    0.00    0.00    0.10     0  node

14:24:59      UID       PID    %usr %system  %guest   %wait    %CPU   CPU  Command
14:25:09       33      5383    0.10    0.10    0.00    0.00    0.20     1  node
14:25:09       33      5384    0.10    0.10    0.00    0.00    0.20     1  node

14:25:09      UID       PID    %usr %system  %guest   %wait    %CPU   CPU  Command

14:25:19      UID       PID    %usr %system  %guest   %wait    %CPU   CPU  Command
14:25:29       33      5370    0.20    0.20    0.00    0.10    0.40     1  nginx
14:25:29       33      5371    0.20    0.20    0.00    0.00    0.40     0  nginx
14:25:29       33      5383    4.40    0.60    0.00    0.20    5.00     0  node
14:25:29       33      5384    2.00    0.10    0.00    0.40    2.10     0  node

14:25:29      UID       PID    %usr %system  %guest   %wait    %CPU   CPU  Command
14:25:39       33      5370    0.70    1.20    0.00    0.00    1.90     0  nginx
14:25:39       33      5371    0.70    1.30    0.00    0.10    2.00     0  nginx
14:25:39       33      5383   12.00    2.60    0.00    0.10   14.60     0  node
14:25:39       33      5384    0.80    0.20    0.00    0.10    1.00     0  node

14:25:39      UID       PID    %usr %system  %guest   %wait    %CPU   CPU  Command
14:25:49       33      5370    1.40    1.90    0.00    0.70    3.30     0  nginx
14:25:49       33      5371    1.30    1.90    0.00    0.70    3.20     0  nginx
14:25:49       33      5383   13.40    3.40    0.00    0.70   16.80     0  node
14:25:49       33      5384    9.10    1.90    0.00    0.50   11.00     0  node

14:25:49      UID       PID    %usr %system  %guest   %wait    %CPU   CPU  Command
14:25:59       33      5370    1.70    2.30    0.00    0.80    4.00     1  nginx
14:25:59       33      5371    1.30    2.70    0.00    0.70    4.00     0  nginx
14:25:59       33      5383    9.50    2.60    0.00    0.60   12.10     1  node
14:25:59       33      5384   16.90    4.50    0.00    0.70   21.40     1  node

14:25:59      UID       PID    %usr %system  %guest   %wait    %CPU   CPU  Command
14:26:09       33      5362    0.80    0.30    0.00    0.80    1.10     1  node
14:26:09       33      5370    1.70    3.10    0.00    0.80    4.80     1  nginx
14:26:09       33      5371    1.90    2.90    0.00    0.90    4.80     1  nginx
14:26:09       33      5383   30.90    8.50    0.00    1.40   39.40     1  node
14:26:09       33      5384    3.20    0.80    0.00    1.30    4.00     0  node

14:26:09      UID       PID    %usr %system  %guest   %wait    %CPU   CPU  Command
14:26:19       33      5370    2.10    3.10    0.00    0.50    5.20     1  nginx
14:26:19       33      5371    1.80    3.30    0.00    0.40    5.10     1  nginx
14:26:19       33      5383   34.50   10.90    0.00    0.30   45.40     1  node

14:26:19      UID       PID    %usr %system  %guest   %wait    %CPU   CPU  Command
14:26:29       33      5370    2.30    3.50    0.00    0.50    5.80     0  nginx
14:26:29       33      5371    2.10    3.60    0.00    0.50    5.70     1  nginx
14:26:29       33      5383   39.10   12.10    0.00    0.30   51.20     1  node

14:26:29      UID       PID    %usr %system  %guest   %wait    %CPU   CPU  Command
14:26:39       33      5370    2.40    3.30    0.00    1.00    5.70     1  nginx
14:26:39       33      5371    2.20    3.30    0.00    0.90    5.50     0  nginx
14:26:39       33      5383   38.30   10.90    0.00    0.50   49.20     0  node
14:26:39       33      5384    2.10    0.60    0.00    0.40    2.70     1  node

14:26:39      UID       PID    %usr %system  %guest   %wait    %CPU   CPU  Command
14:26:49       33      5370    2.20    3.40    0.00    1.10    5.60     0  nginx
14:26:49       33      5371    2.40    3.30    0.00    1.00    5.70     0  nginx
14:26:49       33      5383   36.90   10.90    0.00    0.90   47.80     0  node
14:26:49       33      5384    4.60    1.20    0.00    0.90    5.80     0  node

14:26:49      UID       PID    %usr %system  %guest   %wait    %CPU   CPU  Command
14:26:59       33      5370    2.20    3.40    0.00    0.50    5.60     0  nginx
14:26:59       33      5371    2.30    3.20    0.00    0.50    5.50     0  nginx
14:26:59       33      5383   38.70   11.50    0.00    0.30   50.20     0  node
14:26:59       33      5384    0.10    0.00    0.00    0.00    0.10     1  node

14:26:59      UID       PID    %usr %system  %guest   %wait    %CPU   CPU  Command
14:27:09       33      5362    0.60    0.30    0.00    0.80    0.90     0  node
14:27:09       33      5370    2.50    3.60    0.00    1.30    6.10     0  nginx
14:27:09       33      5371    2.20    3.40    0.00    1.70    5.60     0  nginx
14:27:09       33      5383    4.30    1.50    0.00    1.20    5.80     0  node
14:27:09       33      5384   38.30   11.10    0.00    1.20   49.40     0  node

14:27:09      UID       PID    %usr %system  %guest   %wait    %CPU   CPU  Command
14:27:19       33      5370    2.50    3.00    0.00    0.50    5.50     0  nginx
14:27:19       33      5371    2.20    3.20    0.00    0.40    5.40     0  nginx
14:27:19       33      5384   38.50   11.30    0.00    0.40   49.80     0  node

14:27:19      UID       PID    %usr %system  %guest   %wait    %CPU   CPU  Command
14:27:29       33      5370    2.20    3.20    0.00    0.60    5.40     0  nginx
14:27:29       33      5371    2.40    3.00    0.00    0.50    5.40     0  nginx
14:27:29       33      5384   38.30   11.20    0.00    0.40   49.50     0  node

14:27:29      UID       PID    %usr %system  %guest   %wait    %CPU   CPU  Command
14:27:39       33      5370    2.30    3.20    0.00    0.40    5.50     0  nginx
14:27:39       33      5371    2.20    3.20    0.00    0.50    5.40     0  nginx
14:27:39       33      5384   38.10   11.60    0.00    0.30   49.70     0  node

14:27:39      UID       PID    %usr %system  %guest   %wait    %CPU   CPU  Command
14:27:49       33      5370    2.40    3.30    0.00    0.60    5.70     0  nginx
14:27:49       33      5371    2.40    3.30    0.00    0.60    5.70     0  nginx
14:27:49       33      5384   39.70   11.60    0.00    0.40   51.30     0  node

14:27:49      UID       PID    %usr %system  %guest   %wait    %CPU   CPU  Command
14:27:59       33      5370    2.30    3.10    0.00    0.50    5.40     0  nginx
14:27:59       33      5371    2.10    3.20    0.00    0.50    5.30     1  nginx
14:27:59       33      5384   38.20   11.10    0.00    0.40   49.30     0  node

14:27:59      UID       PID    %usr %system  %guest   %wait    %CPU   CPU  Command
14:28:09       33      5362    0.90    0.20    0.00    1.10    1.10     0  node
14:28:09       33      5370    2.40    3.50    0.00    1.50    5.90     1  nginx
14:28:09       33      5371    2.30    3.60    0.00    1.50    5.90     0  nginx
14:28:09       33      5383    3.30    0.60    0.00    1.40    3.90     0  node
14:28:09       33      5384   39.80   12.00    0.00    2.20   51.80     0  node

14:28:09      UID       PID    %usr %system  %guest   %wait    %CPU   CPU  Command
14:28:19       33      5370    2.30    3.10    0.00    0.50    5.40     1  nginx
14:28:19       33      5371    2.30    3.10    0.00    0.50    5.40     1  nginx
14:28:19       33      5384   37.60   12.00    0.00    0.30   49.60     1  node

14:28:19      UID       PID    %usr %system  %guest   %wait    %CPU   CPU  Command
14:28:29       33      5370    2.50    3.00    0.00    0.40    5.50     1  nginx
14:28:29       33      5371    2.40    3.10    0.00    0.50    5.50     1  nginx
14:28:29       33      5384   38.10   11.00    0.00    0.30   49.10     1  node

14:28:29      UID       PID    %usr %system  %guest   %wait    %CPU   CPU  Command
14:28:39       33      5370    2.20    3.40    0.00    0.60    5.60     1  nginx
14:28:39       33      5371    2.40    3.20    0.00    0.50    5.60     1  nginx
14:28:39       33      5384   39.30   11.50    0.00    0.40   50.80     1  node

14:28:39      UID       PID    %usr %system  %guest   %wait    %CPU   CPU  Command
14:28:49       33      5370    2.30    3.50    0.00    0.50    5.80     1  nginx
14:28:49       33      5371    2.30    3.30    0.00    0.50    5.60     0  nginx
14:28:49       33      5384   39.00   11.60    0.00    0.40   50.60     1  node

14:28:49      UID       PID    %usr %system  %guest   %wait    %CPU   CPU  Command
14:28:59       33      5370    2.30    3.20    0.00    0.50    5.50     0  nginx
14:28:59       33      5371    2.30    3.10    0.00    0.60    5.40     1  nginx
14:28:59       33      5384   38.70   11.30    0.00    0.40   50.00     1  node

14:28:59      UID       PID    %usr %system  %guest   %wait    %CPU   CPU  Command
14:29:09       33      5362    0.60    0.20    0.00    1.40    0.80     0  node
14:29:09       33      5370    2.50    3.30    0.00    1.50    5.80     1  nginx
14:29:09       33      5371    2.60    3.50    0.00    1.50    6.10     0  nginx
14:29:09       33      5383    3.10    0.60    0.00    1.30    3.70     0  node
14:29:09       33      5384   40.10   11.30    0.00    1.60   51.40     1  node

14:29:09      UID       PID    %usr %system  %guest   %wait    %CPU   CPU  Command
14:29:19       33      5370    2.30    3.10    0.00    0.50    5.40     1  nginx
14:29:19       33      5371    2.40    3.00    0.00    0.50    5.40     1  nginx
14:29:19       33      5384   38.50   11.00    0.00    0.30   49.50     1  node

14:29:19      UID       PID    %usr %system  %guest   %wait    %CPU   CPU  Command
14:29:29       33      5370    2.20    3.30    0.00    0.50    5.50     1  nginx
14:29:29       33      5371    2.30    3.10    0.00    0.60    5.40     1  nginx
14:29:29       33      5384   38.30   11.50    0.00    0.40   49.80     1  node

14:29:29      UID       PID    %usr %system  %guest   %wait    %CPU   CPU  Command
14:29:39       33      5370    1.70    2.50    0.00    0.30    4.20     1  nginx
14:29:39       33      5371    1.80    2.40    0.00    0.30    4.20     0  nginx
14:29:39       33      5384   28.50    8.40    0.00    0.30   36.90     1  node

14:29:39      UID       PID    %usr %system  %guest   %wait    %CPU   CPU  Command
14:29:49       33      5370    0.70    1.20    0.00    0.10    1.90     1  nginx
14:29:49       33      5371    0.80    1.00    0.00    0.10    1.80     1  nginx
14:29:49       33      5384   11.80    2.60    0.00    0.10   14.40     0  node

14:29:49      UID       PID    %usr %system  %guest   %wait    %CPU   CPU  Command
14:29:59       33      5370    0.00    0.70    0.00    0.00    0.70     0  nginx
14:29:59       33      5371    0.10    0.70    0.00    0.00    0.80     1  nginx
14:29:59       33      5384    0.30    0.10    0.00    0.00    0.40     1  node

14:29:59      UID       PID    %usr %system  %guest   %wait    %CPU   CPU  Command
14:30:09       33      5370    0.00    0.10    0.00    0.00    0.10     0  nginx
14:30:09       33      5371    0.00    0.10    0.00    0.00    0.10     1  nginx
14:30:09       33      5384    0.10    0.00    0.00    0.00    0.10     1  node

14:30:09      UID       PID    %usr %system  %guest   %wait    %CPU   CPU  Command

14:30:19      UID       PID    %usr %system  %guest   %wait    %CPU   CPU  Command
14:30:29       33      5384    0.00    0.10    0.00    0.00    0.10     0  node

14:30:29      UID       PID    %usr %system  %guest   %wait    %CPU   CPU  Command
14:30:39       33      5362    0.20    0.10    0.00    0.30    0.30     0  node
14:30:39       33      5370    0.70    1.20    0.00    0.10    1.90     1  nginx
14:30:39       33      5371    0.70    1.20    0.00    0.10    1.90     1  nginx
14:30:39       33      5383    2.80    0.30    0.00    0.40    3.10     0  node
14:30:39       33      5384   12.80    3.10    0.00    0.60   15.90     1  node

14:30:39      UID       PID    %usr %system  %guest   %wait    %CPU   CPU  Command
14:30:49       33      5370    1.50    1.80    0.00    0.30    3.30     1  nginx
14:30:49       33      5371    1.40    1.80    0.00    0.30    3.20     1  nginx
14:30:49       33      5383    1.10    0.20    0.00    0.20    1.30     0  node
14:30:49       33      5384   19.70    5.20    0.00    0.20   24.90     1  node

14:30:49      UID       PID    %usr %system  %guest   %wait    %CPU   CPU  Command
14:30:59       33      5370    1.60    2.80    0.00    0.30    4.40     1  nginx
14:30:59       33      5371    1.60    2.70    0.00    0.20    4.30     0  nginx
14:30:59       33      5384   25.70    8.50    0.00    0.20   34.20     1  node

14:30:59      UID       PID    %usr %system  %guest   %wait    %CPU   CPU  Command
14:31:09       33      5362    0.10    0.10    0.00    0.30    0.20     1  node
14:31:09       33      5370    2.20    3.70    0.00    1.40    5.90     0  nginx
14:31:09       33      5371    2.30    3.80    0.00    1.50    6.10     1  nginx
14:31:09       33      5383   35.40   10.90    0.00    1.00   46.30     1  node
14:31:09       33      5384    4.10    1.30    0.00    0.70    5.40     0  node

14:31:09      UID       PID    %usr %system  %guest   %wait    %CPU   CPU  Command
14:31:19       33      5370    2.60    3.90    0.00    0.50    6.50     1  nginx
14:31:19       33      5371    2.70    3.70    0.00    0.70    6.40     1  nginx
14:31:19       33      5383   42.50   13.00    0.00    0.30   55.50     1  node

14:31:19      UID       PID    %usr %system  %guest   %wait    %CPU   CPU  Command
14:31:29       33      5370    2.70    4.90    0.00    2.40    7.60     1  nginx
14:31:29       33      5371    2.90    4.70    0.00    2.50    7.60     1  nginx
14:31:29       33      5383   33.60   10.40    0.00    2.10   44.00     1  node
14:31:29       33      5384   19.90    6.60    0.00    1.90   26.50     1  node

14:31:29      UID       PID    %usr %system  %guest   %wait    %CPU   CPU  Command
14:31:39       33      5362    0.20    0.10    0.00    0.20    0.30     1  node
14:31:39       33      5370    2.80    4.70    0.00    2.70    7.50     0  nginx
14:31:39       33      5371    2.90    4.70    0.00    2.60    7.60     0  nginx
14:31:39       33      5383   22.20    6.50    0.00    2.50   28.70     1  node
14:31:39       33      5384   32.80    9.60    0.00    2.80   42.40     0  node

14:31:39      UID       PID    %usr %system  %guest   %wait    %CPU   CPU  Command
14:31:49       33      5362    0.10    0.00    0.00    0.00    0.10     0  node
14:31:49       33      5370    3.40    4.90    0.00    4.10    8.30     0  nginx
14:31:49       33      5371    3.50    4.60    0.00    4.30    8.10     1  nginx
14:31:49       33      5383   18.70    5.50    0.00    4.30   24.20     0  node
14:31:49       33      5384   40.60   12.20    0.00    2.80   52.80     1  node

14:31:49      UID       PID    %usr %system  %guest   %wait    %CPU   CPU  Command
14:31:59       33      5370    3.60    4.70    0.00    4.30    8.30     0  nginx
14:31:59       33      5371    3.30    4.90    0.00    4.50    8.20     0  nginx
14:31:59       33      5383   24.50    7.10    0.00    6.00   31.60     0  node
14:31:59       33      5384   36.10   11.20    0.00    4.90   47.30     0  node

14:31:59      UID       PID    %usr %system  %guest   %wait    %CPU   CPU  Command
14:32:09       33      5362    1.20    0.50    0.00    2.40    1.70     1  node
14:32:09       33      5370    3.60    5.50    0.00    5.10    9.10     1  nginx
14:32:09       33      5371    3.60    5.50    0.00    5.40    9.10     0  nginx
14:32:09       33      5383   41.90   12.80    0.00    6.10   54.70     1  node
14:32:09       33      5384   20.80    6.40    0.00    7.30   27.20     0  node

14:32:09      UID       PID    %usr %system  %guest   %wait    %CPU   CPU  Command
14:32:19       33      5370    3.20    4.80    0.00    4.10    8.00     1  nginx
14:32:19       33      5371    3.20    4.60    0.00    4.10    7.80     1  nginx
14:32:19       33      5383   35.10   11.30    0.00    3.10   46.40     0  node
14:32:19       33      5384   22.80    6.80    0.00    4.40   29.60     1  node

14:32:19      UID       PID    %usr %system  %guest   %wait    %CPU   CPU  Command
14:32:29       33      5370    3.30    4.60    0.00    4.00    7.90     1  nginx
14:32:29       33      5371    3.30    4.50    0.00    3.70    7.80     1  nginx
14:32:29       33      5383   17.50    4.90    0.00    3.90   22.40     1  node
14:32:29       33      5384   38.90   12.60    0.00    2.80   51.50     1  node

14:32:29      UID       PID    %usr %system  %guest   %wait    %CPU   CPU  Command
14:32:39       33      5370    3.20    4.40    0.00    3.60    7.60     1  nginx
14:32:39       33      5371    3.20    4.50    0.00    3.70    7.70     1  nginx
14:32:39       33      5383   38.90   11.80    0.00    3.40   50.70     1  node
14:32:39       33      5384   17.30    5.50    0.00    4.00   22.80     0  node

14:32:39      UID       PID    %usr %system  %guest   %wait    %CPU   CPU  Command
14:32:49       33      5362    0.40    0.30    0.00    0.50    0.70     1  node
14:32:49       33      5370    3.10    4.90    0.00    3.60    8.00     0  nginx
14:32:49       33      5371    3.40    4.70    0.00    3.70    8.10     1  nginx
14:32:49       33      5383   43.10   13.30    0.00    2.60   56.40     1  node
14:32:49       33      5384   14.80    4.20    0.00    4.10   19.00     1  node

14:32:49      UID       PID    %usr %system  %guest   %wait    %CPU   CPU  Command
14:32:59       33      5370    2.90    4.60    0.00    2.80    7.50     1  nginx
14:32:59       33      5371    3.20    4.20    0.00    2.80    7.40     1  nginx
14:32:59       33      5383   44.80   13.20    0.00    1.60   58.00     1  node
14:32:59       33      5384   10.20    2.70    0.00    2.20   12.90     1  node

14:32:59      UID       PID    %usr %system  %guest   %wait    %CPU   CPU  Command
14:33:09       33      5362    0.70    0.20    0.00    0.70    0.90     1  node
14:33:09       33      5370    2.90    4.50    0.00    2.30    7.40     1  nginx
14:33:09       33      5371    2.80    4.60    0.00    2.20    7.40     0  nginx
14:33:09       33      5383   49.40   15.30    0.00    1.50   64.70     1  node
14:33:09       33      5384    4.50    1.60    0.00    2.00    6.10     0  node

14:33:09      UID       PID    %usr %system  %guest   %wait    %CPU   CPU  Command
14:33:19       33      5370    3.00    4.20    0.00    1.90    7.20     1  nginx
14:33:19       33      5371    2.90    4.30    0.00    1.60    7.20     1  nginx
14:33:19       33      5383   48.80   15.30    0.00    1.00   64.10     1  node
14:33:19       33      5384    3.40    0.90    0.00    1.00    4.30     1  node

14:33:19      UID       PID    %usr %system  %guest   %wait    %CPU   CPU  Command
14:33:29       33      5370    3.20    4.60    0.00    4.00    7.80     1  nginx
14:33:29       33      5371    3.10    4.70    0.00    4.10    7.80     1  nginx
14:33:29       33      5383   27.20    7.90    0.00    5.40   35.10     1  node
14:33:29       33      5384   31.20    9.10    0.00    5.10   40.30     0  node

14:33:29      UID       PID    %usr %system  %guest   %wait    %CPU   CPU  Command
14:33:39       33      5370    3.10    4.60    0.00    3.80    7.70     0  nginx
14:33:39       33      5371    3.40    4.30    0.00    3.40    7.70     0  nginx
14:33:39       33      5383   42.00   12.50    0.00    2.50   54.50     0  node
14:33:39       33      5384   15.40    4.00    0.00    3.70   19.40     1  node

14:33:39      UID       PID    %usr %system  %guest   %wait    %CPU   CPU  Command
14:33:49       33      5362    0.60    0.10    0.00    0.50    0.70     1  node
14:33:49       33      5370    3.20    4.50    0.00    3.70    7.70     1  nginx
14:33:49       33      5371    2.90    5.00    0.00    3.80    7.90     1  nginx
14:33:49       33      5383   49.50   15.00    0.00    3.60   64.50     1  node
14:33:49       33      5384   12.20    3.80    0.00    5.80   16.00     1  node

14:33:49      UID       PID    %usr %system  %guest   %wait    %CPU   CPU  Command
14:33:59       33      5370    3.30    4.50    0.00    3.60    7.80     1  nginx
14:33:59       33      5371    3.10    4.50    0.00    3.30    7.60     1  nginx
14:33:59       33      5383   41.70   12.50    0.00    2.50   54.20     1  node
14:33:59       33      5384   14.70    4.20    0.00    3.50   18.90     1  node

14:33:59      UID       PID    %usr %system  %guest   %wait    %CPU   CPU  Command
14:34:09       33      5362    0.60    0.30    0.00    1.00    0.90     1  node
14:34:09       33      5370    3.30    4.30    0.00    2.00    7.60     0  nginx
14:34:09       33      5371    3.00    4.40    0.00    2.20    7.40     0  nginx
14:34:09       33      5383   49.10   15.90    0.00    1.90   65.00     0  node
14:34:09       33      5384    4.40    1.40    0.00    1.90    5.80     1  node

14:34:09      UID       PID    %usr %system  %guest   %wait    %CPU   CPU  Command
14:34:19       33      5370    2.90    4.20    0.00    0.80    7.10     0  nginx
14:34:19       33      5371    2.90    4.10    0.00    0.80    7.00     0  nginx
14:34:19       33      5383   49.70   15.10    0.00    0.40   64.80     0  node
14:34:19       33      5384    0.10    0.00    0.00    0.00    0.10     1  node

14:34:19      UID       PID    %usr %system  %guest   %wait    %CPU   CPU  Command
14:34:29       33      5370    2.80    4.10    0.00    0.80    6.90     1  nginx
14:34:29       33      5371    2.80    4.20    0.00    0.80    7.00     0  nginx
14:34:29       33      5383   49.30   15.50    0.00    0.40   64.80     0  node

14:34:29      UID       PID    %usr %system  %guest   %wait    %CPU   CPU  Command
14:34:39       33      5362    0.20    0.20    0.00    0.40    0.40     0  node
14:34:39       33      5370    2.60    4.00    0.00    1.10    6.60     0  nginx
14:34:39       33      5371    2.70    3.90    0.00    1.10    6.60     1  nginx
14:34:39       33      5383   43.70   13.70    0.00    1.20   57.40     0  node
14:34:39       33      5384    2.80    0.80    0.00    1.10    3.60     1  node

14:34:39      UID       PID    %usr %system  %guest   %wait    %CPU   CPU  Command
14:34:49       33      5370    1.70    2.00    0.00    0.30    3.70     0  nginx
14:34:49       33      5371    1.50    2.10    0.00    0.20    3.60     1  nginx
14:34:49       33      5383   23.50    6.60    0.00    0.20   30.10     0  node
14:34:49       33      5384    0.10    0.00    0.00    0.00    0.10     0  node

14:34:49      UID       PID    %usr %system  %guest   %wait    %CPU   CPU  Command
14:34:59       33      5370    0.20    0.30    0.00    0.00    0.50     0  nginx
14:34:59       33      5371    0.30    0.20    0.00    0.00    0.50     0  nginx
14:34:59       33      5383    3.00    0.70    0.00    0.00    3.70     1  node

14:34:59      UID       PID    %usr %system  %guest   %wait    %CPU   CPU  Command
14:35:09       33      5370    0.10    1.10    0.00    0.10    1.20     1  nginx
14:35:09       33      5371    0.00    1.10    0.00    0.00    1.10     0  nginx

14:35:09      UID       PID    %usr %system  %guest   %wait    %CPU   CPU  Command

14:35:19      UID       PID    %usr %system  %guest   %wait    %CPU   CPU  Command
14:35:29       33      5383    0.50    0.10    0.00    0.10    0.60     0  node

14:35:29      UID       PID    %usr %system  %guest   %wait    %CPU   CPU  Command
14:35:39       33      5362    0.20    0.10    0.00    0.30    0.30     0  node
14:35:39       33      5370    0.20    0.50    0.00    0.40    0.70     1  nginx
14:35:39       33      5371    0.20    0.50    0.00    0.30    0.70     0  nginx
14:35:39       33      5383   10.00    1.40    0.00    0.80   11.40     0  node
14:35:39       33      5384    2.80    0.30    0.00    0.50    3.10     0  node

14:35:39      UID       PID    %usr %system  %guest   %wait    %CPU   CPU  Command
14:35:49       33      5370    1.40    1.80    0.00    0.40    3.20     0  nginx
14:35:49       33      5371    1.40    1.90    0.00    0.40    3.30     0  nginx
14:35:49       33      5383   25.50    5.30    0.00    0.70   30.80     0  node
14:35:49       33      5384    0.10    0.00    0.00    0.00    0.10     0  node

14:35:49      UID       PID    %usr %system  %guest   %wait    %CPU   CPU  Command
14:35:59       33      5370    1.90    2.50    0.00    0.30    4.40     1  nginx
14:35:59       33      5371    1.60    2.80    0.00    0.30    4.40     1  nginx
14:35:59       33      5383   27.90    8.20    0.00    0.20   36.10     1  node

14:35:59      UID       PID    %usr %system  %guest   %wait    %CPU   CPU  Command
14:36:09       33      5362    0.40    0.20    0.00    0.90    0.60     1  node
14:36:09       33      5370    2.30    3.80    0.00    1.30    6.10     1  nginx
14:36:09       33      5371    2.40    3.70    0.00    1.30    6.10     0  nginx
14:36:09       33      5383    5.20    1.60    0.00    1.20    6.80     1  node
14:36:09       33      5384   37.40   10.50    0.00    1.80   47.90     1  node

14:36:09      UID       PID    %usr %system  %guest   %wait    %CPU   CPU  Command
14:36:19       33      5370    2.80    4.60    0.00    2.80    7.40     1  nginx
14:36:19       33      5371    2.90    4.40    0.00    3.00    7.30     0  nginx
14:36:19       33      5383   13.90    3.70    0.00    3.50   17.60     1  node
14:36:19       33      5384   37.90   11.90    0.00    2.50   49.80     1  node

14:36:19      UID       PID    %usr %system  %guest   %wait    %CPU   CPU  Command
14:36:29       33      5370    3.40    5.60    0.00    4.80    9.00     1  nginx
14:36:29       33      5371    3.50    5.40    0.00    4.60    8.90     1  nginx
14:36:29       33      5383   20.30    6.40    0.00    6.10   26.70     1  node
14:36:29       33      5384   41.80   13.20    0.00    3.80   55.00     1  node

14:36:29      UID       PID    %usr %system  %guest   %wait    %CPU   CPU  Command
14:36:39       33      5362    0.20    0.10    0.00    0.40    0.30     1  node
14:36:39       33      5370    4.10    5.50    0.00    4.20    9.60     1  nginx
14:36:39       33      5371    3.80    6.00    0.00    4.50    9.80     1  nginx
14:36:39       33      5383   21.30    6.90    0.00    5.20   28.20     1  node
14:36:39       33      5384   47.00   14.90    0.00    4.50   61.90     1  node

14:36:39      UID       PID    %usr %system  %guest   %wait    %CPU   CPU  Command
14:36:49       33      5362    0.30    0.20    0.00    0.50    0.50     0  node
14:36:49       33      5370    3.80    5.20    0.00    2.60    9.00     1  nginx
14:36:49       33      5371    3.70    5.00    0.00    2.40    8.70     1  nginx
14:36:49       33      5383    6.00    2.10    0.00    2.90    8.10     0  node
14:36:49       33      5384   57.70   18.30    0.00    1.20   76.00     1  node

14:36:49      UID       PID    %usr %system  %guest   %wait    %CPU   CPU  Command
14:36:59       33      5370    3.30    5.00    0.00    1.10    8.30     1  nginx
14:36:59       33      5371    3.20    5.10    0.00    1.10    8.30     1  nginx
14:36:59       33      5383    0.80    0.20    0.00    0.30    1.00     0  node
14:36:59       33      5384   58.70   19.10    0.00    0.40   77.80     1  node

14:36:59      UID       PID    %usr %system  %guest   %wait    %CPU   CPU  Command
14:37:09       33      5362    0.50    0.20    0.00    1.50    0.70     1  node
14:37:09       33      5370    3.50    5.30    0.00    2.00    8.80     0  nginx
14:37:09       33      5371    3.30    5.20    0.00    2.10    8.50     1  nginx
14:37:09       33      5383    4.60    1.60    0.00    2.00    6.20     1  node
14:37:09       33      5384   58.80   19.00    0.00    2.10   77.80     1  node

14:37:09      UID       PID    %usr %system  %guest   %wait    %CPU   CPU  Command
14:37:19       33      5370    3.50    5.20    0.00    3.40    8.70     1  nginx
14:37:19       33      5371    3.80    5.10    0.00    3.40    8.90     0  nginx
14:37:19       33      5383    9.70    2.60    0.00    3.10   12.30     0  node
14:37:19       33      5384   57.30   17.20    0.00    1.50   74.50     1  node

14:37:19      UID       PID    %usr %system  %guest   %wait    %CPU   CPU  Command
14:37:29       33      5370    3.50    5.00    0.00    1.70    8.50     0  nginx
14:37:29       33      5371    3.10    5.30    0.00    1.70    8.40     1  nginx
14:37:29       33      5383    1.80    0.60    0.00    0.50    2.40     0  node
14:37:29       33      5384   58.60   19.00    0.00    0.60   77.60     0  node

14:37:29      UID       PID    %usr %system  %guest   %wait    %CPU   CPU  Command
14:37:39       33      5370    3.80    5.10    0.00    4.50    8.90     1  nginx
14:37:39       33      5371    3.70    5.50    0.00    4.50    9.20     1  nginx
14:37:39       33      5383   15.40    4.90    0.00    4.70   20.30     1  node
14:37:39       33      5384   50.70   16.10    0.00    2.30   66.80     1  node

14:37:39      UID       PID    %usr %system  %guest   %wait    %CPU   CPU  Command
14:37:49       33      5362    0.30    0.20    0.00    0.60    0.50     1  node
14:37:49       33      5370    3.80    6.00    0.00    6.40    9.80     0  nginx
14:37:49       33      5371    4.20    5.60    0.00    6.10    9.80     0  nginx
14:37:49       33      5383   41.50   13.60    0.00    7.80   55.10     0  node
14:37:49       33      5384   28.80    8.90    0.00    7.90   37.70     0  node

14:37:49      UID       PID    %usr %system  %guest   %wait    %CPU   CPU  Command
14:37:59       33      5370    3.70    5.60    0.00    5.00    9.30     0  nginx
14:37:59       33      5371    3.90    5.30    0.00    4.90    9.20     1  nginx
14:37:59       33      5383   19.10    6.30    0.00    5.50   25.40     0  node
14:37:59       33      5384   47.60   15.00    0.00    3.40   62.60     0  node

14:37:59      UID       PID    %usr %system  %guest   %wait    %CPU   CPU  Command
14:38:09       33      5362    0.40    0.30    0.00    0.90    0.70     0  node
14:38:09       33      5370    3.80    5.80    0.00    5.10    9.60     1  nginx
14:38:09       33      5371    3.70    6.00    0.00    5.20    9.70     1  nginx
14:38:09       33      5383   17.20    5.80    0.00    6.70   23.00     0  node
14:38:09       33      5384   52.40   16.70    0.00    4.40   69.10     1  node

14:38:09      UID       PID    %usr %system  %guest   %wait    %CPU   CPU  Command
14:38:19       33      5370    3.70    5.70    0.00    5.90    9.40     0  nginx
14:38:19       33      5371    3.70    5.60    0.00    6.20    9.30     0  nginx
14:38:19       33      5383   25.70    8.10    0.00    9.90   33.80     0  node
14:38:19       33      5384   46.10   14.80    0.00    6.70   60.90     0  node

14:38:19      UID       PID    %usr %system  %guest   %wait    %CPU   CPU  Command
14:38:29       33      5362    0.00    0.10    0.00    0.00    0.10     1  node
14:38:29       33      5370    3.70    5.70    0.00    5.40    9.40     0  nginx
14:38:29       33      5371    4.00    5.40    0.00    5.60    9.40     0  nginx
14:38:29       33      5383   40.30   12.90    0.00    6.30   53.20     1  node
14:38:29       33      5384   29.00    8.30    0.00    8.70   37.30     1  node

14:38:29      UID       PID    %usr %system  %guest   %wait    %CPU   CPU  Command
14:38:39       33      5370    3.80    5.20    0.00    4.20    9.00     1  nginx
14:38:39       33      5371    3.50    5.50    0.00    4.00    9.00     0  nginx
14:38:39       33      5383   17.00    5.30    0.00    5.50   22.30     1  node
14:38:39       33      5384   49.00   16.10    0.00    4.30   65.10     1  node

14:38:39      UID       PID    %usr %system  %guest   %wait    %CPU   CPU  Command
14:38:49       33      5362    0.40    0.20    0.00    0.60    0.60     1  node
14:38:49       33      5370    3.60    6.10    0.00    6.00    9.70     1  nginx
14:38:49       33      5371    3.80    5.80    0.00    6.00    9.60     0  nginx
14:38:49       33      5383   25.00    8.00    0.00    8.40   33.00     1  node
14:38:49       33      5384   45.80   13.90    0.00    6.30   59.70     1  node

14:38:49      UID       PID    %usr %system  %guest   %wait    %CPU   CPU  Command
14:38:59       33      5370    3.90    5.30    0.00    5.50    9.20     1  nginx
14:38:59       33      5371    3.70    5.60    0.00    5.50    9.30     1  nginx
14:38:59       33      5383   25.20    8.20    0.00    9.00   33.40     0  node
14:38:59       33      5384   42.60   12.70    0.00    6.70   55.30     0  node

14:38:59      UID       PID    %usr %system  %guest   %wait    %CPU   CPU  Command
14:39:09       33      5362    0.50    0.20    0.00    0.80    0.70     0  node
14:39:09       33      5370    3.80    5.30    0.00    2.50    9.10     0  nginx
14:39:09       33      5371    3.60    5.50    0.00    2.70    9.10     0  nginx
14:39:09       33      5383    6.40    2.10    0.00    2.80    8.50     0  node
14:39:09       33      5384   57.90   19.40    0.00    2.80   77.30     0  node

14:39:09      UID       PID    %usr %system  %guest   %wait    %CPU   CPU  Command
14:39:19       33      5370    3.40    5.10    0.00    2.00    8.50     0  nginx
14:39:19       33      5371    3.40    4.90    0.00    2.00    8.30     0  nginx
14:39:19       33      5383    4.10    0.90    0.00    1.30    5.00     1  node
14:39:19       33      5384   58.30   18.60    0.00    0.80   76.90     1  node

14:39:19      UID       PID    %usr %system  %guest   %wait    %CPU   CPU  Command
14:39:29       33      5370    3.40    4.90    0.00    2.10    8.30     0  nginx
14:39:29       33      5371    3.40    5.00    0.00    1.80    8.40     1  nginx
14:39:29       33      5383    3.30    1.20    0.00    1.30    4.50     0  node
14:39:29       33      5384   58.10   18.60    0.00    0.70   76.70     1  node

14:39:29      UID       PID    %usr %system  %guest   %wait    %CPU   CPU  Command
14:39:39       33      5370    3.80    5.50    0.00    5.30    9.30     1  nginx
14:39:39       33      5371    3.80    5.50    0.00    5.50    9.30     1  nginx
14:39:39       33      5383   42.50   13.40    0.00    4.70   55.90     1  node
14:39:39       33      5384   24.80    7.20    0.00    6.90   32.00     1  node

14:39:39      UID       PID    %usr %system  %guest   %wait    %CPU   CPU  Command
14:39:49       33      5370    3.00    4.00    0.00    2.90    7.00     1  nginx
14:39:49       33      5371    3.00    3.90    0.00    2.90    6.90     1  nginx
14:39:49       33      5383   21.90    6.10    0.00    2.90   28.00     1  node
14:39:49       33      5384   27.20    8.00    0.00    3.30   35.20     1  node

14:39:49      UID       PID    %usr %system  %guest   %wait    %CPU   CPU  Command
14:39:59       33      5370    1.00    1.40    0.00    0.50    2.40     1  nginx
14:39:59       33      5371    1.00    1.30    0.00    0.40    2.30     1  nginx
14:39:59       33      5383    5.00    1.40    0.00    0.40    6.40     1  node
14:39:59       33      5384   11.00    2.60    0.00    0.40   13.60     0  node

14:39:59      UID       PID    %usr %system  %guest   %wait    %CPU   CPU  Command
14:40:09       33      5370    0.20    1.20    0.00    0.00    1.40     0  nginx
14:40:09       33      5371    0.10    1.40    0.00    0.00    1.50     1  nginx
14:40:09       33      5384    0.30    0.00    0.00    0.00    0.30     0  node

14:40:09      UID       PID    %usr %system  %guest   %wait    %CPU   CPU  Command
14:40:19       33      5384    0.10    0.00    0.00    0.00    0.10     0  node

14:40:19      UID       PID    %usr %system  %guest   %wait    %CPU   CPU  Command
14:40:29       33      5384    0.50    0.10    0.00    0.00    0.60     0  node

14:40:29      UID       PID    %usr %system  %guest   %wait    %CPU   CPU  Command
14:40:39       33      5384    0.10    0.00    0.00    0.00    0.10     0  node

14:40:39      UID       PID    %usr %system  %guest   %wait    %CPU   CPU  Command
14:40:49       33      5362    0.10    0.10    0.00    0.10    0.20     1  node
14:40:49       33      5370    0.70    1.20    0.00    0.40    1.90     1  nginx
14:40:49       33      5371    0.90    1.10    0.00    0.50    2.00     1  nginx
14:40:49       33      5383    2.80    0.40    0.00    0.70    3.20     0  node
14:40:49       33      5384   21.50    3.30    0.00    1.10   24.80     0  node

14:40:49      UID       PID    %usr %system  %guest   %wait    %CPU   CPU  Command
14:40:59       33      5370    1.70    2.30    0.00    0.40    4.00     0  nginx
14:40:59       33      5371    1.30    2.60    0.00    0.30    3.90     0  nginx
14:40:59       33      5384   27.00    6.90    0.00    0.40   33.90     0  node

14:40:59      UID       PID    %usr %system  %guest   %wait    %CPU   CPU  Command
14:41:09       33      5362    0.40    0.10    0.00    0.50    0.50     0  node
14:41:09       33      5370    2.30    3.60    0.00    1.20    5.90     0  nginx
14:41:09       33      5371    2.30    3.50    0.00    1.30    5.80     0  nginx
14:41:09       33      5383    2.80    0.40    0.00    0.90    3.20     1  node
14:41:09       33      5384   35.70   11.10    0.00    1.20   46.80     0  node

14:41:09      UID       PID    %usr %system  %guest   %wait    %CPU   CPU  Command
14:41:19       33      5370    3.00    4.50    0.00    2.10    7.50     0  nginx
14:41:19       33      5371    2.70    4.70    0.00    2.10    7.40     0  nginx
14:41:19       33      5383    6.80    1.90    0.00    1.90    8.70     0  node
14:41:19       33      5384   42.90   14.10    0.00    1.10   57.00     1  node

14:41:19      UID       PID    %usr %system  %guest   %wait    %CPU   CPU  Command
14:41:29       33      5370    3.40    6.10    0.00    4.90    9.50     0  nginx
14:41:29       33      5371    3.40    6.10    0.00    5.00    9.50     1  nginx
14:41:29       33      5383   15.60    5.00    0.00    5.20   20.60     1  node
14:41:29       33      5384   48.90   15.80    0.00    2.10   64.70     0  node

14:41:29      UID       PID    %usr %system  %guest   %wait    %CPU   CPU  Command
14:41:39       33      5362    0.20    0.30    0.00    0.50    0.50     0  node
14:41:39       33      5370    3.90    7.10    0.00    4.10   11.00     0  nginx
14:41:39       33      5371    4.20    6.80    0.00    4.20   11.00     0  nginx
14:41:39       33      5383   11.90    4.10    0.00    4.40   16.00     1  node
14:41:39       33      5384   62.00   21.20    0.00    3.20   83.20     0  node

14:41:39      UID       PID    %usr %system  %guest   %wait    %CPU   CPU  Command
14:41:49       33      5362    0.80    0.60    0.00    1.90    1.40     1  node
14:41:49       33      5370    4.20    7.30    0.00    3.70   11.50     0  nginx
14:41:49       33      5371    4.40    7.20    0.00    3.60   11.60     0  nginx
14:41:49       33      5383   11.80    4.00    0.00    5.20   15.80     0  node
14:41:49       33      5384   66.20   22.80    0.00    5.20   89.00     1  node

14:41:49      UID       PID    %usr %system  %guest   %wait    %CPU   CPU  Command
14:41:59       33      5362    0.00    0.10    0.00    0.10    0.10     0  node
14:41:59       33      5370    4.10    5.90    0.00    1.60   10.00     0  nginx
14:41:59       33      5371    3.80    6.20    0.00    1.70   10.00     0  nginx
14:41:59       33      5383    1.20    0.60    0.00    0.40    1.80     0  node
14:41:59       33      5384   69.00   24.10    0.00    0.80   93.10     1  node

14:41:59      UID       PID    %usr %system  %guest   %wait    %CPU   CPU  Command
14:42:09       33      5362    1.20    0.60    0.00    1.50    1.80     1  node
14:42:09       33      5370    4.60    7.40    0.00    4.00   12.00     0  nginx
14:42:09       33      5371    4.20    7.20    0.00    4.10   11.40     0  nginx
14:42:09       33      5383    8.70    3.10    0.00    5.00   11.80     1  node
14:42:09       33      5384   68.40   23.50    0.00    4.10   91.90     1  node

14:42:09      UID       PID    %usr %system  %guest   %wait    %CPU   CPU  Command
14:42:19       33      5362    0.20    0.20    0.00    0.60    0.40     0  node
14:42:19       33      5370    4.10    6.20    0.00    2.80   10.30     1  nginx
14:42:19       33      5371    4.00    6.30    0.00    2.80   10.30     1  nginx
14:42:19       33      5383    5.30    1.60    0.00    2.10    6.90     1  node
14:42:19       33      5384   69.10   22.60    0.00    1.40   91.70     0  node

14:42:19      UID       PID    %usr %system  %guest   %wait    %CPU   CPU  Command
14:42:29       33      5362    0.10    0.10    0.00    0.10    0.20     1  node
14:42:29       33      5370    4.30    5.80    0.00    1.60   10.10     0  nginx
14:42:29       33      5371    4.00    6.00    0.00    1.50   10.00     0  nginx
14:42:29       33      5383    0.70    0.30    0.00    0.30    1.00     0  node
14:42:29       33      5384   68.00   23.20    0.00    0.60   91.20     0  node

14:42:29      UID       PID    %usr %system  %guest   %wait    %CPU   CPU  Command
14:42:39       33      5362    0.10    0.10    0.00    0.40    0.20     0  node
14:42:39       33      5370    4.20    6.10    0.00    2.70   10.30     0  nginx
14:42:39       33      5371    4.30    6.10    0.00    2.70   10.40     1  nginx
14:42:39       33      5383    4.90    1.40    0.00    2.30    6.30     1  node
14:42:39       33      5384   69.00   24.40    0.00    0.80   93.40     0  node

14:42:39      UID       PID    %usr %system  %guest   %wait    %CPU   CPU  Command
14:42:49       33      5362    0.80    0.40    0.00    1.20    1.20     1  node
14:42:49       33      5370    4.50    6.70    0.00    3.30   11.20     0  nginx
14:42:49       33      5371    4.20    7.00    0.00    3.30   11.20     0  nginx
14:42:49       33      5383   10.10    3.50    0.00    4.50   13.60     1  node
14:42:49       33      5384   66.80   22.90    0.00    3.90   89.70     0  node

14:42:49      UID       PID    %usr %system  %guest   %wait    %CPU   CPU  Command
14:42:59       33      5370    4.10    5.90    0.00    1.30   10.00     0  nginx
14:42:59       33      5371    4.00    6.00    0.00    1.20   10.00     0  nginx
14:42:59       33      5383    0.50    0.20    0.00    0.20    0.70     1  node
14:42:59       33      5384   68.10   22.80    0.00    0.30   90.90     0  node

14:42:59      UID       PID    %usr %system  %guest   %wait    %CPU   CPU  Command
14:43:09       33      5362    0.90    0.50    0.00    1.80    1.40     0  node
14:43:09       33      5370    4.20    6.50    0.00    4.30   10.70     0  nginx
14:43:09       33      5371    4.50    6.70    0.00    3.10   11.20     0  nginx
14:43:09       33      5383    5.70    2.20    0.00    3.70    7.90     0  node
14:43:09       33      5384   68.30   23.40    0.00    2.70   91.70     1  node

14:43:09      UID       PID    %usr %system  %guest   %wait    %CPU   CPU  Command
14:43:19       33      5362    0.00    0.10    0.00    0.30    0.10     0  node
14:43:19       33      5370    4.10    6.00    0.00    2.10   10.10     1  nginx
14:43:19       33      5371    3.90    6.30    0.00    2.10   10.20     0  nginx
14:43:19       33      5383    3.10    0.80    0.00    1.10    3.90     1  node
14:43:19       33      5384   67.30   24.20    0.00    1.00   91.50     0  node

14:43:19      UID       PID    %usr %system  %guest   %wait    %CPU   CPU  Command
14:43:29       33      5362    0.10    0.10    0.00    0.10    0.20     1  node
14:43:29       33      5370    4.00    5.90    0.00    1.30    9.90     0  nginx
14:43:29       33      5371    4.40    5.50    0.00    1.30    9.90     0  nginx
14:43:29       33      5383    0.50    0.20    0.00    0.10    0.70     1  node
14:43:29       33      5384   68.50   23.30    0.00    0.50   91.80     1  node

14:43:29      UID       PID    %usr %system  %guest   %wait    %CPU   CPU  Command
14:43:39       33      5362    0.10    0.10    0.00    0.30    0.20     0  node
14:43:39       33      5370    4.20    6.10    0.00    2.30   10.30     0  nginx
14:43:39       33      5371    4.40    5.90    0.00    2.40   10.30     0  nginx
14:43:39       33      5383    4.30    1.20    0.00    1.60    5.50     0  node
14:43:39       33      5384   69.10   23.10    0.00    1.20   92.20     1  node

14:43:39      UID       PID    %usr %system  %guest   %wait    %CPU   CPU  Command
14:43:49       33      5362    0.80    0.40    0.00    1.40    1.20     1  node
14:43:49       33      5370    4.00    7.00    0.00    3.90   11.00     0  nginx
14:43:49       33      5371    4.20    6.90    0.00    3.90   11.10     0  nginx
14:43:49       33      5383   11.60    4.10    0.00    4.40   15.70     0  node
14:43:49       33      5384   67.10   22.30    0.00    4.20   89.40     1  node

14:43:49      UID       PID    %usr %system  %guest   %wait    %CPU   CPU  Command
14:43:59       33      5362    0.20    0.20    0.00    0.40    0.40     1  node
14:43:59       33      5370    3.90    6.30    0.00    1.80   10.20     1  nginx
14:43:59       33      5371    4.10    6.10    0.00    1.90   10.20     1  nginx
14:43:59       33      5383    3.30    1.10    0.00    1.60    4.40     1  node
14:43:59       33      5384   66.30   23.40    0.00    1.10   89.70     0  node

14:43:59      UID       PID    %usr %system  %guest   %wait    %CPU   CPU  Command
14:44:09       33      5362    1.10    0.80    0.00    2.60    1.90     0  node
14:44:09       33      5370    4.70    6.90    0.00    4.60   11.60     0  nginx
14:44:09       33      5371    4.20    7.30    0.00    4.70   11.50     0  nginx
14:44:09       33      5383   13.70    5.00    0.00    7.10   18.70     1  node
14:44:09       33      5384   66.00   22.40    0.00    5.80   88.40     0  node

14:44:09      UID       PID    %usr %system  %guest   %wait    %CPU   CPU  Command
14:44:19       33      5362    0.20    0.00    0.00    0.30    0.20     0  node
14:44:19       33      5370    4.10    6.39    0.00    2.50   10.49     0  nginx
14:44:19       33      5371    4.20    6.29    0.00    2.70   10.49     0  nginx
14:44:19       33      5383    5.69    1.80    0.00    1.90    7.49     1  node
14:44:19       33      5384   66.93   22.88    0.00    1.50   89.81     0  node

14:44:19      UID       PID    %usr %system  %guest   %wait    %CPU   CPU  Command
14:44:29       33      5362    0.20    0.10    0.00    0.20    0.30     1  node
14:44:29       33      5370    4.40    5.70    0.00    1.50   10.10     1  nginx
14:44:29       33      5371    4.10    5.90    0.00    1.50   10.00     1  nginx
14:44:29       33      5383    1.10    0.50    0.00    0.60    1.60     1  node
14:44:29       33      5384   68.20   23.50    0.00    0.40   91.70     0  node

14:44:29      UID       PID    %usr %system  %guest   %wait    %CPU   CPU  Command
14:44:39       33      5362    0.50    0.30    0.00    0.90    0.80     0  node
14:44:39       33      5370    4.20    6.50    0.00    3.30   10.70     0  nginx
14:44:39       33      5371    4.10    6.60    0.00    3.30   10.70     1  nginx
14:44:39       33      5383    9.00    3.10    0.00    3.30   12.10     1  node
14:44:39       33      5384   65.30   22.90    0.00    3.70   88.20     0  node

14:44:39      UID       PID    %usr %system  %guest   %wait    %CPU   CPU  Command
14:44:49       33      5362    0.70    0.50    0.00    1.20    1.20     0  node
14:44:49       33      5370    4.10    6.40    0.00    2.90   10.50     0  nginx
14:44:49       33      5371    4.30    6.30    0.00    2.80   10.60     0  nginx
14:44:49       33      5383    7.40    2.70    0.00    3.10   10.10     1  node
14:44:49       33      5384   62.70   21.80    0.00    2.70   84.50     0  node

14:44:49      UID       PID    %usr %system  %guest   %wait    %CPU   CPU  Command
14:44:59       33      5370    2.60    3.00    0.00    0.50    5.60     0  nginx
14:44:59       33      5371    2.40    3.20    0.00    0.50    5.60     0  nginx
14:44:59       33      5383    0.10    0.00    0.00    0.00    0.10     0  node
14:44:59       33      5384   37.20   10.80    0.00    0.40   48.00     0  node

14:44:59      UID       PID    %usr %system  %guest   %wait    %CPU   CPU  Command
14:45:09       33      5370    0.90    1.50    0.00    0.50    2.40     0  nginx
14:45:09       33      5371    0.80    1.00    0.00    0.50    1.80     0  nginx
14:45:09       33      5383    0.40    0.10    0.00    0.20    0.50     1  node
14:45:09       33      5384    9.50    2.50    0.00    0.20   12.00     1  node

14:45:09      UID       PID    %usr %system  %guest   %wait    %CPU   CPU  Command
14:45:19       33      5370    0.10    1.50    0.00    0.10    1.60     1  nginx
14:45:19       33      5371    0.00    1.60    0.00    0.10    1.60     0  nginx
14:45:19       33      5384    0.10    0.00    0.00    0.00    0.10     1  node

14:45:19      UID       PID    %usr %system  %guest   %wait    %CPU   CPU  Command

14:45:29      UID       PID    %usr %system  %guest   %wait    %CPU   CPU  Command

14:45:39      UID       PID    %usr %system  %guest   %wait    %CPU   CPU  Command

14:45:49      UID       PID    %usr %system  %guest   %wait    %CPU   CPU  Command
14:45:59       33      5362    0.20    0.10    0.00    0.50    0.30     0  node
14:45:59       33      5370    1.30    2.00    0.00    0.40    3.30     0  nginx
14:45:59       33      5371    1.20    2.10    0.00    0.40    3.30     0  nginx
14:45:59       33      5383    3.10    0.50    0.00    0.90    3.60     1  node
14:45:59       33      5384   22.20    5.40    0.00    0.80   27.60     0  node

14:45:59      UID       PID    %usr %system  %guest   %wait    %CPU   CPU  Command
14:46:09       33      5370    2.10    3.30    0.00    0.50    5.40     0  nginx
14:46:09       33      5371    2.10    3.40    0.00    0.50    5.50     0  nginx
14:46:09       33      5384   33.50    9.70    0.00    0.40   43.20     0  node

14:46:09      UID       PID    %usr %system  %guest   %wait    %CPU   CPU  Command
14:46:19       33      5370    2.70    4.10    0.00    0.70    6.80     0  nginx
14:46:19       33      5371    2.40    4.40    0.00    0.70    6.80     0  nginx
14:46:19       33      5383    0.10    0.00    0.00    0.00    0.10     1  node
14:46:19       33      5384   44.00   13.90    0.00    0.30   57.90     0  node

14:46:19      UID       PID    %usr %system  %guest   %wait    %CPU   CPU  Command
14:46:29       33      5370    3.60    4.90    0.00    1.00    8.50     0  nginx
14:46:29       33      5371    3.30    5.10    0.00    1.10    8.40     1  nginx
14:46:29       33      5384   56.10   19.30    0.00    0.30   75.40     0  node

14:46:29      UID       PID    %usr %system  %guest   %wait    %CPU   CPU  Command
14:46:39       33      5362    0.80    0.50    0.00    1.30    1.30     0  node
14:46:39       33      5370    4.10    7.30    0.00    4.30   11.40     0  nginx
14:46:39       33      5371    4.30    6.90    0.00    4.20   11.20     0  nginx
14:46:39       33      5383   14.60    4.10    0.00    6.40   18.70     0  node
14:46:39       33      5384   65.10   22.60    0.00    4.80   87.70     1  node

14:46:39      UID       PID    %usr %system  %guest   %wait    %CPU   CPU  Command
14:46:49       33      5362    1.80    1.10    0.00    4.20    2.90     0  node
14:46:49       33      5370    5.20   10.90    0.00   10.50   16.10     1  nginx
14:46:49       33      5371    5.30   10.80    0.00   10.70   16.10     1  nginx
14:46:49       33      5383   34.60   13.90    0.00   15.70   48.50     0  node
14:46:49       33      5384   62.50   23.10    0.00   15.80   85.60     0  node

14:46:49      UID       PID    %usr %system  %guest   %wait    %CPU   CPU  Command
14:46:59       33      5362    0.60    0.20    0.00    1.50    0.80     1  node
14:46:59       33      5370    4.90   10.50    0.00    9.20   15.40     0  nginx
14:46:59       33      5371    5.30   10.30    0.00    8.80   15.60     0  nginx
14:46:59       33      5383   31.30   12.40    0.00   17.30   43.70     1  node
14:46:59       33      5384   63.10   24.80    0.00   12.50   87.90     1  node

14:46:59      UID       PID    %usr %system  %guest   %wait    %CPU   CPU  Command
14:47:09       33      5362    2.40    2.00    0.00    7.60    4.40     1  node
14:47:09       33      5370    5.30   12.40    0.00   11.90   17.70     0  nginx
14:47:09       33      5371    5.30   12.30    0.00   12.40   17.60     0  nginx
14:47:09       33      5383   50.20   18.70    0.00   24.20   68.90     0  node
14:47:09       33      5384   56.90   21.80    0.00   26.00   78.70     1  node

14:47:09      UID       PID    %usr %system  %guest   %wait    %CPU   CPU  Command
14:47:19       33      5362    0.40    0.40    0.00    1.00    0.80     0  node
14:47:19       33      5370    5.10   10.60    0.00   12.80   15.70     0  nginx
14:47:19       33      5371    5.10   10.60    0.00   13.00   15.70     0  nginx
14:47:19       33      5383   27.90   10.40    0.00   15.70   38.30     1  node
14:47:19       33      5384   65.30   26.80    0.00    5.80   92.10     0  node

14:47:19      UID       PID    %usr %system  %guest   %wait    %CPU   CPU  Command
14:47:29       33      5362    0.10    0.10    0.00    0.30    0.20     1  node
14:47:29       33      5370    4.90   10.20    0.00    9.70   15.10     0  nginx
14:47:29       33      5371    4.90   10.30    0.00    9.30   15.20     0  nginx
14:47:29       33      5383   65.60   26.00    0.00    5.30   91.60     1  node
14:47:29       33      5384   21.60    8.80    0.00   12.90   30.40     0  node

14:47:29      UID       PID    %usr %system  %guest   %wait    %CPU   CPU  Command
14:47:39       33      5362    1.50    1.20    0.00    4.30    2.70     1  node
14:47:39       33      5370    5.20   11.10    0.00   10.60   16.30     0  nginx
14:47:39       33      5371    5.00   11.20    0.00   10.70   16.20     0  nginx
14:47:39       33      5383   52.30   20.70    0.00   18.40   73.00     0  node
14:47:39       33      5384   45.50   17.90    0.00   17.80   63.40     1  node

14:47:39      UID       PID    %usr %system  %guest   %wait    %CPU   CPU  Command
14:47:49       33      5362    1.60    1.20    0.00    4.30    2.80     0  node
14:47:49       33      5370    5.40   12.10    0.00   11.40   17.50     1  nginx
14:47:49       33      5371    5.30   12.20    0.00   11.30   17.50     0  nginx
14:47:49       33      5383   42.30   16.90    0.00   23.10   59.20     0  node
14:47:49       33      5384   61.30   22.80    0.00   19.70   84.10     1  node

14:47:49      UID       PID    %usr %system  %guest   %wait    %CPU   CPU  Command
14:47:59       33      5362    0.10    0.20    0.00    0.70    0.30     0  node
14:47:59       33      5370    5.10   10.40    0.00    9.90   15.50     0  nginx
14:47:59       33      5371    5.10   10.40    0.00   10.30   15.50     0  nginx
14:47:59       33      5383   27.10   10.70    0.00   13.80   37.80     1  node
14:47:59       33      5384   65.50   26.00    0.00    9.70   91.50     1  node

14:47:59      UID       PID    %usr %system  %guest   %wait    %CPU   CPU  Command
14:48:09       33      5362    3.00    2.00    0.00    7.30    5.00     0  node
14:48:09       33      5370    5.30   12.50    0.00   12.90   17.80     0  nginx
14:48:09       33      5371    5.40   12.60    0.00   12.80   18.00     1  nginx
14:48:09       33      5383   50.90   19.20    0.00   30.00   70.10     0  node
14:48:09       33      5384   59.70   22.00    0.00   25.50   81.70     1  node

14:48:09      UID       PID    %usr %system  %guest   %wait    %CPU   CPU  Command
14:48:19       33      5362    0.60    0.40    0.00    1.60    1.00     1  node
14:48:19       33      5370    5.10   10.80    0.00   10.60   15.90     0  nginx
14:48:19       33      5371    5.10   10.70    0.00   10.50   15.80     0  nginx
14:48:19       33      5383   27.20   11.50    0.00   18.80   38.70     1  node
14:48:19       33      5384   71.90   24.50    0.00   13.30   96.40     0  node

14:48:19      UID       PID    %usr %system  %guest   %wait    %CPU   CPU  Command
14:48:29       33      5362    1.20    1.10    0.00    3.90    2.30     0  node
14:48:29       33      5370    5.30   11.20    0.00   11.40   16.50     1  nginx
14:48:29       33      5371    5.50   11.00    0.00   11.70   16.50     1  nginx
14:48:29       33      5383   39.20   15.00    0.00   23.00   54.20     0  node
14:48:29       33      5384   65.70   22.90    0.00   20.10   88.60     1  node

14:48:29      UID       PID    %usr %system  %guest   %wait    %CPU   CPU  Command
14:48:39       33      5362    2.00    1.20    0.00    5.30    3.20     0  node
14:48:39       33      5370    5.20   11.30    0.00   10.60   16.50     1  nginx
14:48:39       33      5371    5.40   11.30    0.00   10.40   16.70     1  nginx
14:48:39       33      5383   39.40   15.00    0.00   25.10   54.40     1  node
14:48:39       33      5384   66.50   23.90    0.00   19.00   90.40     0  node

14:48:39      UID       PID    %usr %system  %guest   %wait    %CPU   CPU  Command
14:48:49       33      5362    1.20    0.90    0.00    2.50    2.10     0  node
14:48:49       33      5370    5.10   11.10    0.00   10.90   16.20     1  nginx
14:48:49       33      5371    5.30   10.90    0.00   11.00   16.20     1  nginx
14:48:49       33      5383   31.40   13.50    0.00   18.70   44.90     0  node
14:48:49       33      5384   67.00   24.00    0.00   17.30   91.00     1  node

14:48:49      UID       PID    %usr %system  %guest   %wait    %CPU   CPU  Command
14:48:59       33      5362    0.60    0.60    0.00    2.10    1.20     1  node
14:48:59       33      5370    4.90   11.60    0.00   11.10   16.50     1  nginx
14:48:59       33      5371    5.40   11.20    0.00   11.10   16.60     1  nginx
14:48:59       33      5383   37.90   15.30    0.00   21.90   53.20     1  node
14:48:59       33      5384   66.70   23.10    0.00   18.60   89.80     1  node

14:48:59      UID       PID    %usr %system  %guest   %wait    %CPU   CPU  Command
14:49:09       33      5362    3.20    1.90    0.00    8.80    5.10     0  node
14:49:09       33      5370    5.30   12.00    0.00   12.00   17.30     0  nginx
14:49:09       33      5371    5.00   12.60    0.00   11.50   17.60     0  nginx
14:49:09       33      5383   44.60   17.10    0.00   23.40   61.70     0  node
14:49:09       33      5384   59.90   22.70    0.00   25.20   82.60     1  node

14:49:09      UID       PID    %usr %system  %guest   %wait    %CPU   CPU  Command
14:49:19       33      5362    0.40    0.50    0.00    1.30    0.90     0  node
14:49:19       33      5370    5.40   10.90    0.00   12.10   16.30     1  nginx
14:49:19       33      5371    5.40   10.70    0.00   11.90   16.10     1  nginx
14:49:19       33      5383   47.00   18.30    0.00   22.20   65.30     1  node
14:49:19       33      5384   51.40   18.90    0.00   17.60   70.30     1  node

14:49:19      UID       PID    %usr %system  %guest   %wait    %CPU   CPU  Command
14:49:29       33      5362    1.90    1.30    0.00    6.20    3.20     1  node
14:49:29       33      5370    5.50   12.40    0.00   13.00   17.90     0  nginx
14:49:29       33      5371    5.80   12.30    0.00   12.90   18.10     0  nginx
14:49:29       33      5383   56.40   21.00    0.00   30.00   77.40     0  node
14:49:29       33      5384   58.00   21.90    0.00   26.40   79.90     1  node

14:49:29      UID       PID    %usr %system  %guest   %wait    %CPU   CPU  Command
14:49:39       33      5362    0.30    0.30    0.00    0.80    0.60     0  node
14:49:39       33      5370    4.70   10.30    0.00    9.30   15.00     0  nginx
14:49:39       33      5371    4.40   10.70    0.00    9.40   15.10     0  nginx
14:49:39       33      5383   67.60   25.50    0.00    7.40   93.10     1  node
14:49:39       33      5384   22.40    8.80    0.00   13.50   31.20     0  node

14:49:39      UID       PID    %usr %system  %guest   %wait    %CPU   CPU  Command
14:49:49       33      5362    1.70    1.10    0.00    3.70    2.80     1  node
14:49:49       33      5370    5.40   11.20    0.00   10.10   16.60     0  nginx
14:49:49       33      5371    5.40   11.10    0.00   10.10   16.50     0  nginx
14:49:49       33      5383   38.10   15.50    0.00   16.30   53.60     0  node
14:49:49       33      5384   55.90   23.10    0.00   16.00   79.00     1  node

14:49:49      UID       PID    %usr %system  %guest   %wait    %CPU   CPU  Command
14:49:59       33      5362    0.20    0.10    0.00    0.20    0.30     0  node
14:49:59       33      5370    4.30    8.20    0.00    6.40   12.50     1  nginx
14:49:59       33      5371    4.40    8.20    0.00    6.30   12.60     1  nginx
14:49:59       33      5383   12.20    4.60    0.00    7.50   16.80     0  node
14:49:59       33      5384   63.70   24.60    0.00    2.80   88.30     0  node

14:49:59      UID       PID    %usr %system  %guest   %wait    %CPU   CPU  Command
14:50:09       33      5362    0.30    0.20    0.00    0.80    0.50     0  node
14:50:09       33      5370    2.30    3.00    0.00    1.60    5.30     0  nginx
14:50:09       33      5371    2.10    3.10    0.00    1.30    5.20     0  nginx
14:50:09       33      5383    2.40    0.80    0.00    1.00    3.20     1  node
14:50:09       33      5384   32.50    9.00    0.00    1.10   41.50     0  node

14:50:09      UID       PID    %usr %system  %guest   %wait    %CPU   CPU  Command
14:50:19       33      5370    0.20    0.20    0.00    0.00    0.40     0  nginx
14:50:19       33      5371    0.20    0.30    0.00    0.00    0.50     1  nginx
14:50:19       33      5384    2.90    0.60    0.00    0.00    3.50     1  node

14:50:19      UID       PID    %usr %system  %guest   %wait    %CPU   CPU  Command
14:50:29       33      5370    0.10    1.80    0.00    0.10    1.90     0  nginx
14:50:29       33      5371    0.10    1.80    0.00    0.10    1.90     1  nginx
14:50:29       33      5384    0.10    0.00    0.00    0.00    0.10     1  node

14:50:29      UID       PID    %usr %system  %guest   %wait    %CPU   CPU  Command

14:50:39      UID       PID    %usr %system  %guest   %wait    %CPU   CPU  Command
14:50:49       33      5383    1.00    0.20    0.00    0.00    1.20     1  node

14:50:49      UID       PID    %usr %system  %guest   %wait    %CPU   CPU  Command

14:50:59      UID       PID    %usr %system  %guest   %wait    %CPU   CPU  Command
14:51:09       33      5384    0.10    0.10    0.00    0.00    0.20     0  node

14:51:09      UID       PID    %usr %system  %guest   %wait    %CPU   CPU  Command
14:51:19       33      5383    0.10    0.00    0.00    0.00    0.10     0  node
14:51:19       33      5384    0.90    0.20    0.00    0.20    1.10     0  node
