procs -----------memory---------- ---swap-- -----io---- -system-- -------cpu------- -----timestamp-----
 r  b   swpd   free   buff  cache   si   so    bi    bo   in   cs us sy id wa st gu                 UTC
 2  0      0 386676  57708 1107892    0    0    20   306 2039    6  4  2 93  0  0  0 2026-10-04 14:15:19
 0  0      0 391748  57708 1107944    0    0     7     0  586  329  3  1 96  0  0  0 2026-10-04 14:15:29
 0  0      0 388976  57720 1107980    0    0     0   470  943  460  3  1 96  0  0  0 2026-10-04 14:15:39
 0  0      0 381920  57720 1108040    0    0     0     2 1362  676  4  1 94  0  0  0 2026-10-04 14:15:49
 0  0      0 378392  57728 1108064    0    0     0     8 1730  873  6  2 93  0  0  0 2026-10-04 14:15:59
 1  0      0 375368  57736 1108096    0    0     0    21 2095 1114  7  2 90  0  1  0 2026-10-04 14:16:09
 0  0      0 373100  57736 1108132    0    0     0     0 2425 1296  6  3 91  0  0  0 2026-10-04 14:16:19
 0  0      0 369348  57736 1108144    0    0     0   124 2473 1372  7  3 90  0  0  0 2026-10-04 14:16:29
 0  0      0 366828  57744 1108144    0    0     0     5 2388 1326  6  3 92  0  0  0 2026-10-04 14:16:39
 0  0      0 364840  57744 1108144    0    0     0     0 2469 1383  6  3 91  0  0  0 2026-10-04 14:16:49
 0  0      0 364840  57744 1108144    0    0     0     0 2305 1281  4  2 93  0  0  0 2026-10-04 14:16:59
 0  0      0 348992  57744 1108184    0    0     0     1 2380 1361  6  3 90  0  1  0 2026-10-04 14:17:09
 0  0      0 348992  57752 1108184    0    0     0     5 2417 1356  5  3 93  0  0  0 2026-10-04 14:17:19
 0  0      0 348992  57752 1108184    0    0     0     0 2340 1319  4  3 93  0  0  0 2026-10-04 14:17:29
 0  0      0 348992  57752 1108184    0    0     0   295 2422 1360  4  3 93  0  0  0 2026-10-04 14:17:39
 0  0      0 348744  57760 1108188    0    0     0     5 2432 1372  5  3 92  0  0  0 2026-10-04 14:17:49
 0  0      0 346476  57760 1108188    0    0     0     1 2337 1311  5  3 93  0  0  0 2026-10-04 14:17:59
 0  0      0 345216  57760 1108188    0    0     0     0 2397 1355  5  3 91  0  1  0 2026-10-04 14:18:09
 0  0      0 344964  57768 1108188    0    0     0     4 2349 1310  4  2 93  0  0  0 2026-10-04 14:18:19
 0  0      0 344208  57768 1108188    0    0     0     0 2416 1343  5  2 93  0  0  0 2026-10-04 14:18:29
 0  0      0 344208  57768 1108188    0    0     0   125 2351 1322  5  2 93  0  0  0 2026-10-04 14:18:39
procs -----------memory---------- ---swap-- -----io---- -system-- -------cpu------- -----timestamp-----
 r  b   swpd   free   buff  cache   si   so    bi    bo   in   cs us sy id wa st gu                 UTC
 0  0      0 343984  57776 1108192    0    0     0     7 2385 1325  4  2 93  0  0  0 2026-10-04 14:18:49
 0  0      0 342220  57776 1108192    0    0     0     0 2346 1314  4  2 94  0  0  0 2026-10-04 14:18:59
 0  0      0 333652  57776 1108192    0    0     0     0 2422 1344  6  3 91  0  1  0 2026-10-04 14:19:09
 1  0      0 333204  57784 1108192    0    0     0     4 2461 1348  4  3 93  0  0  0 2026-10-04 14:19:19
 0  0      0 332980  57784 1108192    0    0     0     0 2189 1199  4  2 94  0  0  0 2026-10-04 14:19:29
 0  0      0 332980  57784 1108192    0    0     0   125 1236  661  2  1 97  0  0  0 2026-10-04 14:19:39
 0  0      0 332980  57792 1108192    0    0     0     5  233  130  0  0 99  0  0  0 2026-10-04 14:19:49
 0  0      0 334916  57792 1107160    0    0     0     1  112   52  0  0 100  0  0  0 2026-10-04 14:19:59
 0  0      0 333908  57792 1106764    0    0     0     0   88   73  0  0 100  0  0  0 2026-10-04 14:20:09
 0  0      0 333908  57792 1106524    0    0     0     0   43   40  0  0 100  0  0  0 2026-10-04 14:20:19
 0  0      0 312992  57800 1106524    0    0     0     3 1344  657  5  1 94  0  0  0 2026-10-04 14:20:29
 0  0      0 312204  57800 1106588    0    0     0   270 3241 1674  7  3 89  0  0  0 2026-10-04 14:20:39
 0  0      0 296564  57800 1107464    0    0     0     0 4757 2645 12  5 83  0  0  0 2026-10-04 14:20:49
 1  0      0 291548  57808 1108288    0    0     0     6 5998 3419 11  7 82  0  0  0 2026-10-04 14:20:59
 0  0      0 284124  57824 1109360    0    0     0   128 7189 4151 13  9 76  0  1  0 2026-10-04 14:21:09
 1  0      0 280464  57824 1110216    0    0     0     2 8314 4730 14 10 76  0  0  0 2026-10-04 14:21:19
 0  0      0 279764  57824 1110616    0    0     0     0 8666 5064 15 10 75  0  0  0 2026-10-04 14:21:29
 0  0      0 278868  57832 1110616    0    0     0     4 8513 5044 15 10 75  0  0  0 2026-10-04 14:21:39
 0  0      0 271140  57832 1110616    0    0     0     0 8278 4805 16 10 73  0  1  0 2026-10-04 14:21:49
 0  0      0 269152  57832 1110616    0    0     0     1 8417 4940 15 10 75  0  0  0 2026-10-04 14:21:59
 0  0      0 260344  57840 1110660    0    0     0     5 8396 5046 16 11 72  0  1  0 2026-10-04 14:22:09
procs -----------memory---------- ---swap-- -----io---- -system-- -------cpu------- -----timestamp-----
 r  b   swpd   free   buff  cache   si   so    bi    bo   in   cs us sy id wa st gu                 UTC
 0  0      0 259084  57840 1110660    0    0     0     0 8439 4845 15 11 74  0  0  0 2026-10-04 14:22:19
 0  0      0 258160  57840 1110660    0    0     0     0 8491 4964 15 11 74  0  0  0 2026-10-04 14:22:29
 2  0      0 257404  57848 1110664    0    0     0   142 8332 4907 16 11 73  0  0  0 2026-10-04 14:22:39
 1  0      0 251104  57848 1110664    0    0     0     0 8373 4945 17 11 71  0  1  0 2026-10-04 14:22:49
 1  0      0 249340  57848 1110664    0    0     0     0 8354 4991 16 10 73  0  0  0 2026-10-04 14:22:59
 1  0      0 249340  57848 1110680    0    0     0     0 8503 5004 16 11 72  0  2  0 2026-10-04 14:23:09
 0  0      0 249340  57856 1110680    0    0     0     7 8270 4942 16 10 73  0  0  0 2026-10-04 14:23:19
 0  0      0 249340  57856 1110680    0    0     0     0 8394 5133 16 11 73  0  0  0 2026-10-04 14:23:29
 0  0      0 249148  57856 1110680    0    0     0   124 8333 5260 18 11 71  0  0  0 2026-10-04 14:23:39
 0  0      0 249116  57864 1110680    0    0     0     2 8294 5259 18 11 70  0  1  0 2026-10-04 14:23:49
 1  0      0 247884  57864 1110680    0    0     0     1 8205 5205 17 11 72  0  0  0 2026-10-04 14:23:59
 0  0      0 247660  57864 1110680    0    0     0     0 8220 5184 19 11 68  0  2  0 2026-10-04 14:24:09
 0  0      0 247436  57872 1110684    0    0     0     5 8369 5199 17 11 72  0  0  0 2026-10-04 14:24:19
 0  0      0 247436  57872 1110684    0    0     0     0 8093 5031 17 10 72  0  0  0 2026-10-04 14:24:29
 0  0      0 247212  57872 1110684    0    0     0   128 5461 3320 11  6 83  0  0  0 2026-10-04 14:24:39
 0  0      0 247212  57880 1110684    0    0     0     2 1374  764  3  2 96  0  0  0 2026-10-04 14:24:49
 0  0      0 257344  57880 1107084    0    0     0     0  222   66  0  1 99  0  0  0 2026-10-04 14:24:59
 0  0      0 256588  57880 1106736    0    0     0     0  112   81  0  0 99  0  0  0 2026-10-04 14:25:09
 0  0      0 256588  57888 1106736    0    0     0     8   47   47  0  0 100  0  0  0 2026-10-04 14:25:19
 0  0      0 254824  57888 1106736    0    0     0     0  821  402  3  1 96  0  0  0 2026-10-04 14:25:29
 0  0      0 254824  57888 1106832    0    0     0   316 4139 2082  7  4 89  0  0  0 2026-10-04 14:25:39
procs -----------memory---------- ---swap-- -----io---- -system-- -------cpu------- -----timestamp-----
 r  b   swpd   free   buff  cache   si   so    bi    bo   in   cs us sy id wa st gu                 UTC
 1  0      0 254152  57896 1108108    0    0     0     1 6030 3377 12  7 80  0  1  0 2026-10-04 14:25:49
 1  0      0 251412  57896 1109376    0    0     0     1 7611 4590 14 10 76  0  0  0 2026-10-04 14:25:59
 1  0      0 247808  57896 1110944    0    0     0     0 9238 5307 18 12 69  0  2  0 2026-10-04 14:26:09
 1  0      0 241428  57896 1112224    0    0     0     0 10566 5974 18 14 68  0  0  0 2026-10-04 14:26:19
 2  0      0 237096  57908 1113176    0    0     0     6 11883 6656 21 15 64  0  0  0 2026-10-04 14:26:29
 1  0      0 236172  57908 1113176    0    0     0   126 11216 6332 22 14 64  0  0  0 2026-10-04 14:26:39
 2  0      0 227884  57908 1113204    0    0     0     0 10986 6561 22 14 63  0  1  0 2026-10-04 14:26:49
 0  0      0 224552  57916 1113204    0    0     0     7 11401 6551 21 14 65  0  0  0 2026-10-04 14:26:59
 0  0      0 213364  57932 1113552    0    0     0   128 11214 6473 23 15 62  0  1  0 2026-10-04 14:27:09
 0  0      0 211096  57932 1113552    0    0     0     1 11169 6492 21 14 65  0  0  0 2026-10-04 14:27:19
 1  0      0 211100  57932 1113552    0    0     0     0 11191 6497 21 15 65  0  0  0 2026-10-04 14:27:29
 0  0      0 210428  57940 1113552    0    0     0     4 11266 6459 21 14 65  0  0  0 2026-10-04 14:27:39
 1  0      0 209756  57940 1113552    0    0     0     0 11203 6522 21 14 64  0  1  0 2026-10-04 14:27:49
 1  0      0 207516  57940 1113556    0    0     0     1 11250 6614 20 14 66  0  0  0 2026-10-04 14:27:59
 1  0      0 204588  57948 1113768    0    0     0     8 11273 6461 23 15 61  0  2  0 2026-10-04 14:28:09
 1  0      0 204140  57948 1113768    0    0     0     0 11182 6368 20 14 66  0  0  0 2026-10-04 14:28:19
 0  0      0 204140  57948 1113768    0    0     0     0 11297 6482 20 14 66  0  0  0 2026-10-04 14:28:29
 1  0      0 204140  57956 1113768    0    0     0   128 11328 6439 21 14 64  0  0  0 2026-10-04 14:28:39
 1  0      0 204140  57956 1113768    0    0     0     0 10989 6343 21 14 65  0  1  0 2026-10-04 14:28:49
 0  0      0 204140  57956 1113768    0    0     0     0 11341 6474 21 14 65  0  0  0 2026-10-04 14:28:59
 0  0      0 201116  57956 1113768    0    0     0     0 11136 6473 23 14 62  0  1  0 2026-10-04 14:29:09
procs -----------memory---------- ---swap-- -----io---- -system-- -------cpu------- -----timestamp-----
 r  b   swpd   free   buff  cache   si   so    bi    bo   in   cs us sy id wa st gu                 UTC
 0  0      0 201116  57964 1113768    0    0     0     6 11082 6546 21 14 66  0  0  0 2026-10-04 14:29:19
 0  0      0 201116  57964 1113768    0    0     0     0 11167 6349 21 14 66  0  0  0 2026-10-04 14:29:29
 0  0      0 201116  57964 1113768    0    0     0   124 8907 5214 15 11 74  0  0  0 2026-10-04 14:29:39
 0  0      0 201116  57972 1113768    0    0     0     2 3545 2048  6  4 89  0  0  0 2026-10-04 14:29:49
 0  0      0 233060  57972 1107520    0    0     0     1  462  104  0  1 99  0  0  0 2026-10-04 14:29:59
 0  0      0 232096  57972 1107280    0    0     0     0   97   83  0  0 99  0  0  0 2026-10-04 14:30:09
 0  0      0 232096  57972 1107280    0    0     0     0   41   37  0  0 100  0  0  0 2026-10-04 14:30:19
 1  0      0 232096  57980 1107084    0    0     0     4   47   43  0  0 100  0  0  0 2026-10-04 14:30:29
 1  0      0 231424  57980 1106996    0    0     0   263 4043 2083  9  4 87  0  0  0 2026-10-04 14:30:39
 3  0      0 229108  57980 1108672    0    0     0     0 6485 3604 12  8 80  0  0  0 2026-10-04 14:30:49
 1  0      0 224072  57988 1110444    0    0     0     5 8861 4994 14 11 74  0  0  0 2026-10-04 14:30:59
 2  0      0 214696  57988 1112164    0    0     0     0 10565 6002 20 14 64  0  1  0 2026-10-04 14:31:09
 2  0      0 206460  57988 1113836    0    0     0     1 12653 7105 23 16 61  0  0  0 2026-10-04 14:31:19
 4  0      0 199296  57988 1115544    0    0     0     0 14006 8045 28 19 53  0  0  0 2026-10-04 14:31:29
 1  0      0 195680  57996 1116128    0    0     0   128 13420 7893 29 18 52  0  0  0 2026-10-04 14:31:39
 2  0      0 194980  57996 1116128    0    0     0     0 13184 8057 32 19 49  0  1  0 2026-10-04 14:31:49
 2  0      0 194980  57996 1116132    0    0     0     1 13065 8147 32 19 48  0  0  0 2026-10-04 14:31:59
 1  0      0 187464  58004 1116984    0    0     0     7 12823 7715 33 19 45  0  3  0 2026-10-04 14:32:09
 2  0      0 186568  58004 1116980    0    0     0     0 13476 8056 31 19 50  0  0  0 2026-10-04 14:32:19
 1  0      0 186568  58004 1116980    0    0     0     0 13330 8072 30 20 51  0  0  0 2026-10-04 14:32:29
 1  0      0 186568  58012 1116980    0    0     0   142 13291 7934 30 18 51  0  0  0 2026-10-04 14:32:39
procs -----------memory---------- ---swap-- -----io---- -system-- -------cpu------- -----timestamp-----
 r  b   swpd   free   buff  cache   si   so    bi    bo   in   cs us sy id wa st gu                 UTC
 3  0      0 185340  58012 1116980    0    0     0     0 13159 7924 31 19 49  0  1  0 2026-10-04 14:32:49
 2  0      0 184252  58012 1116984    0    0     0     0 13557 7882 29 18 53  0  0  0 2026-10-04 14:32:59
 2  0      0 184220  58028 1116968    0    0     0   117 13333 7517 28 18 52  0  2  0 2026-10-04 14:33:09
 2  0      0 183772  58028 1116968    0    0     0     2 13777 7591 28 18 54  0  0  0 2026-10-04 14:33:19
 0  0      0 183772  58028 1116956    0    0     0     0 13366 8363 31 18 50  0  0  0 2026-10-04 14:33:29
 1  0      0 183772  58036 1116956    0    0     0     7 13392 8044 31 18 51  0  0  0 2026-10-04 14:33:39
 0  0      0 190652  58036 1116956    0    0     0     0 13325 7771 33 19 48  0  1  0 2026-10-04 14:33:49
 0  0      0 190012  58036 1116956    0    0     0     1 13361 8104 30 18 51  0  0  0 2026-10-04 14:33:59
 1  0      0 189788  58044 1116956    0    0     0     4 13681 7585 28 18 52  0  2  0 2026-10-04 14:34:09
 1  0      0 191696  58044 1116956    0    0     0     0 13442 7503 27 17 56  0  0  0 2026-10-04 14:34:19
 2  0      0 192976  58044 1116956    0    0     0     0 13881 7612 26 18 56  0  0  0 2026-10-04 14:34:29
 0  0      0 192752  58052 1116956    0    0     0   143 12695 7235 25 16 58  0  0  0 2026-10-04 14:34:39
 0  0      0 192752  58052 1116956    0    0     0     0 7126 4150 13  9 78  0  1  0 2026-10-04 14:34:49
 0  0      0 192752  58052 1116956    0    0     0     0  973  549  2  1 97  0  0  0 2026-10-04 14:34:59
 0  0      0 240040  58052 1108016    0    0     0     0  412   86  0  1 99  0  0  0 2026-10-04 14:35:09
 0  0      0 240040  58060 1108016    0    0     0     5   41   36  0  0 100  0  0  0 2026-10-04 14:35:19
 0  0      0 246068  58060 1108016    0    0     0     0   48   44  0  0 100  0  0  0 2026-10-04 14:35:29
 1  0      0 245844  58060 1107552    0    0     0   325 1630  824  7  2 91  0  0  0 2026-10-04 14:35:39
 0  0      0 240132  58068 1108324    0    0     0     7 6396 3344 14  7 79  0  1  0 2026-10-04 14:35:49
 0  0      0 231992  58068 1110412    0    0     0     1 9314 5241 15 11 74  0  0  0 2026-10-04 14:35:59
 0  0      0 222708  58068 1112724    0    0     0     0 11473 6500 22 15 61  0  2  0 2026-10-04 14:36:09
procs -----------memory---------- ---swap-- -----io---- -system-- -------cpu------- -----timestamp-----
 r  b   swpd   free   buff  cache   si   so    bi    bo   in   cs us sy id wa st gu                 UTC
 0  0      0 213336  58076 1114824    0    0     0     4 13190 7705 27 18 55  0  0  0 2026-10-04 14:36:19
 3  0      0 204592  58076 1116880    0    0     0     0 14773 8956 33 21 46  0  0  0 2026-10-04 14:36:29
 0  0      0 193080  58076 1118448    0    0     0   177 15931 9109 37 22 41  0  0  0 2026-10-04 14:36:39
 2  0      0 190840  58076 1118640    0    0     0     0 15924 8555 34 21 45  0  0  0 2026-10-04 14:36:49
 1  0      0 190588  58084 1118644    0    0     0     8 16047 8534 32 21 48  0  0  0 2026-10-04 14:36:59
 2  0      0 187036  58084 1119076    0    0     0     0 15991 8430 33 21 45  0  1  0 2026-10-04 14:37:09
 0  0      0 185768  58084 1119076    0    0     0     1 15784 8703 36 21 44  0  0  0 2026-10-04 14:37:19
 2  0      0 185776  58092 1119068    0    0     0     6 15845 8545 32 22 46  0  0  0 2026-10-04 14:37:29
 1  0      0 185776  58092 1119076    0    0     0   138 15387 9080 35 21 43  0  0  0 2026-10-04 14:37:39
 2  0      0 183760  58092 1119076    0    0     0     0 14941 9187 38 22 40  0  0  0 2026-10-04 14:37:49
 1  0      0 183312  58100 1119068    0    0     0     3 15539 9139 36 22 42  0  0  0 2026-10-04 14:37:59
 1  0      0 176788  58100 1119076    0    0     0     5 15395 8871 37 22 40  0  1  0 2026-10-04 14:38:09
 1  0      0 184528  58100 1119076    0    0     0     0 14839 9035 39 22 39  0  0  0 2026-10-04 14:38:19
 0  0      0 182268  58100 1119076    0    0     0     0 15170 9210 37 22 41  0  0  0 2026-10-04 14:38:29
 0  0      0 177004  58108 1119080    0    0     0   129 15573 8929 35 21 43  0  0  0 2026-10-04 14:38:39
 3  0      0 177004  58108 1119080    0    0     0     0 15242 9105 38 22 39  0  1  0 2026-10-04 14:38:49
 3  0      0 177004  58108 1119084    0    0     0     0 15372 9429 36 21 43  0  0  0 2026-10-04 14:38:59
 2  0      0 176500  58120 1119084    0    0     0     8 15869 8502 34 21 43  0  1  0 2026-10-04 14:39:09
 4  0      0 175492  58120 1119084    0    0     0     1 16113 8625 33 20 46  0  0  0 2026-10-04 14:39:19
 4  0      0 175044  58120 1119084    0    0     0     0 15961 8618 33 21 46  0  0  0 2026-10-04 14:39:29
 0  0      0 175044  58124 1119084    0    0     0   130 15359 9216 36 21 43  0  0  0 2026-10-04 14:39:39
procs -----------memory---------- ---swap-- -----io---- -system-- -------cpu------- -----timestamp-----
 r  b   swpd   free   buff  cache   si   so    bi    bo   in   cs us sy id wa st gu                 UTC
 0  0      0 175044  58124 1119084    0    0     0     0 11796 7415 26 16 57  0  0  0 2026-10-04 14:39:49
 0  0      0 175044  58124 1119084    0    0     0     1 4512 2776  9  5 86  0  0  0 2026-10-04 14:39:59
 0  0      0 234640  58132 1108308    0    0     0     5  568  132  0  2 98  0  0  0 2026-10-04 14:40:09
 0  0      0 232828  58132 1108316    0    0     0     0   51   46  0  0 100  0  0  0 2026-10-04 14:40:19
 0  0      0 232576  58132 1108316    0    0     0     0   47   41  0  0 100  0  0  0 2026-10-04 14:40:29
 0  0      0 232576  58132 1108140    0    0     0   251   65   58  0  0 100  0  0  0 2026-10-04 14:40:39
 2  0      0 232296  58140 1107704    0    0     0     9 4209 2132 13  5 82  0  0  0 2026-10-04 14:40:49
 0  0      0 224304  58140 1109748    0    0     0     0 8353 4533 15 10 75  0  0  0 2026-10-04 14:40:59
 1  0      0 211724  58140 1112404    0    0     0     0 11403 6477 21 14 64  0  1  0 2026-10-04 14:41:09
 2  0      0 201936  58140 1115012    0    0     0     1 13844 7899 27 19 54  0  0  0 2026-10-04 14:41:19
 2  0      0 192484  58144 1117528    0    0     0     3 15280 8889 35 22 43  0  0  0 2026-10-04 14:41:29
 1  0      0 178372  58144 1120208    0    0     0   125 17751 9299 40 26 35  0  0  0 2026-10-04 14:41:39
 5  0      0 160676  58144 1121696    0    0     0     0 18076 9169 42 26 31  0  0  0 2026-10-04 14:41:49
 2  0      0 159228  58148 1121700    0    0     0     4 18281 8909 38 24 38  0  0  0 2026-10-04 14:41:59
 3  0      0 153172  58148 1121836    0    0     0     0 18062 8979 41 25 32  0  1  0 2026-10-04 14:42:09
 1  0      0 152708  58148 1121836    0    0     0     0 17978 9034 40 24 36  0  0  0 2026-10-04 14:42:19
 1  0      0 152708  58148 1121836    0    0     0     0 18005 8914 36 25 39  0  0  0 2026-10-04 14:42:29
 2  0      0 151588  58156 1121836    0    0     0   131 18120 8984 40 24 36  0  0  0 2026-10-04 14:42:39
 1  0      0 146944  58156 1121836    0    0     0     0 18104 9201 42 25 33  0  1  0 2026-10-04 14:42:49
 1  0      0 146252  58156 1121836    0    0     0     0 18410 9106 37 24 40  0  0  0 2026-10-04 14:42:59
 1  0      0 144152  58164 1121836    0    0     0     4 18247 8900 40 24 35  0  1  0 2026-10-04 14:43:09
procs -----------memory---------- ---swap-- -----io---- -system-- -------cpu------- -----timestamp-----
 r  b   swpd   free   buff  cache   si   so    bi    bo   in   cs us sy id wa st gu                 UTC
 2  0      0 143700  58164 1121836    0    0     0     1 18150 8990 38 24 38  0  0  0 2026-10-04 14:43:19
 1  0      0 143904  58164 1121840    0    0     0     0 18367 9185 37 23 40  0  0  0 2026-10-04 14:43:29
 2  0      0 143796  58168 1121840    0    0     0   129 17711 8939 40 24 36  0  0  0 2026-10-04 14:43:39
 3  0      0 142284  58168 1121840    0    0     0     0 17801 9015 42 25 32  0  0  0 2026-10-04 14:43:49
 1  0      0 142316  58168 1121840    0    0     0     1 18555 9291 38 24 38  0  0  0 2026-10-04 14:43:59
 2  0      0 137560  58172 1122080    0    0     0     4 17542 9080 42 25 31  0  2  0 2026-10-04 14:44:09
 1  0      0 137192  58172 1122084    0    0     0     3 18090 9042 39 24 36  0  0  0 2026-10-04 14:44:19
 1  0      0 137464  58172 1122084    0    0     0     0 17810 9110 37 24 39  0  0  0 2026-10-04 14:44:29
 1  0      0 136464  58172 1122084    0    0     0   138 17893 9015 40 25 35  0  0  0 2026-10-04 14:44:39
 0  0      0 137428  58176 1122092    0    0     0     2 17465 8933 38 24 38  0  0  0 2026-10-04 14:44:49
 0  0      0 137684  58176 1122092    0    0     0     0 11262 6464 20 13 66  0  0  0 2026-10-04 14:44:59
 0  0      0 136928  58176 1122096    0    0     0     0 2423 1362  5  3 90  0  2  0 2026-10-04 14:45:09
 0  0      0 189964  58180 1114132    0    0     0     8  639  103  0  2 98  0  0  0 2026-10-04 14:45:19
 0  0      0 189964  58180 1114132    0    0     0     0   43   35  0  0 100  0  0  0 2026-10-04 14:45:29
 0  0      0 189964  58180 1114132    0    0     0   316   47   45  0  0 100  0  0  0 2026-10-04 14:45:39
 0  0      0 189964  58180 1113784    0    0     0     2   68   50  0  0 100  0  0  0 2026-10-04 14:45:49
 1  0      0 189964  58180 1113528    0    0     0     6 7301 3967 14  8 78  0  0  0 2026-10-04 14:45:59
 0  0      0 187500  58180 1113528    0    0     0     0 10521 5871 18 13 67  0  1  0 2026-10-04 14:46:09
 1  0      0 178480  58180 1115064    0    0     0     0 13747 7493 23 17 59  0  0  0 2026-10-04 14:46:19
 0  0      0 170724  58192 1117444    0    0     0     6 16345 8683 30 21 49  0  0  0 2026-10-04 14:46:29
 1  0      0 151988  58192 1120676    0    0     0   138 18447 9313 43 25 31  0  0  0 2026-10-04 14:46:39
procs -----------memory---------- ---swap-- -----io---- -system-- -------cpu------- -----timestamp-----
 r  b   swpd   free   buff  cache   si   so    bi    bo   in   cs us sy id wa st gu                 UTC
 5  0      0 139732  58192 1122168    0    0     0     0 20315 9953 54 32 14  0  0  0 2026-10-04 14:46:49
 1  0      0 129432  58200 1122512    0    0     0     6 21401 10141 52 32 16  0  0  0 2026-10-04 14:46:59
 2  0      0 182808  56360 1052600    0    0     0     0 20144 10157 59 34  5  0  1  0 2026-10-04 14:47:09
 2  0      0 178672  56360 1052600    0    0     0     2 21377 9915 51 33 16  0  0  0 2026-10-04 14:47:19
 2  0      0 178900  56360 1052600    0    0     0     0 21388 10132 47 32 21  0  0  0 2026-10-04 14:47:29
 1  0      0 177028  56368 1052600    0    0     0   125 21320 10249 54 33 12  0  0  0 2026-10-04 14:47:39
 4  0      0 178780  56368 1052600    0    0     0     0 21211 10302 57 34  8  0  0  0 2026-10-04 14:47:49
 1  0      0 177052  56368 1052600    0    0     0     1 21140 9853 51 32 17  0  0  0 2026-10-04 14:47:59
 2  0      0 172724  56376 1052616    0    0     0     3 19759 10562 62 34  3  0  1  0 2026-10-04 14:48:09
 3  0      0 174348  56376 1052628    0    0     0     0 20486 9610 54 32 14  0  0  0 2026-10-04 14:48:19
 6  0      0 175904  56376 1052628    0    0     0     0 19998 10050 58 32  9  0  0  0 2026-10-04 14:48:29
 2  0      0 174784  56376 1052628    0    0     0   138 20525 10407 59 33  8  0  0  0 2026-10-04 14:48:39
 4  0      0 173440  56384 1052628    0    0     0     7 20625 9970 54 32 13  0  0  0 2026-10-04 14:48:49
 1  0      0 173328  56384 1052628    0    0     0     0 20750 10160 57 33 10  0  0  0 2026-10-04 14:48:59
 2  0      0 173136  56400 1052628    0    0     0   128 20337 10103 58 34  7  0  1  0 2026-10-04 14:49:09
 6  0      0 173144  56400 1052628    0    0     0     1 20237 10499 54 32 14  0  0  0 2026-10-04 14:49:19
 2  0      0 171636  56400 1052628    0    0     0     0 20409 10213 64 35  1  0  0  0 2026-10-04 14:49:29
 1  0      0 172180  56404 1052632    0    0     0     4 21608 9934 49 32 20  0  0  0 2026-10-04 14:49:39
 1  0      0 172180  56404 1052632    0    0     0     0 20957 10356 52 33 14  0  0  0 2026-10-04 14:49:49
 1  0      0 172180  56404 1052632    0    0     0     1 19447 9388 41 27 31  0  0  0 2026-10-04 14:49:59
 1  0      0 171928  56408 1052632    0    0     0     5 9140 5406 18 12 68  0  2  0 2026-10-04 14:50:09
procs -----------memory---------- ---swap-- -----io---- -system-- -------cpu------- -----timestamp-----
 r  b   swpd   free   buff  cache   si   so    bi    bo   in   cs us sy id wa st gu                 UTC
 0  0      0 171928  56408 1052632    0    0     0     0  908  537  2  1 97  0  0  0 2026-10-04 14:50:19
 0  0      0 231948  56408 1043996    0    0     0     0  620  108  0  2 98  0  0  0 2026-10-04 14:50:29
 0  0      0 231948  56412 1043996    0    0     0   224   48   45  0  0 100  0  0  0 2026-10-04 14:50:39
 0  0      0 263288  56412 1043996    0    0     0     0   64   63  1  0 99  0  0  0 2026-10-04 14:50:49
 0  0      0 263288  56412 1043996    0    0     0     0   39   38  0  0 100  0  0  0 2026-10-04 14:50:59
 0  0      0 282876  56420 1041696    0    0     0     5  134  109  0  0 100  0  0  0 2026-10-04 14:51:09
 0  0      0 329244  56420 1041116    0    0     0     1   70   55  0  0 99  0  0  0 2026-10-04 14:51:19
