procs -----------memory---------- ---swap-- -----io---- -system-- -------cpu------- -----timestamp-----
 r  b   swpd   free   buff  cache   si   so    bi    bo   in   cs us sy id wa st gu                 UTC
 0  0      0 442460  50536 1055436    0    0    28   332 1028    4  2  1 97  0  0  0 2026-10-04 12:38:45
 0  0      0 443984  50536 1055500    0    0     0   655 1110  839  3  1 96  0  0  0 2026-10-04 12:38:55
 0  0      0 440212  50548 1055512    0    0     0    32 1406  878  4  1 94  0  1  0 2026-10-04 12:39:05
 0  0      0 438692  50548 1055516    0    0     0     0 1773 1095  5  2 93  0  0  0 2026-10-04 12:39:15
 0  0      0 424328  50548 1055520    0    0     0   606 2172 1313  6  2 92  0  0  0 2026-10-04 12:39:25
 0  0      0 419320  50552 1055528    0    0     0     8 2429 1468  7  2 91  0  0  0 2026-10-04 12:39:35
 2  0      0 412768  50552 1055532    0    0     0     0 2717 1630  7  3 89  0  0  0 2026-10-04 12:39:45
 0  0      0 406780  50552 1055544    0    0     0     0 2793 1724  8  3 89  0  0  0 2026-10-04 12:39:55
 0  0      0 390396  50556 1055560    0    0     0   519 2809 1748  8  3 87  0  2  0 2026-10-04 12:40:05
 0  0      0 387824  50556 1055788    0    0     9     0 2729 1707  6  3 91  0  0  0 2026-10-04 12:40:15
 0  0      0 408576  50556 1055800    0    0     0     0 2714 1673  6  3 91  0  0  0 2026-10-04 12:40:25
 0  0      0 397264  50560 1055808    0    0     0   717 2747 1683  7  3 89  0  0  0 2026-10-04 12:40:35
 1  0      0 390964  50560 1055812    0    0     0     3 2736 1694  6  3 90  0  1  0 2026-10-04 12:40:45
 0  0      0 390208  50560 1055820    0    0     0     0 2723 1686  6  3 91  0  0  0 2026-10-04 12:40:55
 0  0      0 389228  50568 1055824    0    0     0   826 2762 1677  6  3 91  0  0  0 2026-10-04 12:41:05
 0  0      0 386988  50568 1055832    0    0     0     0 2773 1728  5  3 92  0  0  0 2026-10-04 12:41:15
 0  0      0 394384  50568 1055836    0    0     0     1 2742 1705  7  3 90  0  0  0 2026-10-04 12:41:25
 0  0      0 390856  50576 1055840    0    0     0   562 2701 1671  6  3 91  0  0  0 2026-10-04 12:41:35
 0  0      0 390604  50576 1055848    0    0     0     0 2799 1739  6  3 91  0  0  0 2026-10-04 12:41:45
 0  0      0 401188  50576 1055852    0    0     0     0 2783 1720  6  3 91  0  0  0 2026-10-04 12:41:55
 0  0      0 393124  50584 1055876    0    0     0   534 2770 1714  7  3 89  0  1  0 2026-10-04 12:42:05
procs -----------memory---------- ---swap-- -----io---- -system-- -------cpu------- -----timestamp-----
 r  b   swpd   free   buff  cache   si   so    bi    bo   in   cs us sy id wa st gu                 UTC
 0  0      0 390728  50584 1056008    0    0     0     2 2696 1670  5  3 92  0  0  0 2026-10-04 12:42:15
 0  0      0 389468  50584 1056020    0    0     0     0 2784 1711  6  4 91  0  0  0 2026-10-04 12:42:25
 0  0      0 388460  50592 1056024    0    0     0   540 2768 1683  5  3 91  0  0  0 2026-10-04 12:42:35
 0  0      0 388460  50592 1056028    0    0     0     3 2784 1748  5  3 91  0  0  0 2026-10-04 12:42:45
 0  0      0 388460  50592 1056036    0    0     0     1 2483 1541  5  3 92  0  0  0 2026-10-04 12:42:55
 0  0      0 388460  50592 1056040    0    0     0   742 1582 1044  2  1 96  0  1  0 2026-10-04 12:43:05
 0  0      0 388208  50592 1056044    0    0     0     2  642  538  1  0 99  0  0  0 2026-10-04 12:43:15
 0  0      0 386696  50592 1055248    0    0     0     0  556  482  0  0 99  0  0  0 2026-10-04 12:43:25
 0  0      0 386696  50596 1055252    0    0     0   579  497  466  0  0 99  0  0  0 2026-10-04 12:43:35
 0  0      0 386696  50596 1055260    0    0     0     2  482  462  0  0 99  0  0  0 2026-10-04 12:43:45
 0  0      0 383420  50596 1055296    0    0     0     0 1970 1166  6  2 92  0  0  0 2026-10-04 12:43:55
 1  0      0 365388  50604 1055320    0    0     0   651 3780 2151 10  4 84  0  1  0 2026-10-04 12:44:05
 0  0      0 360904  50604 1055740    0    0     0     2 5133 2937 11  6 83  0  0  0 2026-10-04 12:44:15
 0  0      0 357916  50608 1056568    0    0     0     5 6329 3672 12  8 81  0  0  0 2026-10-04 12:44:25
 0  0      0 354956  50616 1057404    0    0     0     6 7505 4372 14  9 77  0  0  0 2026-10-04 12:44:35
 0  0      0 350012  50616 1058400    0    0     0   580 8470 4953 17 11 71  0  0  0 2026-10-04 12:44:45
 1  0      0 343636  50616 1058668    0    0     0     2 8478 5394 20 11 68  0  0  0 2026-10-04 12:44:55
 0  0      0 334072  50620 1059776    0    0     0     9 8317 5234 22 12 63  0  4  0 2026-10-04 12:45:05
 0  0      0 333176  50620 1059780    0    0     0   962 8487 5004 16 10 73  0  0  0 2026-10-04 12:45:15
 0  0      0 333176  50620 1059784    0    0     0     0 8494 5125 17 10 73  0  0  0 2026-10-04 12:45:25
 2  0      0 333188  50628 1059796    0    0     0     8 8529 5294 19 11 70  0  0  0 2026-10-04 12:45:35
procs -----------memory---------- ---swap-- -----io---- -system-- -------cpu------- -----timestamp-----
 r  b   swpd   free   buff  cache   si   so    bi    bo   in   cs us sy id wa st gu                 UTC
 0  0      0 333188  50628 1059800    0    0     0   562 8432 5269 18 11 71  0  0  0 2026-10-04 12:45:45
 0  0      0 333188  50628 1059804    0    0     0     0 8505 5251 18 11 71  0  0  0 2026-10-04 12:45:55
 0  0      0 333188  50632 1059884    0    0     0    10 8480 5303 19 11 68  0  1  0 2026-10-04 12:46:05
 0  0      0 333188  50632 1059892    0    0     0   597 8301 5264 19 11 69  0  0  0 2026-10-04 12:46:15
 0  0      0 333188  50632 1059896    0    0     0     2 8431 5425 20 11 69  0  0  0 2026-10-04 12:46:25
 2  0      0 333188  50636 1059908    0    0     0     6 8347 5389 20 12 68  0  0  0 2026-10-04 12:46:35
 2  0      0 333188  50636 1060040    0    0     0   508 8292 5319 19 11 69  0  0  0 2026-10-04 12:46:45
 0  0      0 333188  50636 1060052    0    0     0     0 8439 5342 19 11 69  0  0  0 2026-10-04 12:46:55
 1  0      0 333060  50644 1060192    0    0     0    12 8471 5233 19 11 69  0  1  0 2026-10-04 12:47:05
 1  0      0 332836  50644 1060196    0    0     0   525 8522 5152 16 10 73  0  0  0 2026-10-04 12:47:15
 1  0      0 332836  50644 1060212    0    0     0     2 8593 5236 17 12 71  0  0  0 2026-10-04 12:47:25
 0  0      0 332836  50652 1060220    0    0     0     6 8546 5220 17 12 71  0  0  0 2026-10-04 12:47:35
 3  0      0 332836  50652 1060232    0    0     0   622 8489 5373 20 11 69  0  0  0 2026-10-04 12:47:45
 0  0      0 332612  50652 1060240    0    0     0     2 8034 5166 19 11 71  0  0  0 2026-10-04 12:47:55
 0  0      0 332612  50660 1060256    0    0     0    12 5303 3358 12  7 79  0  2  0 2026-10-04 12:48:05
 0  0      0 332612  50660 1060260    0    0     0   659 1582 1075  2  1 96  0  0  0 2026-10-04 12:48:15
 0  0      0 370800  50660 1056584    0    0     0     2  690  512  1  1 98  0  0  0 2026-10-04 12:48:25
 0  0      0 370800  50668 1056588    0    0     0     6  491  466  0  0 99  0  0  0 2026-10-04 12:48:35
 0  0      0 370800  50668 1056592    0    0     0   518  496  470  0  0 99  0  0  0 2026-10-04 12:48:45
 1  0      0 366544  50668 1056632    0    0     0     2 1384  866  5  1 94  0  0  0 2026-10-04 12:48:55
 0  0      0 354532  50676 1056636    0    0     0     8 4496 2484 10  5 84  0  1  0 2026-10-04 12:49:05
procs -----------memory---------- ---swap-- -----io---- -system-- -------cpu------- -----timestamp-----
 r  b   swpd   free   buff  cache   si   so    bi    bo   in   cs us sy id wa st gu                 UTC
 0  0      0 349076  50676 1057040    0    0     0   675 6376 3636 12  8 80  0  0  0 2026-10-04 12:49:15
 0  0      0 342436  50676 1058356    0    0     0     7 7907 4857 18 10 72  0  0  0 2026-10-04 12:49:25
 0  0      0 339400  50680 1059676    0    0     0     6 9126 5665 20 12 67  0  0  0 2026-10-04 12:49:35
 4  0      0 335872  50680 1060952    0    0     0     0 10548 6551 25 15 60  0  0  0 2026-10-04 12:49:45
 0  0      0 331744  50680 1061984    0    0     0   593 11559 6868 25 16 58  0  0  0 2026-10-04 12:49:55
 1  0      0 330596  50688 1062260    0    0     0    11 11109 6691 25 15 58  0  2  0 2026-10-04 12:50:05
 0  0      0 329332  50688 1062268    0    0     0     0 11326 6564 23 15 62  0  0  0 2026-10-04 12:50:15
 5  0      0 327104  50688 1062284    0    0     0   580 11135 6427 24 15 61  0  0  0 2026-10-04 12:50:25
 1  0      0 327104  50696 1062296    0    0     0     5 11142 6748 26 15 58  0  1  0 2026-10-04 12:50:35
 0  0      0 327104  50696 1062304    0    0     0     2 11026 6844 28 16 56  0  0  0 2026-10-04 12:50:45
 0  0      0 327104  50696 1062308    0    0     0   542 10815 6821 27 15 57  0  0  0 2026-10-04 12:50:55
 0  0      0 326880  50704 1062312    0    0     0   331 10963 6718 26 16 57  0  1  0 2026-10-04 12:51:05
 2  0      0 326208  50704 1062316    0    0     0     0 11366 6632 24 14 62  0  0  0 2026-10-04 12:51:15
 1  0      0 326208  50704 1062332    0    0     0   497 11212 6705 25 15 60  0  0  0 2026-10-04 12:51:25
 2  0      0 326080  50712 1062464    0    0     0     4 11165 6966 27 15 58  0  0  0 2026-10-04 12:51:35
 2  0      0 326080  50712 1062468    0    0     0     0 10899 6943 27 15 57  0  1  0 2026-10-04 12:51:45
 1  0      0 326080  50712 1062472    0    0     0   604 11082 6906 26 15 58  0  0  0 2026-10-04 12:51:55
 2  0      0 326080  50720 1062652    0    0     0    11 10945 6644 27 15 56  0  2  0 2026-10-04 12:52:05
 2  0      0 325408  50720 1062656    0    0     0     0 11123 6765 26 15 59  0  0  0 2026-10-04 12:52:15
 0  0      0 324204  50720 1062676    0    0     0   557 10959 7024 26 16 57  0  0  0 2026-10-04 12:52:25
 0  0      0 323532  50728 1062680    0    0     0     6 10768 6948 26 16 58  0  0  0 2026-10-04 12:52:35
procs -----------memory---------- ---swap-- -----io---- -system-- -------cpu------- -----timestamp-----
 r  b   swpd   free   buff  cache   si   so    bi    bo   in   cs us sy id wa st gu                 UTC
 0  0      0 323404  50728 1062812    0    0     0     1 11038 7032 28 16 56  0  0  0 2026-10-04 12:52:45
 0  0      0 323404  50728 1062816    0    0     0   546 11033 7010 27 15 57  0  0  0 2026-10-04 12:52:55
 1  0      0 323404  50736 1062828    0    0     0    11 8531 5379 20 12 67  0  1  0 2026-10-04 12:53:05
 0  0      0 323404  50736 1062832    0    0     0     0 3637 2349  7  4 88  0  0  0 2026-10-04 12:53:15
 0  0      0 354448  50736 1057192    0    0     0   586  830  547  1  1 98  0  0  0 2026-10-04 12:53:25
 0  0      0 354448  50740 1057196    0    0     0     7  509  471  0  0 99  0  0  0 2026-10-04 12:53:35
 0  0      0 354448  50740 1057200    0    0     0     0  491  462  0  0 99  0  0  0 2026-10-04 12:53:45
 0  0      0 354448  50740 1057204    0    0     0   456  483  463  0  0 99  0  0  0 2026-10-04 12:53:55
 0  0      0 355468  50748 1057252    0    0     0    10 4446 2470 10  5 84  0  1  0 2026-10-04 12:54:05
 1  0      0 346200  50748 1057992    0    0     0     0 6745 3744 15  8 76  0  0  0 2026-10-04 12:54:15
 2  0      0 335308  50748 1059656    0    0     0   691 9010 5277 17 11 71  0  0  0 2026-10-04 12:54:25
 0  0      0 329944  50756 1061456    0    0     0    14 10680 6467 24 15 61  0  0  0 2026-10-04 12:54:35
 1  0      0 322060  50756 1063176    0    0     0     1 11972 7187 29 17 54  0  1  0 2026-10-04 12:54:45
 2  0      0 316284  50756 1064940    0    0     0     0 13431 8117 34 20 46  0  0  0 2026-10-04 12:54:55
 2  0      0 311944  50760 1065808    0    0     0   565 13231 7749 34 19 45  0  2  0 2026-10-04 12:55:05
 0  0      0 311496  50760 1065816    0    0     0     0 13709 7815 33 19 48  0  0  0 2026-10-04 12:55:15
 0  0      0 311048  50760 1065820    0    0     0     0 13060 8223 34 19 47  0  0  0 2026-10-04 12:55:25
 0  0      0 314432  50764 1065828    0    0     0   776 13054 8136 34 19 46  0  0  0 2026-10-04 12:55:35
 2  0      0 313568  50764 1065832    0    0     0     1 12873 7825 34 19 46  0  0  0 2026-10-04 12:55:45
 1  0      0 312196  50764 1065836    0    0     0     0 13526 7827 32 19 49  0  0  0 2026-10-04 12:55:55
 1  0      0 308108  50776 1066100    0    0     0   721 13542 7786 32 19 47  0  2  0 2026-10-04 12:56:05
procs -----------memory---------- ---swap-- -----io---- -system-- -------cpu------- -----timestamp-----
 r  b   swpd   free   buff  cache   si   so    bi    bo   in   cs us sy id wa st gu                 UTC
 0  0      0 307856  50776 1066108    0    0     0     0 13799 7525 30 18 52  0  0  0 2026-10-04 12:56:15
 1  0      0 307632  50776 1066128    0    0     0     0 13281 8017 32 18 50  0  0  0 2026-10-04 12:56:25
 0  0      0 306372  50784 1066208    0    0     0   538 13038 8216 34 19 47  0  0  0 2026-10-04 12:56:35
 4  0      0 306372  50784 1066260    0    0     0     3 13528 7724 31 18 50  0  1  0 2026-10-04 12:56:45
 1  0      0 306372  50784 1066264    0    0     0     0 13468 7663 32 18 50  0  0  0 2026-10-04 12:56:55
 1  0      0 305896  50792 1066272    0    0     0   463 13204 7750 32 19 47  0  1  0 2026-10-04 12:57:05
 1  0      0 309216  50792 1066404    0    0     0     2 13916 7574 29 18 52  0  0  0 2026-10-04 12:57:15
 1  0      0 308992  50792 1066424    0    0     0     0 13534 7679 31 19 50  0  0  0 2026-10-04 12:57:25
 2  0      0 308772  50800 1066428    0    0     0   614 13383 8059 33 19 47  0  0  0 2026-10-04 12:57:35
 1  0      0 308016  50800 1066432    0    0     0     2 13525 8011 33 19 48  0  0  0 2026-10-04 12:57:45
 0  0      0 308016  50800 1066436    0    0     0     0 13474 7972 32 19 50  0  0  0 2026-10-04 12:57:55
 1  0      0 306252  50808 1066448    0    0     0   538 12009 7178 28 17 54  0  1  0 2026-10-04 12:58:05
 1  0      0 306252  50808 1066452    0    0     0     3 7221 4418 14  9 77  0  0  0 2026-10-04 12:58:15
 0  0      0 306252  50808 1066456    0    0     0     0 1267  886  2  1 97  0  0  0 2026-10-04 12:58:25
 0  0      0 361404  50816 1058208    0    0     0   665  922  528  1  1 98  0  0  0 2026-10-04 12:58:35
 0  0      0 361404  50816 1058212    0    0     0     2  491  466  0  0 99  0  0  0 2026-10-04 12:58:45
 0  0      0 361404  50816 1058216    0    0     0     0  474  453  0  0 100  0  0  0 2026-10-04 12:58:55
 0  0      0 361404  50824 1057412    0    0     0   531  550  518  0  0 99  0  0  0 2026-10-04 12:59:05
 0  0      0 361404  50824 1057420    0    0     0     2  485  460  0  0 100  0  0  0 2026-10-04 12:59:15
 0  0      0 361404  50824 1057408    0    0     0     0  487  460  0  0 100  0  0  0 2026-10-04 12:59:25
