procs -----------memory---------- ---swap-- -----io---- -system-- -------cpu------- -----timestamp-----
 r  b   swpd   free   buff  cache   si   so    bi    bo   in   cs us sy id wa st gu                 UTC
 0  1      0 7384780  15212 295752    0    0 18643   775 2636   18 15 18 59  8  0  0 2026-10-04 12:38:44
 0  0      0 7158980  15220 330728    0    0  3444     0 2186 2784  5  1 92  2  0  0 2026-10-04 12:38:55
 0  0      0 7154644  15220 331168    0    0     8     0 2498 3717  1  1 98  0  0  0 2026-10-04 12:39:05
 0  0      0 7126708  15232 331260    0    0     0   457 3184 4729  2  1 97  0  0  0 2026-10-04 12:39:15
 0  0      0 7105112  15232 331404    0    0     0     2 3940 5779  3  1 96  0  0  0 2026-10-04 12:39:25
 0  0      0 7092104  15232 331600    0    0     0     0 4521 6762  2  1 97  0  0  0 2026-10-04 12:39:35
 0  0      0 7052416  15244 331732    0    0     0   121 5154 7644  4  1 95  0  0  0 2026-10-04 12:39:45
 0  0      0 7052300  15244 331884    0    0    10     0 5028 7535  2  1 97  0  0  0 2026-10-04 12:39:55
 0  0      0 7030880  15244 331884    0    0     0     1 5125 7673  3  1 96  0  0  0 2026-10-04 12:40:05
 0  0      0 7016264  15244 331884    0    0     0    83 5006 7455  4  1 95  0  0  0 2026-10-04 12:40:15
 3  0      0 7015332  15252 331952    0    0     6     1 4938 7408  2  1 97  0  0  0 2026-10-04 12:40:25
 0  0      0 7011240  15252 331952    0    0     0     0 5062 7554  4  1 95  0  0  0 2026-10-04 12:40:35
 0  0      0 7011240  15252 331952    0    0     0     0 5129 7716  2  1 96  0  0  0 2026-10-04 12:40:45
 0  0      0 7011240  15260 331952    0    0     0   153 5069 7639  2  1 97  0  0  0 2026-10-04 12:40:55
 0  0      0 7010736  15260 331952    0    0     0     0 5002 7453  4  1 95  0  0  0 2026-10-04 12:41:05
 0  0      0 7012752  15260 331952    0    0     0     0 5135 7719  2  1 97  0  0  0 2026-10-04 12:41:15
 0  0      0 7010988  15268 331952    0    0     0     4 5081 7647  2  1 97  0  0  0 2026-10-04 12:41:25
 2  0      0 6963656  15268 331952    0    0     0     0 4975 7439  4  1 95  0  0  0 2026-10-04 12:41:35
 0  0      0 6961596  15268 331952    0    0     0     0 5031 7529  3  1 96  0  0  0 2026-10-04 12:41:45
 0  0      0 6961596  15276 331952    0    0     0     4 5047 7582  2  1 97  0  0  0 2026-10-04 12:41:55
 0  0      0 6961596  15276 331952    0    0     0     0 5024 7537  2  1 97  0  0  0 2026-10-04 12:42:05
procs -----------memory---------- ---swap-- -----io---- -system-- -------cpu------- -----timestamp-----
 r  b   swpd   free   buff  cache   si   so    bi    bo   in   cs us sy id wa st gu                 UTC
 0  0      0 6959328  15276 331952    0    0     0    78 4912 7290  4  1 95  0  0  0 2026-10-04 12:42:15
 0  0      0 6959328  15276 331952    0    0     0     2 5071 7604  3  1 96  0  0  0 2026-10-04 12:42:25
 0  0      0 6959328  15284 331952    0    0     0     1 5046 7585  3  1 96  0  0  0 2026-10-04 12:42:35
 0  0      0 6958572  15284 331952    0    0     0     0 5035 7524  3  1 97  0  0  0 2026-10-04 12:42:45
 0  0      0 6958320  15284 331952    0    0     0     0 4995 7480  3  1 96  0  0  0 2026-10-04 12:42:55
 0  0      0 6958320  15284 331952    0    0     0     0 3134 4522  1  1 98  0  0  0 2026-10-04 12:43:05
 0  0      0 6958320  15292 331952    0    0     0    81 1126 1321  0  0 99  0  0  0 2026-10-04 12:43:15
 0  0      0 7366840  15292 331804    0    0    30     0  159  138  0  0 100  0  0  0 2026-10-04 12:43:25
 0  0      0 7366840  15300 331796    0    0     0     4   52   52  0  0 100  0  0  0 2026-10-04 12:43:35
 0  0      0 7367092  15556 332520    0    0    85    40  139  155  0  0 99  0  0  0 2026-10-04 12:43:45
 0  0      0 6451348  15556 333032    0    0    38     2 4930 5141 19  3 78  0  0  0 2026-10-04 12:43:55
 0  0      0 6343188  15556 333840    0    0     0     0 6895 10033  4  2 94  0  0  0 2026-10-04 12:44:05
 0  0      0 6185980  15568 334676    0    0     0   242 9369 13767  5  2 93  0  0  0 2026-10-04 12:44:15
 0  0      0 6104636  15568 335524    0    0     0     0 10912 15589 12  2 86  0  0  0 2026-10-04 12:44:25
 0  0      0 6027572  15568 336392    0    0     0     0 12807 18814  7  3 91  0  0  0 2026-10-04 12:44:35
 0  0      0 5771016  15568 337248    0    0     0   104 13396 18809 16  3 81  0  0  0 2026-10-04 12:44:45
 2  0      0 5770344  15576 337488    0    0     0    12 13497 19550  8  2 89  0  0  0 2026-10-04 12:44:55
 2  0      0 5718996  15576 337568    0    0     2     0 13343 19180  8  3 90  0  0  0 2026-10-04 12:45:05
 3  0      0 5562444  15576 337568    0    0     0     0 13026 18407 16  3 82  0  0  0 2026-10-04 12:45:15
 0  0      0 5562444  15576 337568    0    0     0     0 13715 20260  8  2 90  0  0  0 2026-10-04 12:45:25
 0  0      0 5562444  15584 337568    0    0     0   269 13306 19387  8  2 90  0  0  0 2026-10-04 12:45:35
procs -----------memory---------- ---swap-- -----io---- -system-- -------cpu------- -----timestamp-----
 r  b   swpd   free   buff  cache   si   so    bi    bo   in   cs us sy id wa st gu                 UTC
 0  0      0 5528172  15584 337568    0    0     0     0 12527 17490 16  2 82  0  0  0 2026-10-04 12:45:45
 0  0      0 5528172  15584 337568    0    0     0     0 13504 19797  8  2 90  0  0  0 2026-10-04 12:45:55
 0  0      0 5528172  15592 337568    0    0     0     6 13369 19445  8  2 90  0  0  0 2026-10-04 12:46:05
 0  0      0 5525660  15592 337568    0    0     0    78 12575 17737 16  2 82  0  0  0 2026-10-04 12:46:15
 1  0      0 5525660  15592 337568    0    0     0     0 13358 19468  8  2 90  0  0  0 2026-10-04 12:46:25
 3  0      0 5525660  15600 337568    0    0     0     1 13179 19199  8  2 90  0  0  0 2026-10-04 12:46:35
 0  0      0 5309444  15600 337568    0    0     0     0 12684 17718 16  3 81  0  0  0 2026-10-04 12:46:45
 0  0      0 5309444  15600 337568    0    0     0     0 13135 18976  8  2 90  0  0  0 2026-10-04 12:46:55
 0  0      0 5301636  15600 337568    0    0     0     0 13427 19556  8  2 89  0  0  0 2026-10-04 12:47:05
 0  0      0 5301636  15608 337568    0    0     0    81 13518 19769  8  2 90  0  0  0 2026-10-04 12:47:15
 1  0      0 5301636  15608 337568    0    0     0     0 12741 18006 17  2 81  0  0  0 2026-10-04 12:47:25
 0  0      0 5301636  15608 337568    0    0     0     0 13447 19602  8  2 90  0  0  0 2026-10-04 12:47:35
 0  0      0 5297856  15608 337568    0    0     0     2 13052 18881  8  3 90  0  0  0 2026-10-04 12:47:45
 0  0      0 5297856  15616 337568    0    0     0     3 12312 17597  7  2 90  0  0  0 2026-10-04 12:47:55
 0  0      0 5285760  15616 337568    0    0     0     0 8468 11564 13  2 86  0  0  0 2026-10-04 12:48:05
 0  0      0 5285760  15616 337568    0    0     0    78 3617 4539  2  1 98  0  0  0 2026-10-04 12:48:15
 0  0      0 7374116  15616 333268    0    0     0     2  875  713  1  1 98  0  0  0 2026-10-04 12:48:25
 0  0      0 7374116  15624 333268    0    0     0     3   57   51  0  0 100  0  0  0 2026-10-04 12:48:35
 0  0      0 7374116  15644 333268    0    0     0     5   72   67  0  0 100  0  0  0 2026-10-04 12:48:45
 0  0      0 5998728  15644 333428    0    0    16     2 4433 3357 28  4 68  0  0  0 2026-10-04 12:48:55
 0  0      0 5899292  15644 334332    0    0     0     1 8425 12256  4  2 94  0  0  0 2026-10-04 12:49:05
procs -----------memory---------- ---swap-- -----io---- -system-- -------cpu------- -----timestamp-----
 r  b   swpd   free   buff  cache   si   so    bi    bo   in   cs us sy id wa st gu                 UTC
 0  0      0 5697648  15656 335612    0    0     0    84 11519 16800  6  3 92  0  0  0 2026-10-04 12:49:15
 0  0      0 5417348  15656 336896    0    0     0     0 13391 19190  8  3 89  0  0  0 2026-10-04 12:49:25
 3  0      0 5313996  15656 338208    0    0     0     0 14133 19155 19  3 78  0  0  0 2026-10-04 12:49:35
 3  0      0 5188736  15664 339472    0    0     0     6 16723 23594 11  3 86  0  0  0 2026-10-04 12:49:45
 0  0      0 4867092  15664 340296    0    0     0     0 16040 21099 24  4 72  0  0  0 2026-10-04 12:49:55
 1  0      0 4866840  15664 340296    0    0     0     0 16314 22901 11  3 86  0  0  0 2026-10-04 12:50:05
 0  0      0 4821232  15664 340296    0    0     0    81 16699 23809 11  3 86  0  0  0 2026-10-04 12:50:15
 0  0      0 4573268  15672 340300    0    0     0     1 15335 20512 24  4 72  0  0  0 2026-10-04 12:50:25
 2  0      0 4573016  15672 340300    0    0     0     0 16308 22965 11  3 86  0  0  0 2026-10-04 12:50:35
 1  0      0 4573016  15672 340300    0    0     0     1 15968 22408 12  3 85  0  0  0 2026-10-04 12:50:45
 1  0      0 4554624  15680 340308    0    0     0   136 14247 18605 24  3 74  0  0  0 2026-10-04 12:50:55
 0  0      0 4541268  15680 340388    0    0     0     1 16676 23725 11  3 86  0  0  0 2026-10-04 12:51:05
 0  0      0 4541268  15680 340388    0    0     0     2 16697 23775 11  3 86  0  0  0 2026-10-04 12:51:15
 2  0      0 4536480  15680 340388    0    0     0     1 14817 19741 24  3 73  0  0  0 2026-10-04 12:51:25
 0  0      0 4536480  15692 340388    0    0     0    12 16054 22532 11  3 86  0  0  0 2026-10-04 12:51:35
 0  0      0 4536480  15692 340388    0    0     0     0 15866 22131 12  3 85  0  0  0 2026-10-04 12:51:45
 2  0      0 4315848  15692 340388    0    0     0     0 15896 22022 13  4 83  0  0  0 2026-10-04 12:51:55
 2  0      0 4272148  15700 340388    0    0     0    12 14649 19110 22  3 75  0  0  0 2026-10-04 12:52:05
 3  0      0 4264588  15700 340388    0    0     0    78 16272 23004 11  3 86  0  0  0 2026-10-04 12:52:15
 2  0      0 4264588  15700 340388    0    0     0     0 15530 21540 11  3 86  0  0  0 2026-10-04 12:52:25
 3  0      0 4264588  15700 340388    0    0     0     3 14253 18657 24  3 74  0  0  0 2026-10-04 12:52:35
procs -----------memory---------- ---swap-- -----io---- -system-- -------cpu------- -----timestamp-----
 r  b   swpd   free   buff  cache   si   so    bi    bo   in   cs us sy id wa st gu                 UTC
 2  0      0 4264588  15708 340388    0    0     0     2 15635 21531 11  3 86  0  0  0 2026-10-04 12:52:45
 2  0      0 4263660  15708 340388    0    0     0     0 15259 21042 11  3 86  0  0  0 2026-10-04 12:52:55
 0  0      0 4263580  15708 340388    0    0     0     0 11432 15239  8  2 90  0  0  0 2026-10-04 12:53:05
 0  0      0 4263580  15716 340388    0    0     0    81 6178 8023  4  1 95  0  0  0 2026-10-04 12:53:15
 0  0      0 7375660  15716 333476    0    0     0     0 2116 2153  1  1 98  0  0  0 2026-10-04 12:53:25
 0  0      0 7375660  15716 333476    0    0     0     0   48   47  0  0 100  0  0  0 2026-10-04 12:53:35
 0  0      0 7375660  15748 333468    0    0     2   180   80   85  0  0 100  0  0  0 2026-10-04 12:53:45
 2  0      0 5900768  15748 333468    0    0     0     2 2601  363 30  3 67  0  0  0 2026-10-04 12:53:55
 0  0      0 5430204  15748 334284    0    0     0     0 8806 12471  6  3 91  0  0  0 2026-10-04 12:54:05
 0  0      0 5216076  15756 335988    0    0     0     5 11380 15567 17  3 80  0  0  0 2026-10-04 12:54:15
 0  0      0 5111280  15756 337748    0    0     0     0 15021 21637  9  3 88  0  0  0 2026-10-04 12:54:25
 1  0      0 4798928  15756 339460    0    0     0     0 17256 24243 10  4 86  0  0  0 2026-10-04 12:54:35
 0  0      0 4357676  15764 341172    0    0     0     6 16744 20921 29  5 67  0  0  0 2026-10-04 12:54:45
 0  0      0 4340136  15764 342872    0    0     0     0 19966 26976 16  4 80  0  0  0 2026-10-04 12:54:55
 0  0      0 4056912  15764 342940    0    0     0     0 18807 25716 14  4 82  0  0  0 2026-10-04 12:55:05
 0  0      0 3761084  15772 342940    0    0     0   152 16806 20805 32  4 64  0  0  0 2026-10-04 12:55:15
 0  0      0 3761084  15772 342940    0    0     0     0 18441 25092 14  4 82  0  0  0 2026-10-04 12:55:25
 0  0      0 3752516  15772 342940    0    0     0     0 18030 24384 14  4 82  0  0  0 2026-10-04 12:55:35
 3  0      0 3550424  15772 342940    0    0     0     2 15716 18769 32  4 64  0  0  0 2026-10-04 12:55:45
 2  0      0 3550424  15780 342940    0    0     0     3 18814 25803 14  3 82  0  0  0 2026-10-04 12:55:55
 3  0      0 3549948  15780 342940    0    0     0     0 18736 25287 14  4 82  0  0  0 2026-10-04 12:56:05
procs -----------memory---------- ---swap-- -----io---- -system-- -------cpu------- -----timestamp-----
 r  b   swpd   free   buff  cache   si   so    bi    bo   in   cs us sy id wa st gu                 UTC
 0  0      0 3541884  15780 342940    0    0     0    78 17057 21749 32  4 65  0  0  0 2026-10-04 12:56:15
 0  0      0 3541884  15780 342944    0    0     0     2 18933 26057 15  4 81  0  0  0 2026-10-04 12:56:25
 3  0      0 3541884  15788 342944    0    0     0     1 18194 24560 14  4 82  0  0  0 2026-10-04 12:56:35
 2  0      0 3306596  15788 342944    0    0     0     1 18614 24972 19  4 77  0  0  0 2026-10-04 12:56:45
 2  0      0 3232688  15788 342944    0    0     0     0 16721 21016 28  4 68  0  0  0 2026-10-04 12:56:55
 0  0      0 3232436  15788 342944    0    0     0     0 18892 25926 14  4 82  0  0  0 2026-10-04 12:57:05
 4  0      0 3232436  15796 342944    0    0     0    82 19355 26910 14  4 82  0  0  0 2026-10-04 12:57:15
 0  0      0 3218072  15796 342944    0    0     0     0 16504 20772 32  3 64  0  0  0 2026-10-04 12:57:25
 3  0      0 3218072  15796 342944    0    0     0     0 18261 24743 15  4 81  0  0  0 2026-10-04 12:57:35
 0  0      0 3218072  15796 342944    0    0     0     2 18291 24664 14  4 82  0  0  0 2026-10-04 12:57:45
 0  0      0 3218072  15804 342944    0    0     0     3 18946 26078 14  4 82  0  0  0 2026-10-04 12:57:55
 0  0      0 3213032  15804 342944    0    0     0     0 13297 15675 30  3 67  0  0  0 2026-10-04 12:58:05
 1  0      0 3213032  15804 342944    0    0     0    78 9160 11732  7  2 92  0  0  0 2026-10-04 12:58:15
 0  0      0 3212780  15804 342944    0    0     0     2 3964 4594  2  1 98  0  0  0 2026-10-04 12:58:25
 0  0      0 7359764  15812 333640    0    0     0     1  417  179  1  1 98  0  0  0 2026-10-04 12:58:35
 0  0      0 7368356  15812 333676    0    0     0     2  179  238  0  0 100  0  0  0 2026-10-04 12:58:45
 0  0      0 7368360  15812 333676    0    0     0     0   64   70  0  0 100  0  0  0 2026-10-04 12:58:55
