2026-10-04 12:02:10 UTC::@:[1358]:LOG:  checkpoint starting: time
2026-10-04 12:02:10 UTC::@:[1358]:LOG:  checkpoint complete: wrote 3 buffers (0.0%); 0 WAL file(s) added, 0 removed, 1 recycled; write=0.204 s, sync=0.002 s, total=0.211 s; sync files=3, longest=0.002 s, average=0.001 s; distance=65536 kB, estimate=79386 kB; lsn=0/D40006B0, redo lsn=0/D4000678
2026-10-04 12:07:10 UTC::@:[1358]:LOG:  checkpoint starting: time
2026-10-04 12:07:11 UTC::@:[1358]:LOG:  checkpoint complete: wrote 3 buffers (0.0%); 0 WAL file(s) added, 0 removed, 1 recycled; write=0.205 s, sync=0.002 s, total=0.216 s; sync files=3, longest=0.002 s, average=0.001 s; distance=65536 kB, estimate=78001 kB; lsn=0/D80006C8, redo lsn=0/D8000690
2026-10-04 12:12:10 UTC::@:[1358]:LOG:  checkpoint starting: time
2026-10-04 12:12:10 UTC::@:[1358]:LOG:  checkpoint complete: wrote 3 buffers (0.0%); 0 WAL file(s) added, 0 removed, 1 recycled; write=0.203 s, sync=0.002 s, total=0.211 s; sync files=3, longest=0.002 s, average=0.001 s; distance=65536 kB, estimate=76754 kB; lsn=0/DC0006D8, redo lsn=0/DC0006A0
2026-10-04 12:17:10 UTC::@:[1358]:LOG:  checkpoint starting: time
2026-10-04 12:17:10 UTC::@:[1358]:LOG:  checkpoint complete: wrote 3 buffers (0.0%); 0 WAL file(s) added, 0 removed, 1 recycled; write=0.203 s, sync=0.002 s, total=0.211 s; sync files=3, longest=0.002 s, average=0.001 s; distance=65536 kB, estimate=75633 kB; lsn=0/E00006F0, redo lsn=0/E00006B8
2026-10-04 12:22:10 UTC::@:[1358]:LOG:  checkpoint starting: time
2026-10-04 12:22:10 UTC::@:[1358]:LOG:  checkpoint complete: wrote 3 buffers (0.0%); 0 WAL file(s) added, 0 removed, 1 recycled; write=0.204 s, sync=0.002 s, total=0.213 s; sync files=3, longest=0.002 s, average=0.001 s; distance=65536 kB, estimate=74623 kB; lsn=0/E4000708, redo lsn=0/E40006D0
2026-10-04 12:27:10 UTC::@:[1358]:LOG:  checkpoint starting: time
2026-10-04 12:27:10 UTC::@:[1358]:LOG:  checkpoint complete: wrote 3 buffers (0.0%); 0 WAL file(s) added, 0 removed, 1 recycled; write=0.205 s, sync=0.002 s, total=0.215 s; sync files=3, longest=0.002 s, average=0.001 s; distance=65536 kB, estimate=73714 kB; lsn=0/E8000718, redo lsn=0/E80006E0
2026-10-04 12:32:10 UTC::@:[1358]:LOG:  checkpoint starting: time
2026-10-04 12:32:10 UTC::@:[1358]:LOG:  checkpoint complete: wrote 3 buffers (0.0%); 0 WAL file(s) added, 0 removed, 1 recycled; write=0.203 s, sync=0.002 s, total=0.212 s; sync files=3, longest=0.002 s, average=0.001 s; distance=65536 kB, estimate=72896 kB; lsn=0/EC000730, redo lsn=0/EC0006F8
2026-10-04 12:37:10 UTC::@:[1358]:LOG:  checkpoint starting: time
2026-10-04 12:37:10 UTC::@:[1358]:LOG:  checkpoint complete: wrote 3 buffers (0.0%); 0 WAL file(s) added, 0 removed, 1 recycled; write=0.204 s, sync=0.002 s, total=0.215 s; sync files=3, longest=0.002 s, average=0.001 s; distance=65536 kB, estimate=72160 kB; lsn=0/F0000778, redo lsn=0/F0000740
2026-10-04 12:37:35 UTC::@:[1356]:LOG:  received fast shutdown request
2026-10-04 12:37:35 UTC::@:[1356]:LOG:  aborting any active transactions
2026-10-04 12:37:35 UTC::@:[1356]:LOG:  background worker "logical replication launcher" (PID 1364) exited with exit code 1
2026-10-04 12:37:35 UTC::@:[1358]:LOG:  shutting down
2026-10-04 12:37:35 UTC::@:[1358]:LOG:  checkpoint starting: shutdown immediate
2026-10-04 12:37:35 UTC::@:[1358]:LOG:  checkpoint complete: wrote 0 buffers (0.0%); 0 WAL file(s) added, 0 removed, 1 recycled; write=0.001 s, sync=0.001 s, total=0.012 s; sync files=0, longest=0.000 s, average=0.000 s; distance=65534 kB, estimate=71498 kB; lsn=0/F4000028, redo lsn=0/F4000028
2026-10-04 12:37:35 UTC::@:[1356]:LOG:  database system is shut down
2026-10-04 12:37:45 UTC::@:[1350]:LOG:  starting PostgreSQL 16.13 on aarch64-unknown-linux-gnu, compiled by aarch64-unknown-linux-gnu-gcc (GCC) 12.4.0, 64-bit
2026-10-04 12:37:45 UTC::@:[1350]:LOG:  listening on IPv4 address "0.0.0.0", port 5432
2026-10-04 12:37:45 UTC::@:[1350]:LOG:  listening on IPv6 address "::", port 5432
2026-10-04 12:37:45 UTC::@:[1350]:LOG:  listening on Unix socket "/tmp/.s.PGSQL.5432"
2026-10-04 12:37:45 UTC::@:[1354]:LOG:  database system was shut down at 2026-10-04 12:37:35 UTC
2026-10-04 12:37:45 UTC::@:[1350]:LOG:  database system is ready to accept connections
2026-10-04 12:42:00 UTC:10.0.0.50(60190):app@social:[1632]:LOG:  duration: 237.498 ms  bind <unnamed>: SELECT p.id, p.body, p.like_count, p.created_at, u.id AS user_id, u.username,
	              EXISTS (SELECT 1 FROM likes l WHERE l.user_id = $3 AND l.post_id = p.id) AS liked
	         FROM posts p JOIN users u ON u.id = p.user_id
	        WHERE ($1::bigint IS NULL OR p.id < $1)
	        ORDER BY p.id DESC
	        LIMIT $2
2026-10-04 12:42:00 UTC:10.0.0.50(60190):app@social:[1632]:DETAIL:  parameters: $1 = NULL, $2 = '20', $3 = '593'
2026-10-04 12:42:45 UTC::@:[1352]:LOG:  checkpoint starting: time
2026-10-04 12:43:25 UTC::@:[1352]:LOG:  checkpoint complete: wrote 426 buffers (1.8%); 0 WAL file(s) added, 0 removed, 1 recycled; write=39.783 s, sync=0.002 s, total=39.797 s; sync files=15, longest=0.002 s, average=0.001 s; distance=2014 kB, estimate=2014 kB; lsn=0/F80667A0, redo lsn=0/F41F7B18
2026-10-04 12:47:45 UTC::@:[1352]:LOG:  checkpoint starting: time
2026-10-04 12:50:26 UTC::@:[1352]:LOG:  checkpoint complete: wrote 1703 buffers (7.4%); 0 WAL file(s) added, 0 removed, 1 recycled; write=160.822 s, sync=0.003 s, total=160.845 s; sync files=23, longest=0.003 s, average=0.001 s; distance=73326 kB, estimate=73326 kB; lsn=0/FC7BC198, redo lsn=0/F8993440
2026-10-04 12:52:45 UTC::@:[1352]:LOG:  checkpoint starting: time
2026-10-04 12:55:00 UTC:10.0.0.50(41416):app@social:[2523]:LOG:  duration: 207.498 ms  bind <unnamed>: SELECT p.id, p.body, p.like_count, p.created_at, u.id AS user_id, u.username,
	              EXISTS (SELECT 1 FROM likes l WHERE l.user_id = $3 AND l.post_id = p.id) AS liked
	         FROM posts p JOIN users u ON u.id = p.user_id
	        WHERE ($1::bigint IS NULL OR p.id < $1)
	        ORDER BY p.id DESC
	        LIMIT $2
2026-10-04 12:55:00 UTC:10.0.0.50(41416):app@social:[2523]:DETAIL:  parameters: $1 = NULL, $2 = '20', $3 = '7132'
2026-10-04 12:55:00 UTC:10.0.0.50(56840):app@social:[2508]:LOG:  duration: 232.168 ms  bind <unnamed>: SELECT p.id, p.body, p.like_count, p.created_at, u.id AS user_id, u.username,
	              EXISTS (SELECT 1 FROM likes l WHERE l.post_id = p.id AND l.user_id = $2) AS liked
	         FROM posts p JOIN users u ON u.id = p.user_id
	        WHERE p.id = $1
2026-10-04 12:55:00 UTC:10.0.0.50(56840):app@social:[2508]:DETAIL:  parameters: $1 = '513009', $2 = '7928'
2026-10-04 12:56:00 UTC:10.0.0.50(41418):app@social:[2524]:LOG:  duration: 203.246 ms  bind <unnamed>: SELECT p.id, p.body, p.like_count, p.created_at, u.id AS user_id, u.username,
	              EXISTS (SELECT 1 FROM likes l WHERE l.user_id = $3 AND l.post_id = p.id) AS liked
	         FROM posts p JOIN users u ON u.id = p.user_id
	        WHERE ($1::bigint IS NULL OR p.id < $1)
	        ORDER BY p.id DESC
	        LIMIT $2
2026-10-04 12:56:00 UTC:10.0.0.50(41418):app@social:[2524]:DETAIL:  parameters: $1 = NULL, $2 = '20', $3 = '5112'
2026-10-04 12:56:41 UTC::@:[1352]:LOG:  checkpoint complete: wrote 2482 buffers (10.8%); 0 WAL file(s) added, 0 removed, 1 recycled; write=235.813 s, sync=0.005 s, total=235.840 s; sync files=20, longest=0.004 s, average=0.001 s; distance=70623 kB, estimate=73056 kB; lsn=1/F8CFA8, redo lsn=0/FCE8B208
2026-10-04 12:57:45 UTC::@:[1352]:LOG:  checkpoint starting: time

