procs -----------memory---------- ---swap-- -----io---- -system-- -------cpu------- -----timestamp-----
 r  b   swpd   free   buff  cache   si   so    bi    bo   in   cs us sy id wa st gu                 UTC
 0  0      0 330636  51036 1057864    0    0    25   318 1453    5  3  2 95  0  0  0 2026-10-04 13:09:02
 0  0      0 345148  51036 1057912    0    0     0     2  991  755  2  1 97  0  0  0 2026-10-04 13:09:12
 0  0      0 346804  51036 1057916    0    0     0     0 1334  867  2  1 96  0  0  0 2026-10-04 13:09:22
 0  0      0 348460  51048 1057920    0    0     0   664 1725 1098  4  1 95  0  0  0 2026-10-04 13:09:32
 0  0      0 341228  51048 1057928    0    0     0     7 2063 1296  4  2 93  0  0  0 2026-10-04 13:09:42
 0  0      0 335636  51048 1057936    0    0     0     0 2430 1485  5  2 92  0  0  0 2026-10-04 13:09:52
 0  0      0 333900  51056 1057960    0    0     0   690 2763 1703  6  3 90  0  1  0 2026-10-04 13:10:02
 0  0      0 332640  51056 1057968    0    0     0     2 2760 1720  5  3 92  0  0  0 2026-10-04 13:10:12
 0  0      0 331884  51056 1057976    0    0     0     3 2711 1670  6  3 92  0  0  0 2026-10-04 13:10:22
 0  0      0 331884  51064 1057980    0    0     0   709 2762 1689  5  3 92  0  0  0 2026-10-04 13:10:32
 0  0      0 331660  51064 1057988    0    0     0     3 2679 1668  5  3 92  0  0  0 2026-10-04 13:10:42
 0  0      0 329896  51064 1057992    0    0     0     1 2741 1701  6  3 91  0  0  0 2026-10-04 13:10:52
 0  0      0 328648  51072 1058000    0    0     0   800 2744 1706  5  3 90  0  1  0 2026-10-04 13:11:02
 0  0      0 328648  51072 1058008    0    0     0     3 2718 1677  5  3 92  0  0  0 2026-10-04 13:11:12
 0  0      0 328520  51072 1058140    0    0     0     2 2697 1670  5  3 92  0  0  0 2026-10-04 13:11:22
 0  0      0 328520  51080 1058148    0    0     0   580 2760 1720  5  2 92  0  0  0 2026-10-04 13:11:32
 0  0      0 328016  51080 1058152    0    0     0     1 2687 1661  6  3 91  0  0  0 2026-10-04 13:11:42
 0  0      0 327824  51080 1058156    0    0     0     2 2740 1708  5  3 92  0  0  0 2026-10-04 13:11:52
 0  0      0 327792  51088 1058164    0    0     0     8 2750 1714  6  3 90  0  1  0 2026-10-04 13:12:02
 0  0      0 327792  51088 1058172    0    0     0   507 2729 1682  5  3 92  0  0  0 2026-10-04 13:12:12
 0  0      0 327792  51088 1058176    0    0     0     2 2732 1675  5  3 91  0  0  0 2026-10-04 13:12:22
procs -----------memory---------- ---swap-- -----io---- -system-- -------cpu------- -----timestamp-----
 r  b   swpd   free   buff  cache   si   so    bi    bo   in   cs us sy id wa st gu                 UTC
 0  0      0 327792  51096 1058184    0    0     0     6 2693 1654  5  3 91  0  0  0 2026-10-04 13:12:32
 0  0      0 327568  51096 1058188    0    0     0   655 2713 1678  5  3 92  0  0  0 2026-10-04 13:12:42
 0  0      0 326308  51096 1058196    0    0     0     2 2789 1774  6  3 91  0  0  0 2026-10-04 13:12:52
 0  0      0 326116  51104 1058200    0    0     0    11 2691 1677  6  3 90  0  1  0 2026-10-04 13:13:02
 0  0      0 326084  51104 1058208    0    0     0   575 2488 1579  5  3 92  0  0  0 2026-10-04 13:13:12
 0  0      0 326084  51104 1058216    0    0     0     3 1619 1075  3  1 96  0  0  0 2026-10-04 13:13:22
 0  0      0 326084  51112 1058220    0    0     0     6  632  534  1  0 99  0  0  0 2026-10-04 13:13:32
 0  0      0 326424  51112 1057872    0    0     0   572  534  473  0  0 99  0  0  0 2026-10-04 13:13:42
 0  0      0 326552  51112 1058004    0    0     0     3  490  466  0  0 99  0  0  0 2026-10-04 13:13:52
 0  0      0 326552  51120 1058004    0    0     0     9  487  459  0  0 99  0  0  0 2026-10-04 13:14:02
 0  0      0 326804  51120 1058028    0    0     0   674 1783 1097  4  2 95  0  0  0 2026-10-04 13:14:12
 0  0      0 326328  51120 1058032    0    0     0     2 3610 2059  7  4 89  0  0  0 2026-10-04 13:14:22
 0  0      0 325208  51128 1058536    0    0     0     5 4998 2988 11  6 84  0  0  0 2026-10-04 13:14:32
 0  0      0 322208  51128 1059276    0    0     0   567 6224 3803 14  8 78  0  0  0 2026-10-04 13:14:42
 1  0      0 319232  51128 1060104    0    0     0     2 7360 4530 16  9 75  0  0  0 2026-10-04 13:14:52
 0  0      0 313708  51136 1061408    0    0     0     6 8144 5022 20 11 67  0  2  0 2026-10-04 13:15:02
 0  0      0 312588  51136 1061548    0    0     0   702 8673 5120 17 11 72  0  0  0 2026-10-04 13:15:12
 0  0      0 312588  51136 1061552    0    0     0     0 8663 5271 17 11 72  0  0  0 2026-10-04 13:15:22
 1  0      0 312588  51144 1061556    0    0     0     8 8480 5056 17 11 72  0  0  0 2026-10-04 13:15:32
 1  0      0 312364  51144 1061564    0    0     0   578 8574 5169 17 11 72  0  0  0 2026-10-04 13:15:42
 0  0      0 312620  51144 1061568    0    0     0     0 8499 5139 17 11 72  0  1  0 2026-10-04 13:15:52
procs -----------memory---------- ---swap-- -----io---- -system-- -------cpu------- -----timestamp-----
 r  b   swpd   free   buff  cache   si   so    bi    bo   in   cs us sy id wa st gu                 UTC
 1  0      0 312396  51168 1061676    0    0     0   418 8368 5025 18 11 68  0  2  0 2026-10-04 13:16:02
 1  0      0 312268  51168 1061812    0    0     0   542 8502 5400 20 11 69  0  0  0 2026-10-04 13:16:12
 0  0      0 312268  51168 1061820    0    0     0     0 8430 5324 19 11 70  0  0  0 2026-10-04 13:16:22
 1  0      0 312044  51180 1061832    0    0     0    10 8428 5361 19 11 69  0  0  0 2026-10-04 13:16:32
 2  0      0 312044  51180 1061836    0    0     0     0 8385 5376 20 11 69  0  0  0 2026-10-04 13:16:42
 1  0      0 312044  51180 1061852    0    0     0   535 8488 5443 20 11 68  0  0  0 2026-10-04 13:16:52
 0  0      0 311344  51188 1061984    0    0     0    13 8246 5232 20 11 68  0  1  0 2026-10-04 13:17:02
 2  0      0 310896  51188 1061988    0    0     0     0 8622 5197 17 11 73  0  0  0 2026-10-04 13:17:12
 0  0      0 311148  51188 1061996    0    0     0   690 8664 5112 16 12 72  0  0  0 2026-10-04 13:17:22
 1  0      0 311148  51196 1062000    0    0     0     8 8597 5110 17 11 72  0  0  0 2026-10-04 13:17:32
 0  0      0 311148  51196 1062008    0    0     0     1 8504 5124 17 10 73  0  0  0 2026-10-04 13:17:42
 0  0      0 311148  51196 1062020    0    0     0   606 8483 5437 20 11 69  0  0  0 2026-10-04 13:17:52
 1  0      0 311148  51204 1062036    0    0     0    11 8411 5309 20 11 68  0  1  0 2026-10-04 13:18:02
 0  0      0 311148  51204 1062040    0    0     0     2 8244 5071 16 10 74  0  0  0 2026-10-04 13:18:12
 0  0      0 311148  51204 1062044    0    0     0   666 5513 3394 10  6 84  0  0  0 2026-10-04 13:18:22
 0  0      0 311020  51212 1062176    0    0     0     8 1725 1147  3  2 96  0  0  0 2026-10-04 13:18:32
 0  0      0 340944  51212 1059088    0    0     0     0  723  481  0  1 99  0  0  0 2026-10-04 13:18:42
 0  0      0 340692  51212 1059092    0    0     0   610  498  472  0  0 99  0  0  0 2026-10-04 13:18:52
 0  0      0 340692  51220 1058544    0    0     0    10  546  505  0  0 99  0  0  0 2026-10-04 13:19:02
 0  0      0 340440  51220 1058572    0    0     0     0 1306  832  3  1 96  0  0  0 2026-10-04 13:19:12
 0  0      0 338904  51220 1058596    0    0     0   631 4353 2421  8  4 88  0  0  0 2026-10-04 13:19:22
procs -----------memory---------- ---swap-- -----io---- -system-- -------cpu------- -----timestamp-----
 r  b   swpd   free   buff  cache   si   so    bi    bo   in   cs us sy id wa st gu                 UTC
 0  0      0 335196  51228 1059752    0    0     0     7 6301 3718 13  8 78  0  0  0 2026-10-04 13:19:32
 1  0      0 330656  51228 1060904    0    0     0     5 7715 4663 17 10 73  0  0  0 2026-10-04 13:19:42
 1  0      0 326624  51228 1062352    0    0     0   648 9320 5674 21 12 66  0  1  0 2026-10-04 13:19:52
 1  0      0 317832  51236 1064148    0    0     0    10 10366 6339 26 15 56  0  3  0 2026-10-04 13:20:02
 1  0      0 333612  51236 1064796    0    0     0     2 11645 6601 25 16 60  0  0  0 2026-10-04 13:20:12
 6  0      0 334756  51236 1064824    0    0     0   602 11181 6549 27 16 57  0  0  0 2026-10-04 13:20:22
 2  0      0 327144  51244 1064832    0    0     0     7 10704 6542 27 15 58  0  0  0 2026-10-04 13:20:32
 0  0      0 327112  51244 1064836    0    0     0     3 11194 6627 25 15 60  0  0  0 2026-10-04 13:20:42
 1  0      0 324368  51244 1064860    0    0     0   576 11071 6818 28 15 57  0  0  0 2026-10-04 13:20:52
 0  0      0 320864  51252 1064964    0    0     0   293 10941 6681 27 15 56  0  1  0 2026-10-04 13:21:02
 1  0      0 320864  51252 1064968    0    0     0     2 11247 6652 25 15 59  0  0  0 2026-10-04 13:21:12
 1  0      0 320416  51252 1064976    0    0     0     0 11171 6819 26 15 59  0  0  0 2026-10-04 13:21:22
 1  0      0 318400  51260 1064988    0    0     0   602 10898 6727 27 15 57  0  0  0 2026-10-04 13:21:32
 1  0      0 318400  51260 1064992    0    0     0     3 10937 6934 28 15 57  0  0  0 2026-10-04 13:21:42
 6  0      0 318400  51260 1064996    0    0     0     1 10936 6952 27 16 57  0  1  0 2026-10-04 13:21:52
 0  0      0 318148  51268 1065016    0    0     0   546 11139 6786 27 16 56  0  1  0 2026-10-04 13:22:02
 0  0      0 318148  51268 1065020    0    0     0     2 11166 6485 24 14 61  0  0  0 2026-10-04 13:22:12
 0  0      0 317924  51268 1065032    0    0     0     0 11119 6737 26 16 58  0  0  0 2026-10-04 13:22:22
 2  0      0 317476  51276 1065036    0    0     0   592 11121 6790 26 16 58  0  0  0 2026-10-04 13:22:32
 1  0      0 317192  51276 1065044    0    0     0     2 10913 6743 27 15 58  0  0  0 2026-10-04 13:22:42
 0  0      0 317192  51276 1065052    0    0     0     0 11130 7010 28 16 56  0  0  0 2026-10-04 13:22:52
procs -----------memory---------- ---swap-- -----io---- -system-- -------cpu------- -----timestamp-----
 r  b   swpd   free   buff  cache   si   so    bi    bo   in   cs us sy id wa st gu                 UTC
 1  0      0 316688  51284 1065196    0    0     0   623 10907 6961 29 16 54  0  1  0 2026-10-04 13:23:02
 1  0      0 316688  51284 1065204    0    0     0     3 10854 6966 28 15 57  0  0  0 2026-10-04 13:23:12
 0  0      0 316688  51284 1065212    0    0     0     0 8406 5420 19 12 69  0  0  0 2026-10-04 13:23:22
 0  0      0 316688  51292 1065216    0    0     0   642 3701 2371  7  4 89  0  0  0 2026-10-04 13:23:32
 0  0      0 345680  51292 1059904    0    0     0     2  838  514  0  1 98  0  0  0 2026-10-04 13:23:42
 0  0      0 345428  51292 1059908    0    0     0     1  491  460  0  0 99  0  0  0 2026-10-04 13:23:52
 0  0      0 343664  51300 1059304    0    0     0   585  546  509  0  0 99  0  0  0 2026-10-04 13:24:02
 0  0      0 343664  51300 1059312    0    0     0     2  486  466  0  0 100  0  0  0 2026-10-04 13:24:12
 1  0      0 342460  51300 1059352    0    0     0     0 4434 2459 10  5 86  0  0  0 2026-10-04 13:24:22
 0  0      0 337216  51308 1060664    0    0     0   625 6818 3936 14  8 78  0  0  0 2026-10-04 13:24:32
 1  0      0 331076  51308 1062220    0    0     0     0 8929 5307 20 12 68  0  0  0 2026-10-04 13:24:42
 1  0      0 321572  51308 1063964    0    0     0     8 10525 6361 25 15 60  0  0  0 2026-10-04 13:24:52
 2  0      0 311992  51316 1066000    0    0     0   693 11920 7282 31 18 49  0  2  0 2026-10-04 13:25:02
 1  0      0 306712  51316 1067636    0    0     0     0 13541 8170 35 21 44  0  0  0 2026-10-04 13:25:12
 3  0      0 304832  51316 1067876    0    0     0     2 12937 8055 34 19 47  0  0  0 2026-10-04 13:25:22
 0  0      0 304328  51320 1067880    0    0     0   546 13195 8252 35 19 45  0  0  0 2026-10-04 13:25:32
 2  0      0 303528  51320 1068012    0    0     0     1 13078 8165 36 19 44  0  0  0 2026-10-04 13:25:42
 5  0      0 302860  51320 1068016    0    0     0     2 13065 8015 34 19 46  0  0  0 2026-10-04 13:25:52
 2  0      0 299528  51324 1068420    0    0     0   423 13055 7928 34 19 45  0  1  0 2026-10-04 13:26:02
 1  0      0 297928  51324 1068428    0    0     0   282 13939 7653 31 19 51  0  0  0 2026-10-04 13:26:12
 1  0      0 299468  51324 1068440    0    0     0     2 13456 7764 32 18 49  0  0  0 2026-10-04 13:26:22
procs -----------memory---------- ---swap-- -----io---- -system-- -------cpu------- -----timestamp-----
 r  b   swpd   free   buff  cache   si   so    bi    bo   in   cs us sy id wa st gu                 UTC
 2  0      0 299468  51332 1068444    0    0     0     5 13412 7985 33 19 48  0  0  0 2026-10-04 13:26:32
 0  0      0 299468  51332 1068452    0    0     0   586 13016 8186 35 20 46  0  0  0 2026-10-04 13:26:42
 2  0      0 299468  51332 1068456    0    0     0     3 13270 7992 34 19 47  0  1  0 2026-10-04 13:26:52
 1  0      0 296540  51340 1068520    0    0     0    12 13182 7934 34 20 45  0  1  0 2026-10-04 13:27:02
 3  0      0 306084  51340 1068528    0    0     0   553 13522 7967 33 19 48  0  0  0 2026-10-04 13:27:12
 3  0      0 305636  51340 1068532    0    0     0     2 13275 8218 34 20 46  0  0  0 2026-10-04 13:27:22
 0  0      0 303060  51348 1068536    0    0     0     4 13064 7987 33 20 47  0  0  0 2026-10-04 13:27:32
 1  0      0 301296  51348 1068540    0    0     0   619 13409 8075 33 19 47  0  0  0 2026-10-04 13:27:42
 0  0      0 301300  51348 1068548    0    0     0     2 13607 7847 31 19 50  0  0  0 2026-10-04 13:27:52
 1  0      0 298552  51356 1068756    0    0     0     7 13445 7735 33 18 47  0  2  0 2026-10-04 13:28:02
 6  0      0 298552  51356 1068760    0    0     0   635 13366 7635 32 18 50  0  0  0 2026-10-04 13:28:12
 0  0      0 298264  51356 1068824    0    0     0     4 12214 7458 28 16 55  0  0  0 2026-10-04 13:28:22
 0  0      0 298264  51364 1068836    0    0     0     6 7089 4556 16  9 75  0  0  0 2026-10-04 13:28:32
 0  0      0 319548  51364 1068840    0    0     0   576 1301  900  2  1 97  0  0  0 2026-10-04 13:28:42
 0  0      0 364844  51364 1060836    0    0     0     2  919  497  0  1 98  0  0  0 2026-10-04 13:28:52
 0  0      0 365888  51372 1060340    0    0     0    11  505  482  0  0 99  0  0  0 2026-10-04 13:29:02
 0  0      0 366708  51372 1060056    0    0     0   602  507  481  0  0 99  0  0  0 2026-10-04 13:29:12
 0  0      0 366708  51372 1060060    0    0     0     0  487  464  0  0 99  0  0  0 2026-10-04 13:29:22
 0  0      0 367548  51376 1059920    0    0     0     6  524  491  0  0 99  0  0  0 2026-10-04 13:29:32
 0  0      0 367548  51376 1059892    0    0     0   529  516  481  0  0 99  0  0  0 2026-10-04 13:29:42
