procs -----------memory---------- ---swap-- -----io---- -system-- -------cpu------- -----timestamp-----
 r  b   swpd   free   buff  cache   si   so    bi    bo   in   cs us sy id wa st gu                 UTC
 8  0      0 325496  51536 1059880    0    0    23   309 1822    6  4  2 94  0  0  0 2026-10-04 13:32:39
 0  0      0 342092  51536 1059972    0    0     0   682 1136  856  3  1 96  0  0  0 2026-10-04 13:32:49
 0  0      0 338972  51548 1060180    0    0     0    26 1108  884  2  1 97  0  0  0 2026-10-04 13:32:59
 0  0      0 334812  51548 1060436    0    0     0     8 1494 1059  4  2 94  0  0  0 2026-10-04 13:33:09
 0  0      0 326524  51548 1060440    0    0     0  1984 2180 1352  5  2 93  0  0  0 2026-10-04 13:33:19
 0  0      0 325292  51556 1060444    0    0     0     7 2399 1461  4  3 93  0  0  0 2026-10-04 13:33:29
 0  0      0 323052  51556 1060448    0    0     0     9 2690 1618  5  3 92  0  0  0 2026-10-04 13:33:39
 0  0      0 322924  51556 1060580    0    0     0   506 2740 1665  5  3 92  0  1  0 2026-10-04 13:33:49
 0  0      0 322028  51564 1060592    0    0     0     4 2720 1663  5  3 92  0  0  0 2026-10-04 13:33:59
 0  0      0 318248  51564 1060612    0    0     0     9 2826 1709  7  3 89  0  1  0 2026-10-04 13:34:09
 0  0      0 317548  51564 1060620    0    0     0     0 2680 1621  5  3 92  0  0  0 2026-10-04 13:34:19
 1  0      0 317548  51568 1060624    0    0     0   684 2743 1684  5  2 92  0  0  0 2026-10-04 13:34:29
 0  0      0 317548  51568 1060628    0    0     0     2 2720 1697  5  3 92  0  0  0 2026-10-04 13:34:39
 0  0      0 317548  51568 1060636    0    0     0     0 2754 1717  6  3 91  0  0  0 2026-10-04 13:34:49
 0  0      0 317548  51572 1060644    0    0     0   597 2775 1741  5  3 92  0  0  0 2026-10-04 13:34:59
 0  0      0 317548  51572 1060656    0    0     0     4 2765 1707  6  3 89  0  2  0 2026-10-04 13:35:09
 0  0      0 317548  51572 1060660    0    0     0     0 2729 1671  5  3 92  0  0  0 2026-10-04 13:35:19
 1  0      0 317548  51580 1060668    0    0     0   740 2702 1675  5  3 92  0  0  0 2026-10-04 13:35:29
 0  0      0 317548  51580 1060672    0    0     0     3 2725 1677  5  3 92  0  0  0 2026-10-04 13:35:39
 0  0      0 317548  51580 1060676    0    0     0     0 2737 1687  6  3 91  0  0  0 2026-10-04 13:35:49
 0  0      0 317548  51588 1060684    0    0     0   841 2704 1699  5  3 92  0  0  0 2026-10-04 13:35:59
procs -----------memory---------- ---swap-- -----io---- -system-- -------cpu------- -----timestamp-----
 r  b   swpd   free   buff  cache   si   so    bi    bo   in   cs us sy id wa st gu                 UTC
 1  0      0 316432  51588 1061168    0    0     0    15 2771 1975  7  4 88  0  1  0 2026-10-04 13:36:09
 0  0      0 316432  51588 1061172    0    0     0     0 2635 1619  5  3 92  0  0  0 2026-10-04 13:36:19
 0  0      0 316432  51600 1061304    0    0     0  1702 2712 1691  5  3 92  0  0  0 2026-10-04 13:36:29
 0  0      0 316432  51600 1061308    0    0     0     8 2772 1738  5  3 92  0  0  0 2026-10-04 13:36:39
 0  0      0 316432  51600 1061320    0    0     0     0 2535 1585  6  3 91  0  0  0 2026-10-04 13:36:49
 0  0      0 316432  51608 1061348    0    0     0   625 1532  995  3  1 96  0  0  0 2026-10-04 13:36:59
 0  0      0 316432  51608 1061352    0    0     0     0  707  585  1  0 99  0  0  0 2026-10-04 13:37:09
 0  0      0 316432  51608 1060872    0    0     0     4  561  481  0  0 99  0  0  0 2026-10-04 13:37:19
 0  0      0 316432  51616 1060876    0    0     0   659  489  469  0  0 99  0  0  0 2026-10-04 13:37:29
 0  0      0 316432  51616 1060880    0    0     0     0  483  463  0  0 100  0  0  0 2026-10-04 13:37:39
 0  0      0 316432  51616 1060912    0    0     0     2 1880 1212  4  2 93  0  0  0 2026-10-04 13:37:49
 1  0      0 316432  51624 1061064    0    0     0   721 3609 2151  7  4 89  0  0  0 2026-10-04 13:37:59
 0  0      0 313680  51624 1062044    0    0     0     0 5135 3086 11  6 81  0  2  0 2026-10-04 13:38:09
 0  0      0 311408  51624 1062744    0    0     0    10 6267 3762 12  8 80  0  0  0 2026-10-04 13:38:19
 2  0      0 308448  51636 1063448    0    0     0     7 7438 4534 15  9 76  0  0  0 2026-10-04 13:38:29
 2  0      0 305716  51636 1064336    0    0     0   875 8297 5201 19 11 69  0  0  0 2026-10-04 13:38:39
 1  0      0 304072  51636 1064728    0    0     0     4 8464 5365 20 12 68  0  0  0 2026-10-04 13:38:49
 0  0      0 303400  51644 1064736    0    0     0     5 8455 5403 19 11 69  0  0  0 2026-10-04 13:38:59
 1  0      0 302712  51644 1064972    0    0     0   577 8462 5078 18 11 70  0  1  0 2026-10-04 13:39:09
 1  0      0 302248  51644 1065104    0    0     0     2 8598 5144 16 10 73  0  0  0 2026-10-04 13:39:19
 0  0      0 302248  51652 1065108    0    0     0     4 8621 5205 17 10 73  0  0  0 2026-10-04 13:39:29
procs -----------memory---------- ---swap-- -----io---- -system-- -------cpu------- -----timestamp-----
 r  b   swpd   free   buff  cache   si   so    bi    bo   in   cs us sy id wa st gu                 UTC
 1  0      0 302248  51652 1065120    0    0     0   593 8463 5173 17 11 72  0  0  0 2026-10-04 13:39:39
 2  0      0 302248  51652 1065128    0    0     0     2 8398 5282 18 11 70  0  1  0 2026-10-04 13:39:49
 0  0      0 301672  51660 1065260    0    0     0     6 8479 5334 18 11 71  0  0  0 2026-10-04 13:39:59
 0  0      0 300304  51660 1065380    0    0     0   699 8421 5044 19 11 68  0  2  0 2026-10-04 13:40:09
 2  0      0 300080  51660 1065384    0    0     0     4 8567 5133 17 11 71  0  0  0 2026-10-04 13:40:19
 1  0      0 300080  51668 1065388    0    0     0     9 8423 5128 17 11 72  0  0  0 2026-10-04 13:40:29
 0  0      0 300080  51668 1065396    0    0     0   652 8375 5168 19 11 70  0  0  0 2026-10-04 13:40:39
 0  0      0 300080  51668 1065408    0    0     0     0 8548 4971 17 10 72  0  1  0 2026-10-04 13:40:49
 1  0      0 300080  51676 1065416    0    0     0   548 8610 5192 17 10 72  0  0  0 2026-10-04 13:40:59
 0  0      0 300080  51676 1065428    0    0     0   410 8349 5368 21 11 67  0  1  0 2026-10-04 13:41:09
 2  0      0 299828  51676 1065444    0    0     0     0 8315 5178 20 11 69  0  0  0 2026-10-04 13:41:19
 0  0      0 299828  51684 1065448    0    0     0    10 8307 5304 19 11 71  0  0  0 2026-10-04 13:41:29
 1  0      0 299828  51684 1065460    0    0     0   704 8361 5376 21 11 67  0  0  0 2026-10-04 13:41:39
 1  0      0 299828  51684 1065464    0    0     0     2 8020 5044 19 11 69  0  1  0 2026-10-04 13:41:49
 0  0      0 299828  51692 1065472    0    0     0     7 5390 3421 11  6 82  0  0  0 2026-10-04 13:41:59
 0  0      0 315496  51692 1065476    0    0     0   720 1627 1107  3  2 95  0  1  0 2026-10-04 13:42:09
 0  0      0 327056  51692 1062900    0    0     0     0  787  494  0  1 99  0  0  0 2026-10-04 13:42:19
 0  0      0 327056  51700 1062904    0    0     0    10  485  460  0  0 100  0  0  0 2026-10-04 13:42:29
 1  0      0 327056  51700 1062908    0    0     0   487  487  465  0  0 99  0  0  0 2026-10-04 13:42:39
 0  0      0 323544  51700 1062860    0    0     0     0 1405  945  5  1 93  0  0  0 2026-10-04 13:42:49
 0  0      0 313716  51708 1062864    0    0     0     7 4336 2509 10  5 85  0  0  0 2026-10-04 13:42:59
procs -----------memory---------- ---swap-- -----io---- -system-- -------cpu------- -----timestamp-----
 r  b   swpd   free   buff  cache   si   so    bi    bo   in   cs us sy id wa st gu                 UTC
 0  0      0 312596  51708 1063388    0    0     0   727 6425 3750 13  8 78  0  1  0 2026-10-04 13:43:09
 1  0      0 310312  51708 1064428    0    0     0     6 7942 4732 17 10 73  0  0  0 2026-10-04 13:43:19
 0  0      0 306416  51716 1065600    0    0     0     7 9185 5570 21 12 67  0  0  0 2026-10-04 13:43:29
 0  0      0 302580  51716 1066844    0    0     0     3 10587 6549 24 14 61  0  0  0 2026-10-04 13:43:39
 1  0      0 297252  51716 1068132    0    0     0   643 11652 7129 29 16 54  0  0  0 2026-10-04 13:43:49
 2  0      0 296996  51728 1068136    0    0     0     8 10919 6778 26 15 58  0  0  0 2026-10-04 13:43:59
 1  0      0 296548  51728 1068144    0    0     0     0 10668 6726 27 15 56  0  2  0 2026-10-04 13:44:09
 2  0      0 296548  51728 1068148    0    0     0   620 11098 6906 26 16 58  0  0  0 2026-10-04 13:44:19
 0  0      0 296548  51736 1068160    0    0     0     9 10852 6945 27 15 58  0  0  0 2026-10-04 13:44:29
 1  0      0 295524  51736 1068292    0    0     0     1 11023 6944 27 15 58  0  0  0 2026-10-04 13:44:39
 1  0      0 287228  51736 1071096    0    0     0   591 10824 7632 31 17 51  0  0  0 2026-10-04 13:44:49
 0  0      0 174140  51744 1083396    0    0     0    47 5355 4884 16 10 73  0  0  0 2026-10-04 13:44:59
 1  0      0 144568  51744 1079776    0    0     0  3277 11080 9164 34 21 43  0  2  0 2026-10-04 13:45:09
 2  0      0 150796  51744 1079780    0    0     0  1380 11935 6486 25 16 59  0  0  0 2026-10-04 13:45:19
 1  0      0 222988  51752 1079784    0    0     0    12 10671 6213 23 14 63  0  0  0 2026-10-04 13:45:29
 0  0      0 221624  51752 1079336    0    0     0   152 10650 6273 22 14 63  0  0  0 2026-10-04 13:45:39
 1  0      0 192784  51752 1079356    0    0     0   614 11106 6619 29 16 54  0  1  0 2026-10-04 13:45:49
 0  0      0 187912  51756 1079360    0    0     0     4 11386 6875 26 15 59  0  0  0 2026-10-04 13:45:59
 1  0      0 188132  51756 1079448    0    0     0     2 11106 6403 25 15 59  0  2  0 2026-10-04 13:46:09
 2  0      0 187880  51756 1079408    0    0     0   690 11228 6601 22 15 63  0  0  0 2026-10-04 13:46:19
 1  0      0 186116  51768 1079296    0    0     0    13 11088 6858 26 15 59  0  0  0 2026-10-04 13:46:29
procs -----------memory---------- ---swap-- -----io---- -system-- -------cpu------- -----timestamp-----
 r  b   swpd   free   buff  cache   si   so    bi    bo   in   cs us sy id wa st gu                 UTC
 1  0      0 185360  51768 1079300    0    0     0     3 11119 7000 27 16 57  0  0  0 2026-10-04 13:46:39
 0  0      0 185360  51768 1079308    0    0     0   590 10834 6816 27 15 58  0  0  0 2026-10-04 13:46:49
 0  0      0 185360  51776 1078968    0    0     0     6 8649 5542 20 12 68  0  0  0 2026-10-04 13:46:59
 0  0      0 185360  51776 1078976    0    0     0     2 3646 2318  8  5 87  0  1  0 2026-10-04 13:47:09
 0  0      0 261760  51776 1072956    0    0     0   665  909  564  1  1 98  0  0  0 2026-10-04 13:47:19
 0  0      0 261760  51784 1072960    0    0     0     8  488  461  0  0 99  0  0  0 2026-10-04 13:47:29
 0  0      0 261760  51784 1072964    0    0     0     3  491  460  0  0 99  0  0  0 2026-10-04 13:47:39
 0  0      0 261760  51784 1072972    0    0     0   560  548  525  0  0 99  0  0  0 2026-10-04 13:47:49
 0  0      0 266864  51792 1073016    0    0     0     6 4146 2267 10  5 85  0  0  0 2026-10-04 13:47:59
 0  0      0 260308  51792 1073020    0    0     0     2 6640 3699 12  8 78  0  1  0 2026-10-04 13:48:09
 0  0      0 253224  51792 1073028    0    0     0     5 8860 5216 19 11 70  0  0  0 2026-10-04 13:48:19
 1  0      0 242824  51800 1074260    0    0     0   751 10787 6272 22 14 65  0  0  0 2026-10-04 13:48:29
 0  0      0 227396  51800 1075716    0    0     0     5 12371 6976 26 16 58  0  0  0 2026-10-04 13:48:39
 0  0      0 220748  51800 1077392    0    0     0     0 13948 7812 30 19 50  0  1  0 2026-10-04 13:48:49
 1  0      0 218956  51808 1077684    0    0     0   716 13515 7811 30 18 51  0  0  0 2026-10-04 13:48:59
 0  0      0 216684  51808 1078164    0    0     0     5 13719 7625 31 19 50  0  1  0 2026-10-04 13:49:09
 1  0      0 213996  51808 1078168    0    0     0     0 13882 7638 30 18 52  0  0  0 2026-10-04 13:49:19
 2  0      0 212540  51816 1078172    0    0     0   772 13564 7628 29 18 53  0  0  0 2026-10-04 13:49:29
 0  0      0 212544  51816 1078176    0    0     0     4 13838 7621 29 18 52  0  0  0 2026-10-04 13:49:39
 1  0      0 209856  51816 1078196    0    0     0     0 13773 7677 33 18 49  0  0  0 2026-10-04 13:49:49
 1  0      0 209856  51824 1078204    0    0     0   617 13585 7748 32 18 50  0  0  0 2026-10-04 13:49:59
procs -----------memory---------- ---swap-- -----io---- -system-- -------cpu------- -----timestamp-----
 r  b   swpd   free   buff  cache   si   so    bi    bo   in   cs us sy id wa st gu                 UTC
 0  0      0 208008  51824 1078216    0    0     0     2 13231 7685 33 20 45  0  2  0 2026-10-04 13:50:09
 0  0      0 172900  51824 1090028    0    0     0  1647 10697 8989 36 20 44  0  0  0 2026-10-04 13:50:19
 0  0      0 146096  51696 1068008    0    0     0  2228 5295 3618  9  8 82  0  0  0 2026-10-04 13:50:29
 0  0      0 121268  51696 1072348    0    0     0     5 13336 10247 41 24 34  0  0  0 2026-10-04 13:50:39
 2  0      0 122268  51696 1072284    0    0     0  1959 14238 7634 33 20 46  0  0  0 2026-10-04 13:50:49
 2  0      0 175980  51704 1072296    0    0     0  2301 13464 7448 29 18 53  0  0  0 2026-10-04 13:50:59
 1  0      0 169960  51704 1072160    0    0     0     0 13183 7410 32 19 48  0  1  0 2026-10-04 13:51:09
 0  0      0 169832  51704 1072284    0    0     0     5 13953 7581 31 18 51  0  0  0 2026-10-04 13:51:19
 3  0      0 169832  51708 1072288    0    0     0   725 13674 7734 30 18 51  0  0  0 2026-10-04 13:51:29
 0  0      0 169832  51708 1072284    0    0     0     5 13694 7575 30 18 52  0  0  0 2026-10-04 13:51:39
 1  0      0 164540  51708 1072296    0    0     0     2 13606 7448 32 19 48  0  1  0 2026-10-04 13:51:49
 2  0      0 164540  51712 1072296    0    0     0   654 12712 7291 26 16 57  0  0  0 2026-10-04 13:51:59
 0  0      0 164540  51712 1072320    0    0     0     3 7595 4607 17 10 72  0  2  0 2026-10-04 13:52:09
 0  0      0 164540  51712 1072308    0    0     0     2 1517 1017  2  1 96  0  0  0 2026-10-04 13:52:19
 0  0      0 293144  51712 1057988    0    0     0   756 1070  518  1  2 97  0  0  0 2026-10-04 13:52:29
 0  0      0 293144  51720 1057992    0    0     0    10  485  466  0  0 99  0  0  0 2026-10-04 13:52:39
 0  0      0 292904  51720 1058000    0    0     0     2  521  503  0  0 99  0  0  0 2026-10-04 13:52:49
 0  0      0 293156  51720 1058004    0    0     0   519  540  533  0  0 99  0  0  0 2026-10-04 13:52:59
 0  0      0 295208  51728 1056392    0    0     0     4  553  526  0  0 99  0  0  0 2026-10-04 13:53:09
 0  0      0 295568  51728 1056260    0    0     0     3  496  470  0  0 100  0  0  0 2026-10-04 13:53:19
 0  1      0 295568  51728 1056264    0    0     0   378  490  469  0  0 99  0  0  0 2026-10-04 13:53:29
